02-21 10:50:09.738   566  1172 D WifiService: acquireWifiLockLocked: WifiLock{com.google.cast.receiver.WifiLockManager type=1 uid=10000}
02-21 10:50:12.789   566  3370 I ActivityManager: Start proc 5655:com.android.vending/u0a27 for service com.android.vending/com.google.android.finsky.datasync.CacheAndSyncTaskService
02-21 10:50:12.789   566  3370 W ActivityManager: Slow operation: 55ms so far, now at startProcess: done starting proc!
02-21 10:50:16.356   566  1174 I ActivityManager: Start proc 5770:android.process.media/u0a7 for content provider com.android.providers.downloads/.DownloadProvider
02-21 10:50:18.161   566   566 V NotificationService: pkg=com.antutu.ABenchMark canInterrupt=false intercept=true
02-21 10:50:18.219   566   566 V NotificationService: pkg=com.antutu.ABenchMark canInterrupt=false intercept=true
02-21 10:50:24.829   566 27760 I WindowManager: Destroying surface Surface(name=SurfaceView - com.ifeelsmart.smartui/com.ifeelsmart.common.IFSNativeActivityImpl) called by com.android.server.wm.WindowStateAnimator.destroyDeferredSurfaceLocked:911 com.android.server.wm.WindowManagerService.performDeferredDestroyWindow:3121 com.android.server.wm.Session.performDeferredDestroy:234 android.view.IWindowSession$Stub.onTransact:398 com.android.server.wm.Session.onTransact:145 android.os.Binder.execTransact:565 <bottom of call stack> <bottom of call stack> 
02-21 10:50:28.346   566   566 V NotificationService: pkg=com.antutu.ABenchMark canInterrupt=false intercept=true
02-21 10:50:28.440   566   566 V NotificationService: pkg=com.antutu.ABenchMark canInterrupt=false intercept=true
02-21 10:50:29.190   566   578 I WindowManager: Destroying surface Surface(name=SurfaceView - com.ifeelsmart.smartui/com.ifeelsmart.common.IFSNativeActivityImpl) called by com.android.server.wm.WindowStateAnimator.destroyDeferredSurfaceLocked:911 com.android.server.wm.WindowManagerService.performDeferredDestroyWindow:3121 com.android.server.wm.Session.performDeferredDestroy:234 android.view.IWindowSession$Stub.onTransact:398 com.android.server.wm.Session.onTransact:145 android.os.Binder.execTransact:565 <bottom of call stack> <bottom of call stack> 
02-21 10:50:33.149   566  1201 I WindowManager: Destroying surface Surface(name=SurfaceView - com.ifeelsmart.smartui/com.ifeelsmart.common.IFSNativeActivityImpl) called by com.android.server.wm.WindowStateAnimator.destroyDeferredSurfaceLocked:911 com.android.server.wm.WindowManagerService.performDeferredDestroyWindow:3121 com.android.server.wm.Session.performDeferredDestroy:234 android.view.IWindowSession$Stub.onTransact:398 com.android.server.wm.Session.onTransact:145 android.os.Binder.execTransact:565 <bottom of call stack> <bottom of call stack> 
02-21 10:50:38.535   566   566 V NotificationService: pkg=com.antutu.ABenchMark canInterrupt=false intercept=true
02-21 10:50:38.607   566   566 V NotificationService: pkg=com.antutu.ABenchMark canInterrupt=false intercept=true
02-21 10:50:48.620   566   566 V NotificationService: pkg=com.antutu.ABenchMark canInterrupt=false intercept=true
02-21 10:50:48.660   566   566 V NotificationService: pkg=com.antutu.ABenchMark canInterrupt=false intercept=true
02-21 10:50:58.706   566   566 V NotificationService: pkg=com.antutu.ABenchMark canInterrupt=false intercept=true
02-21 10:50:58.732   566   566 V NotificationService: pkg=com.antutu.ABenchMark canInterrupt=false intercept=true
02-21 10:51:08.742   566   566 V NotificationService: pkg=com.antutu.ABenchMark canInterrupt=false intercept=true
02-21 10:51:08.799   566   566 V NotificationService: pkg=com.antutu.ABenchMark canInterrupt=false intercept=true
02-21 10:51:18.811   566   566 V NotificationService: pkg=com.antutu.ABenchMark canInterrupt=false intercept=true
02-21 10:51:18.845   566   566 V NotificationService: pkg=com.antutu.ABenchMark canInterrupt=false intercept=true
02-21 10:51:28.862   566   566 V NotificationService: pkg=com.antutu.ABenchMark canInterrupt=false intercept=true
02-21 10:51:28.906   566   566 V NotificationService: pkg=com.antutu.ABenchMark canInterrupt=false intercept=true
02-21 10:51:38.964   566   566 V NotificationService: pkg=com.antutu.ABenchMark canInterrupt=false intercept=true
02-21 10:51:38.980   566   566 V NotificationService: pkg=com.antutu.ABenchMark canInterrupt=false intercept=true
02-21 10:51:48.980   566   566 V NotificationService: pkg=com.antutu.ABenchMark canInterrupt=false intercept=true
02-21 10:51:49.047   566   566 V NotificationService: pkg=com.antutu.ABenchMark canInterrupt=false intercept=true
02-21 10:51:59.063   566   566 V NotificationService: pkg=com.antutu.ABenchMark canInterrupt=false intercept=true
02-21 10:51:59.102   566   566 V NotificationService: pkg=com.antutu.ABenchMark canInterrupt=false intercept=true
02-21 10:52:00.008   566   566 I ActivityManager: Killing 29685:com.google.android.play.games/u0a54 (adj 906): empty for 1821s
02-21 10:52:00.037   566  1144 D ActivityManager: cleanUpApplicationRecord -- 29685
02-21 10:52:00.092   566   582 W libprocessgroup: failed to kill pid 29685: No such process
02-21 10:52:09.120   566   566 V NotificationService: pkg=com.antutu.ABenchMark canInterrupt=false intercept=true
02-21 10:52:09.155   566   566 V NotificationService: pkg=com.antutu.ABenchMark canInterrupt=false intercept=true
02-21 10:52:15.302   566   566 V NotificationService: pkg=com.antutu.ABenchMark canInterrupt=false intercept=true
02-21 10:52:15.477   566   566 V NotificationService: pkg=com.antutu.ABenchMark canInterrupt=false intercept=true
02-21 10:52:19.157   566   566 V NotificationService: pkg=com.antutu.ABenchMark canInterrupt=false intercept=true
02-21 10:52:19.207   566   566 V NotificationService: pkg=com.antutu.ABenchMark canInterrupt=false intercept=true
02-21 10:52:29.254   566   566 V NotificationService: pkg=com.antutu.ABenchMark canInterrupt=false intercept=true
02-21 10:52:29.287   566   566 V NotificationService: pkg=com.antutu.ABenchMark canInterrupt=false intercept=true
02-21 10:52:39.297   566   566 V NotificationService: pkg=com.antutu.ABenchMark canInterrupt=false intercept=true
02-21 10:52:39.367   566   566 V NotificationService: pkg=com.antutu.ABenchMark canInterrupt=false intercept=true
02-21 10:52:39.592   566  1201 I WindowManager: Destroying surface Surface(name=SurfaceView - com.ifeelsmart.smartui/com.ifeelsmart.common.IFSNativeActivityImpl) called by com.android.server.wm.WindowStateAnimator.destroyDeferredSurfaceLocked:911 com.android.server.wm.WindowManagerService.performDeferredDestroyWindow:3121 com.android.server.wm.Session.performDeferredDestroy:234 android.view.IWindowSession$Stub.onTransact:398 com.android.server.wm.Session.onTransact:145 android.os.Binder.execTransact:565 <bottom of call stack> <bottom of call stack> 
02-21 10:52:43.558   566   858 I WindowManager: Destroying surface Surface(name=SurfaceView - com.ifeelsmart.smartui/com.ifeelsmart.common.IFSNativeActivityImpl) called by com.android.server.wm.WindowStateAnimator.destroyDeferredSurfaceLocked:911 com.android.server.wm.WindowManagerService.performDeferredDestroyWindow:3121 com.android.server.wm.Session.performDeferredDestroy:234 android.view.IWindowSession$Stub.onTransact:398 com.android.server.wm.Session.onTransact:145 android.os.Binder.execTransact:565 <bottom of call stack> <bottom of call stack> 
02-21 10:52:47.594   566  3371 I WindowManager: Destroying surface Surface(name=SurfaceView - com.ifeelsmart.smartui/com.ifeelsmart.common.IFSNativeActivityImpl) called by com.android.server.wm.WindowStateAnimator.destroyDeferredSurfaceLocked:911 com.android.server.wm.WindowManagerService.performDeferredDestroyWindow:3121 com.android.server.wm.Session.performDeferredDestroy:234 android.view.IWindowSession$Stub.onTransact:398 com.android.server.wm.Session.onTransact:145 android.os.Binder.execTransact:565 <bottom of call stack> <bottom of call stack> 
02-21 10:52:49.414   566   566 V NotificationService: pkg=com.antutu.ABenchMark canInterrupt=false intercept=true
02-21 10:52:49.446   566   566 V NotificationService: pkg=com.antutu.ABenchMark canInterrupt=false intercept=true
02-21 10:52:59.458   566   566 V NotificationService: pkg=com.antutu.ABenchMark canInterrupt=false intercept=true
02-21 10:52:59.495   566   566 V NotificationService: pkg=com.antutu.ABenchMark canInterrupt=false intercept=true
02-21 10:53:09.506   566   566 V NotificationService: pkg=com.antutu.ABenchMark canInterrupt=false intercept=true
02-21 10:53:09.539   566   566 V NotificationService: pkg=com.antutu.ABenchMark canInterrupt=false intercept=true
02-21 10:53:19.565   566   566 V NotificationService: pkg=com.antutu.ABenchMark canInterrupt=false intercept=true
02-21 10:53:19.617   566   566 V NotificationService: pkg=com.antutu.ABenchMark canInterrupt=false intercept=true
02-21 10:53:29.627   566   566 V NotificationService: pkg=com.antutu.ABenchMark canInterrupt=false intercept=true
02-21 10:53:29.657   566   566 V NotificationService: pkg=com.antutu.ABenchMark canInterrupt=false intercept=true
02-21 10:53:39.677   566   566 V NotificationService: pkg=com.antutu.ABenchMark canInterrupt=false intercept=true
02-21 10:53:39.723   566   566 V NotificationService: pkg=com.antutu.ABenchMark canInterrupt=false intercept=true
02-21 10:53:49.746   566   566 V NotificationService: pkg=com.antutu.ABenchMark canInterrupt=false intercept=true
02-21 10:53:49.797   566   566 V NotificationService: pkg=com.antutu.ABenchMark canInterrupt=false intercept=true
02-21 10:53:59.818   566   566 V NotificationService: pkg=com.antutu.ABenchMark canInterrupt=false intercept=true
02-21 10:53:59.859   566   566 V NotificationService: pkg=com.antutu.ABenchMark canInterrupt=false intercept=true
02-21 10:54:09.879   566   566 V NotificationService: pkg=com.antutu.ABenchMark canInterrupt=false intercept=true
02-21 10:54:09.922   566   566 V NotificationService: pkg=com.antutu.ABenchMark canInterrupt=false intercept=true
02-21 10:54:19.939   566   566 V NotificationService: pkg=com.antutu.ABenchMark canInterrupt=false intercept=true
02-21 10:54:19.973   566   566 V NotificationService: pkg=com.antutu.ABenchMark canInterrupt=false intercept=true
02-21 10:54:29.981   566   566 V NotificationService: pkg=com.antutu.ABenchMark canInterrupt=false intercept=true
02-21 10:54:30.036   566   566 V NotificationService: pkg=com.antutu.ABenchMark canInterrupt=false intercept=true
02-21 10:54:40.058   566   566 V NotificationService: pkg=com.antutu.ABenchMark canInterrupt=false intercept=true
02-21 10:54:40.097   566   566 V NotificationService: pkg=com.antutu.ABenchMark canInterrupt=false intercept=true
02-21 10:54:50.164   566   566 V NotificationService: pkg=com.antutu.ABenchMark canInterrupt=false intercept=true
02-21 10:54:50.172   566   566 V NotificationService: pkg=com.antutu.ABenchMark canInterrupt=false intercept=true
02-21 10:54:53.772   566  1145 I WindowManager: Destroying surface Surface(name=SurfaceView - com.ifeelsmart.smartui/com.ifeelsmart.common.IFSNativeActivityImpl) called by com.android.server.wm.WindowStateAnimator.destroyDeferredSurfaceLocked:911 com.android.server.wm.WindowManagerService.performDeferredDestroyWindow:3121 com.android.server.wm.Session.performDeferredDestroy:234 android.view.IWindowSession$Stub.onTransact:398 com.android.server.wm.Session.onTransact:145 android.os.Binder.execTransact:565 <bottom of call stack> <bottom of call stack> 
02-21 10:54:57.875   566   578 I WindowManager: Destroying surface Surface(name=SurfaceView - com.ifeelsmart.smartui/com.ifeelsmart.common.IFSNativeActivityImpl) called by com.android.server.wm.WindowStateAnimator.destroyDeferredSurfaceLocked:911 com.android.server.wm.WindowManagerService.performDeferredDestroyWindow:3121 com.android.server.wm.Session.performDeferredDestroy:234 android.view.IWindowSession$Stub.onTransact:398 com.android.server.wm.Session.onTransact:145 android.os.Binder.execTransact:565 <bottom of call stack> <bottom of call stack> 
02-21 10:55:00.195   566   566 V NotificationService: pkg=com.antutu.ABenchMark canInterrupt=false intercept=true
02-21 10:55:00.271   566   566 V NotificationService: pkg=com.antutu.ABenchMark canInterrupt=false intercept=true
02-21 10:55:01.937   566   691 I WindowManager: Destroying surface Surface(name=SurfaceView - com.ifeelsmart.smartui/com.ifeelsmart.common.IFSNativeActivityImpl) called by com.android.server.wm.WindowStateAnimator.destroyDeferredSurfaceLocked:911 com.android.server.wm.WindowManagerService.performDeferredDestroyWindow:3121 com.android.server.wm.Session.performDeferredDestroy:234 android.view.IWindowSession$Stub.onTransact:398 com.android.server.wm.Session.onTransact:145 android.os.Binder.execTransact:565 <bottom of call stack> <bottom of call stack> 
02-21 10:55:10.311   566   566 V NotificationService: pkg=com.antutu.ABenchMark canInterrupt=false intercept=true
02-21 10:55:10.395   566   566 V NotificationService: pkg=com.antutu.ABenchMark canInterrupt=false intercept=true
02-21 10:55:20.427   566   566 V NotificationService: pkg=com.antutu.ABenchMark canInterrupt=false intercept=true
02-21 10:55:20.503   566   566 V NotificationService: pkg=com.antutu.ABenchMark canInterrupt=false intercept=true
02-21 10:55:30.523   566   566 V NotificationService: pkg=com.antutu.ABenchMark canInterrupt=false intercept=true
02-21 10:55:30.566   566   566 V NotificationService: pkg=com.antutu.ABenchMark canInterrupt=false intercept=true
02-21 10:55:40.586   566   566 V NotificationService: pkg=com.antutu.ABenchMark canInterrupt=false intercept=true
02-21 10:55:40.652   566   566 V NotificationService: pkg=com.antutu.ABenchMark canInterrupt=false intercept=true
02-21 10:55:50.668   566   566 V NotificationService: pkg=com.antutu.ABenchMark canInterrupt=false intercept=true
02-21 10:55:50.726   566   566 V NotificationService: pkg=com.antutu.ABenchMark canInterrupt=false intercept=true
02-21 10:56:00.746   566   566 V NotificationService: pkg=com.antutu.ABenchMark canInterrupt=false intercept=true
02-21 10:56:00.814   566   566 V NotificationService: pkg=com.antutu.ABenchMark canInterrupt=false intercept=true
02-21 10:56:10.830   566   566 V NotificationService: pkg=com.antutu.ABenchMark canInterrupt=false intercept=true
02-21 10:56:10.888   566   566 V NotificationService: pkg=com.antutu.ABenchMark canInterrupt=false intercept=true
02-21 10:56:20.892   566   566 V NotificationService: pkg=com.antutu.ABenchMark canInterrupt=false intercept=true
02-21 10:56:20.947   566   566 V NotificationService: pkg=com.antutu.ABenchMark canInterrupt=false intercept=true
02-21 10:56:30.973   566   566 V NotificationService: pkg=com.antutu.ABenchMark canInterrupt=false intercept=true
02-21 10:56:31.046   566   566 V NotificationService: pkg=com.antutu.ABenchMark canInterrupt=false intercept=true
02-21 10:56:39.657   566   580 W ProcessCpuTracker: Skipping unknown process pid 11806
02-21 10:56:41.080   566   566 V NotificationService: pkg=com.antutu.ABenchMark canInterrupt=false intercept=true
02-21 10:56:41.158   566   566 V NotificationService: pkg=com.antutu.ABenchMark canInterrupt=false intercept=true
02-21 10:56:51.164   566   566 V NotificationService: pkg=com.antutu.ABenchMark canInterrupt=false intercept=true
02-21 10:56:51.239   566   566 V NotificationService: pkg=com.antutu.ABenchMark canInterrupt=false intercept=true
02-21 10:57:01.288   566   566 V NotificationService: pkg=com.antutu.ABenchMark canInterrupt=false intercept=true
02-21 10:57:01.394   566   566 V NotificationService: pkg=com.antutu.ABenchMark canInterrupt=false intercept=true
02-21 10:57:08.213   566  3371 I WindowManager: Destroying surface Surface(name=SurfaceView - com.ifeelsmart.smartui/com.ifeelsmart.common.IFSNativeActivityImpl) called by com.android.server.wm.WindowStateAnimator.destroyDeferredSurfaceLocked:911 com.android.server.wm.WindowManagerService.performDeferredDestroyWindow:3121 com.android.server.wm.Session.performDeferredDestroy:234 android.view.IWindowSession$Stub.onTransact:398 com.android.server.wm.Session.onTransact:145 android.os.Binder.execTransact:565 <bottom of call stack> <bottom of call stack> 
02-21 10:57:11.415   566   566 V NotificationService: pkg=com.antutu.ABenchMark canInterrupt=false intercept=true
02-21 10:57:11.470   566   566 V NotificationService: pkg=com.antutu.ABenchMark canInterrupt=false intercept=true
02-21 10:57:12.349   566  1201 I WindowManager: Destroying surface Surface(name=SurfaceView - com.ifeelsmart.smartui/com.ifeelsmart.common.IFSNativeActivityImpl) called by com.android.server.wm.WindowStateAnimator.destroyDeferredSurfaceLocked:911 com.android.server.wm.WindowManagerService.performDeferredDestroyWindow:3121 com.android.server.wm.Session.performDeferredDestroy:234 android.view.IWindowSession$Stub.onTransact:398 com.android.server.wm.Session.onTransact:145 android.os.Binder.execTransact:565 <bottom of call stack> <bottom of call stack> 
02-21 10:57:16.336   566   858 I WindowManager: Destroying surface Surface(name=SurfaceView - com.ifeelsmart.smartui/com.ifeelsmart.common.IFSNativeActivityImpl) called by com.android.server.wm.WindowStateAnimator.destroyDeferredSurfaceLocked:911 com.android.server.wm.WindowManagerService.performDeferredDestroyWindow:3121 com.android.server.wm.Session.performDeferredDestroy:234 android.view.IWindowSession$Stub.onTransact:398 com.android.server.wm.Session.onTransact:145 android.os.Binder.execTransact:565 <bottom of call stack> <bottom of call stack> 
02-21 10:57:16.366   566   599 W ActivityManager: Unable to start service Intent { act=com.antutu.ABenchMark.intent.action.COCKROACH flg=0x4 (has extras) } U=0: not found
02-21 10:57:21.519   566   566 V NotificationService: pkg=com.antutu.ABenchMark canInterrupt=false intercept=true
02-21 10:57:21.583   566   566 V NotificationService: pkg=com.antutu.ABenchMark canInterrupt=false intercept=true
02-21 10:57:31.608   566   566 V NotificationService: pkg=com.antutu.ABenchMark canInterrupt=false intercept=true
02-21 10:57:31.642   566   566 V NotificationService: pkg=com.antutu.ABenchMark canInterrupt=false intercept=true
02-21 10:57:41.654   566   566 V NotificationService: pkg=com.antutu.ABenchMark canInterrupt=false intercept=true
02-21 10:57:41.693   566   566 V NotificationService: pkg=com.antutu.ABenchMark canInterrupt=false intercept=true
02-21 10:57:51.761   566   566 V NotificationService: pkg=com.antutu.ABenchMark canInterrupt=false intercept=true
02-21 10:57:51.781   566   566 V NotificationService: pkg=com.antutu.ABenchMark canInterrupt=false intercept=true
02-21 10:58:01.790   566   566 V NotificationService: pkg=com.antutu.ABenchMark canInterrupt=false intercept=true
02-21 10:58:01.853   566   566 V NotificationService: pkg=com.antutu.ABenchMark canInterrupt=false intercept=true
02-21 10:58:11.887   566   566 V NotificationService: pkg=com.antutu.ABenchMark canInterrupt=false intercept=true
02-21 10:58:11.939   566   566 V NotificationService: pkg=com.antutu.ABenchMark canInterrupt=false intercept=true
02-21 10:58:21.964   566   566 V NotificationService: pkg=com.antutu.ABenchMark canInterrupt=false intercept=true
02-21 10:58:22.006   566   566 V NotificationService: pkg=com.antutu.ABenchMark canInterrupt=false intercept=true
02-21 10:58:32.030   566   566 V NotificationService: pkg=com.antutu.ABenchMark canInterrupt=false intercept=true
02-21 10:58:32.078   566   566 V NotificationService: pkg=com.antutu.ABenchMark canInterrupt=false intercept=true
02-21 10:58:42.099   566   566 V NotificationService: pkg=com.antutu.ABenchMark canInterrupt=false intercept=true
02-21 10:58:42.136   566   566 V NotificationService: pkg=com.antutu.ABenchMark canInterrupt=false intercept=true
02-21 10:58:52.149   566   566 V NotificationService: pkg=com.antutu.ABenchMark canInterrupt=false intercept=true
02-21 10:58:52.196   566   566 V NotificationService: pkg=com.antutu.ABenchMark canInterrupt=false intercept=true
02-21 10:59:02.312   566   566 V NotificationService: pkg=com.antutu.ABenchMark canInterrupt=false intercept=true
02-21 10:59:02.329   566   566 V NotificationService: pkg=com.antutu.ABenchMark canInterrupt=false intercept=true
02-21 10:59:12.301   566   566 V NotificationService: pkg=com.antutu.ABenchMark canInterrupt=false intercept=true
02-21 10:59:12.347   566   566 V NotificationService: pkg=com.antutu.ABenchMark canInterrupt=false intercept=true
02-21 10:59:22.366   566   566 V NotificationService: pkg=com.antutu.ABenchMark canInterrupt=false intercept=true
02-21 10:59:22.437   566   566 V NotificationService: pkg=com.antutu.ABenchMark canInterrupt=false intercept=true
02-21 10:59:22.839   566  1144 I WindowManager: Destroying surface Surface(name=SurfaceView - com.ifeelsmart.smartui/com.ifeelsmart.common.IFSNativeActivityImpl) called by com.android.server.wm.WindowStateAnimator.destroyDeferredSurfaceLocked:911 com.android.server.wm.WindowManagerService.performDeferredDestroyWindow:3121 com.android.server.wm.Session.performDeferredDestroy:234 android.view.IWindowSession$Stub.onTransact:398 com.android.server.wm.Session.onTransact:145 android.os.Binder.execTransact:565 <bottom of call stack> <bottom of call stack> 
02-21 10:59:26.852   566  2459 I WindowManager: Destroying surface Surface(name=SurfaceView - com.ifeelsmart.smartui/com.ifeelsmart.common.IFSNativeActivityImpl) called by com.android.server.wm.WindowStateAnimator.destroyDeferredSurfaceLocked:911 com.android.server.wm.WindowManagerService.performDeferredDestroyWindow:3121 com.android.server.wm.Session.performDeferredDestroy:234 android.view.IWindowSession$Stub.onTransact:398 com.android.server.wm.Session.onTransact:145 android.os.Binder.execTransact:565 <bottom of call stack> <bottom of call stack> 
02-21 10:59:30.987   566  1144 I WindowManager: Destroying surface Surface(name=SurfaceView - com.ifeelsmart.smartui/com.ifeelsmart.common.IFSNativeActivityImpl) called by com.android.server.wm.WindowStateAnimator.destroyDeferredSurfaceLocked:911 com.android.server.wm.WindowManagerService.performDeferredDestroyWindow:3121 com.android.server.wm.Session.performDeferredDestroy:234 android.view.IWindowSession$Stub.onTransact:398 com.android.server.wm.Session.onTransact:145 android.os.Binder.execTransact:565 <bottom of call stack> <bottom of call stack> 
02-21 10:59:32.476   566   566 V NotificationService: pkg=com.antutu.ABenchMark canInterrupt=false intercept=true
02-21 10:59:32.522   566   566 V NotificationService: pkg=com.antutu.ABenchMark canInterrupt=false intercept=true
02-21 10:59:42.562   566   566 V NotificationService: pkg=com.antutu.ABenchMark canInterrupt=false intercept=true
02-21 10:59:42.640   566   566 V NotificationService: pkg=com.antutu.ABenchMark canInterrupt=false intercept=true
02-21 10:59:52.660   566   566 V NotificationService: pkg=com.antutu.ABenchMark canInterrupt=false intercept=true
02-21 10:59:52.706   566   566 V NotificationService: pkg=com.antutu.ABenchMark canInterrupt=false intercept=true
02-21 11:00:02.727   566   566 V NotificationService: pkg=com.antutu.ABenchMark canInterrupt=false intercept=true
02-21 11:00:02.805   566   566 V NotificationService: pkg=com.antutu.ABenchMark canInterrupt=false intercept=true
02-21 11:00:12.814   566   566 V NotificationService: pkg=com.antutu.ABenchMark canInterrupt=false intercept=true
02-21 11:00:12.868   566   566 V NotificationService: pkg=com.antutu.ABenchMark canInterrupt=false intercept=true
02-21 11:00:22.893   566   566 V NotificationService: pkg=com.antutu.ABenchMark canInterrupt=false intercept=true
02-21 11:00:22.951   566   566 V NotificationService: pkg=com.antutu.ABenchMark canInterrupt=false intercept=true
02-21 11:00:33.003   566   566 V NotificationService: pkg=com.antutu.ABenchMark canInterrupt=false intercept=true
02-21 11:00:33.081   566   566 V NotificationService: pkg=com.antutu.ABenchMark canInterrupt=false intercept=true
02-21 11:00:43.085   566   566 V NotificationService: pkg=com.antutu.ABenchMark canInterrupt=false intercept=true
02-21 11:00:43.125   566   566 V NotificationService: pkg=com.antutu.ABenchMark canInterrupt=false intercept=true
02-21 11:00:53.163   566   566 V NotificationService: pkg=com.antutu.ABenchMark canInterrupt=false intercept=true
02-21 11:00:53.187   566   566 V NotificationService: pkg=com.antutu.ABenchMark canInterrupt=false intercept=true
02-21 11:01:03.174   566   566 V NotificationService: pkg=com.antutu.ABenchMark canInterrupt=false intercept=true
02-21 11:01:03.207   566   566 V NotificationService: pkg=com.antutu.ABenchMark canInterrupt=false intercept=true
02-21 11:01:13.237   566   566 V NotificationService: pkg=com.antutu.ABenchMark canInterrupt=false intercept=true
02-21 11:01:13.271   566   566 V NotificationService: pkg=com.antutu.ABenchMark canInterrupt=false intercept=true
02-21 11:01:23.304   566   566 V NotificationService: pkg=com.antutu.ABenchMark canInterrupt=false intercept=true
02-21 11:01:23.369   566   566 V NotificationService: pkg=com.antutu.ABenchMark canInterrupt=false intercept=true
02-21 11:01:33.434   566   566 V NotificationService: pkg=com.antutu.ABenchMark canInterrupt=false intercept=true
02-21 11:01:33.448   566   566 V NotificationService: pkg=com.antutu.ABenchMark canInterrupt=false intercept=true
02-21 11:01:37.083   566   578 I WindowManager: Destroying surface Surface(name=SurfaceView - com.ifeelsmart.smartui/com.ifeelsmart.common.IFSNativeActivityImpl) called by com.android.server.wm.WindowStateAnimator.destroyDeferredSurfaceLocked:911 com.android.server.wm.WindowManagerService.performDeferredDestroyWindow:3121 com.android.server.wm.Session.performDeferredDestroy:234 android.view.IWindowSession$Stub.onTransact:398 com.android.server.wm.Session.onTransact:145 android.os.Binder.execTransact:565 <bottom of call stack> <bottom of call stack> 
02-21 11:01:41.037   566  2500 I WindowManager: Destroying surface Surface(name=SurfaceView - com.ifeelsmart.smartui/com.ifeelsmart.common.IFSNativeActivityImpl) called by com.android.server.wm.WindowStateAnimator.destroyDeferredSurfaceLocked:911 com.android.server.wm.WindowManagerService.performDeferredDestroyWindow:3121 com.android.server.wm.Session.performDeferredDestroy:234 android.view.IWindowSession$Stub.onTransact:398 com.android.server.wm.Session.onTransact:145 android.os.Binder.execTransact:565 <bottom of call stack> <bottom of call stack> 
02-21 11:01:43.457   566   566 V NotificationService: pkg=com.antutu.ABenchMark canInterrupt=false intercept=true
02-21 11:01:43.537   566   566 V NotificationService: pkg=com.antutu.ABenchMark canInterrupt=false intercept=true
02-21 11:01:45.153   566  1204 I WindowManager: Destroying surface Surface(name=SurfaceView - com.ifeelsmart.smartui/com.ifeelsmart.common.IFSNativeActivityImpl) called by com.android.server.wm.WindowStateAnimator.destroyDeferredSurfaceLocked:911 com.android.server.wm.WindowManagerService.performDeferredDestroyWindow:3121 com.android.server.wm.Session.performDeferredDestroy:234 android.view.IWindowSession$Stub.onTransact:398 com.android.server.wm.Session.onTransact:145 android.os.Binder.execTransact:565 <bottom of call stack> <bottom of call stack> 
02-21 11:01:53.538   566   566 V NotificationService: pkg=com.antutu.ABenchMark canInterrupt=false intercept=true
02-21 11:01:53.581   566   566 V NotificationService: pkg=com.antutu.ABenchMark canInterrupt=false intercept=true
02-21 11:02:00.027   566   580 I ProcessStatsService: Prepared write state in 3ms
02-21 11:02:03.590   566   566 V NotificationService: pkg=com.antutu.ABenchMark canInterrupt=false intercept=true
02-21 11:02:03.638   566   566 V NotificationService: pkg=com.antutu.ABenchMark canInterrupt=false intercept=true
02-21 11:02:13.664   566   566 V NotificationService: pkg=com.antutu.ABenchMark canInterrupt=false intercept=true
02-21 11:02:13.672   566   566 V NotificationService: pkg=com.antutu.ABenchMark canInterrupt=false intercept=true
02-21 11:02:23.691   566   566 V NotificationService: pkg=com.antutu.ABenchMark canInterrupt=false intercept=true
02-21 11:02:23.755   566   566 V NotificationService: pkg=com.antutu.ABenchMark canInterrupt=false intercept=true
02-21 11:02:33.749   566   566 V NotificationService: pkg=com.antutu.ABenchMark canInterrupt=false intercept=true
02-21 11:02:33.825   566   566 V NotificationService: pkg=com.antutu.ABenchMark canInterrupt=false intercept=true
02-21 11:02:43.866   566   566 V NotificationService: pkg=com.antutu.ABenchMark canInterrupt=false intercept=true
02-21 11:02:43.898   566   566 V NotificationService: pkg=com.antutu.ABenchMark canInterrupt=false intercept=true
02-21 11:02:53.907   566   566 V NotificationService: pkg=com.antutu.ABenchMark canInterrupt=false intercept=true
02-21 11:02:53.963   566   566 V NotificationService: pkg=com.antutu.ABenchMark canInterrupt=false intercept=true
02-21 11:02:57.766   566   579 I UsageStatsService: User[0] Flushing usage stats to disk
02-21 11:03:03.972   566   566 V NotificationService: pkg=com.antutu.ABenchMark canInterrupt=false intercept=true
02-21 11:03:04.043   566   566 V NotificationService: pkg=com.antutu.ABenchMark canInterrupt=false intercept=true
02-21 11:03:14.075   566   566 V NotificationService: pkg=com.antutu.ABenchMark canInterrupt=false intercept=true
02-21 11:03:14.178   566   566 V NotificationService: pkg=com.antutu.ABenchMark canInterrupt=false intercept=true
02-21 11:03:24.186   566   566 V NotificationService: pkg=com.antutu.ABenchMark canInterrupt=false intercept=true
02-21 11:03:24.216   566   566 V NotificationService: pkg=com.antutu.ABenchMark canInterrupt=false intercept=true
02-21 11:03:34.273   566   566 V NotificationService: pkg=com.antutu.ABenchMark canInterrupt=false intercept=true
02-21 11:03:34.285   566   566 V NotificationService: pkg=com.antutu.ABenchMark canInterrupt=false intercept=true
02-21 11:03:39.602   566   566 V BackupManagerService: Scheduling immediate backup pass
02-21 11:03:39.621   566   566 W BackupManagerService: Backup pass but e=false p=true
02-21 11:03:44.303   566   566 V NotificationService: pkg=com.antutu.ABenchMark canInterrupt=false intercept=true
02-21 11:03:44.362   566   566 V NotificationService: pkg=com.antutu.ABenchMark canInterrupt=false intercept=true
02-21 11:03:51.601   566  7979 I WindowManager: Destroying surface Surface(name=SurfaceView - com.ifeelsmart.smartui/com.ifeelsmart.common.IFSNativeActivityImpl) called by com.android.server.wm.WindowStateAnimator.destroyDeferredSurfaceLocked:911 com.android.server.wm.WindowManagerService.performDeferredDestroyWindow:3121 com.android.server.wm.Session.performDeferredDestroy:234 android.view.IWindowSession$Stub.onTransact:398 com.android.server.wm.Session.onTransact:145 android.os.Binder.execTransact:565 <bottom of call stack> <bottom of call stack> 
02-21 11:03:54.385   566   566 V NotificationService: pkg=com.antutu.ABenchMark canInterrupt=false intercept=true
02-21 11:03:54.419   566   566 V NotificationService: pkg=com.antutu.ABenchMark canInterrupt=false intercept=true
02-21 11:03:55.495   566  3370 I WindowManager: Destroying surface Surface(name=SurfaceView - com.ifeelsmart.smartui/com.ifeelsmart.common.IFSNativeActivityImpl) called by com.android.server.wm.WindowStateAnimator.destroyDeferredSurfaceLocked:911 com.android.server.wm.WindowManagerService.performDeferredDestroyWindow:3121 com.android.server.wm.Session.performDeferredDestroy:234 android.view.IWindowSession$Stub.onTransact:398 com.android.server.wm.Session.onTransact:145 android.os.Binder.execTransact:565 <bottom of call stack> <bottom of call stack> 
02-21 11:03:59.563   566   577 I WindowManager: Destroying surface Surface(name=SurfaceView - com.ifeelsmart.smartui/com.ifeelsmart.common.IFSNativeActivityImpl) called by com.android.server.wm.WindowStateAnimator.destroyDeferredSurfaceLocked:911 com.android.server.wm.WindowManagerService.performDeferredDestroyWindow:3121 com.android.server.wm.Session.performDeferredDestroy:234 android.view.IWindowSession$Stub.onTransact:398 com.android.server.wm.Session.onTransact:145 android.os.Binder.execTransact:565 <bottom of call stack> <bottom of call stack> 
02-21 11:04:04.449   566   566 V NotificationService: pkg=com.antutu.ABenchMark canInterrupt=false intercept=true
02-21 11:04:04.463   566   566 V NotificationService: pkg=com.antutu.ABenchMark canInterrupt=false intercept=true
02-21 11:04:14.463   566   566 V NotificationService: pkg=com.antutu.ABenchMark canInterrupt=false intercept=true
02-21 11:04:14.527   566   566 V NotificationService: pkg=com.antutu.ABenchMark canInterrupt=false intercept=true
02-21 11:04:24.534   566   566 V NotificationService: pkg=com.antutu.ABenchMark canInterrupt=false intercept=true
02-21 11:04:24.611   566   566 V NotificationService: pkg=com.antutu.ABenchMark canInterrupt=false intercept=true
02-21 11:04:34.619   566   566 V NotificationService: pkg=com.antutu.ABenchMark canInterrupt=false intercept=true
02-21 11:04:34.656   566   566 V NotificationService: pkg=com.antutu.ABenchMark canInterrupt=false intercept=true
02-21 11:04:44.702   566   566 V NotificationService: pkg=com.antutu.ABenchMark canInterrupt=false intercept=true
02-21 11:04:44.732   566   566 V NotificationService: pkg=com.antutu.ABenchMark canInterrupt=false intercept=true
02-21 11:04:54.730   566   566 V NotificationService: pkg=com.antutu.ABenchMark canInterrupt=false intercept=true
02-21 11:04:54.777   566   566 V NotificationService: pkg=com.antutu.ABenchMark canInterrupt=false intercept=true
02-21 11:05:04.795   566   566 V NotificationService: pkg=com.antutu.ABenchMark canInterrupt=false intercept=true
02-21 11:05:04.823   566   566 V NotificationService: pkg=com.antutu.ABenchMark canInterrupt=false intercept=true
02-21 11:05:14.859   566   566 V NotificationService: pkg=com.antutu.ABenchMark canInterrupt=false intercept=true
02-21 11:05:14.907   566   566 V NotificationService: pkg=com.antutu.ABenchMark canInterrupt=false intercept=true
02-21 11:05:24.931   566   566 V NotificationService: pkg=com.antutu.ABenchMark canInterrupt=false intercept=true
02-21 11:05:24.986   566   566 V NotificationService: pkg=com.antutu.ABenchMark canInterrupt=false intercept=true
02-21 11:05:35.012   566   566 V NotificationService: pkg=com.antutu.ABenchMark canInterrupt=false intercept=true
02-21 11:05:35.046   566   566 V NotificationService: pkg=com.antutu.ABenchMark canInterrupt=false intercept=true
02-21 11:05:45.063   566   566 V NotificationService: pkg=com.antutu.ABenchMark canInterrupt=false intercept=true
02-21 11:05:45.103   566   566 V NotificationService: pkg=com.antutu.ABenchMark canInterrupt=false intercept=true
02-21 11:05:55.158   566   566 V NotificationService: pkg=com.antutu.ABenchMark canInterrupt=false intercept=true
02-21 11:05:55.198   566   566 V NotificationService: pkg=com.antutu.ABenchMark canInterrupt=false intercept=true
02-21 11:06:05.225   566   566 V NotificationService: pkg=com.antutu.ABenchMark canInterrupt=false intercept=true
02-21 11:06:05.267   566   566 V NotificationService: pkg=com.antutu.ABenchMark canInterrupt=false intercept=true
02-21 11:06:06.116   566  2459 I WindowManager: Destroying surface Surface(name=SurfaceView - com.ifeelsmart.smartui/com.ifeelsmart.common.IFSNativeActivityImpl) called by com.android.server.wm.WindowStateAnimator.destroyDeferredSurfaceLocked:911 com.android.server.wm.WindowManagerService.performDeferredDestroyWindow:3121 com.android.server.wm.Session.performDeferredDestroy:234 android.view.IWindowSession$Stub.onTransact:398 com.android.server.wm.Session.onTransact:145 android.os.Binder.execTransact:565 <bottom of call stack> <bottom of call stack> 
02-21 11:06:10.143   566   578 I WindowManager: Destroying surface Surface(name=SurfaceView - com.ifeelsmart.smartui/com.ifeelsmart.common.IFSNativeActivityImpl) called by com.android.server.wm.WindowStateAnimator.destroyDeferredSurfaceLocked:911 com.android.server.wm.WindowManagerService.performDeferredDestroyWindow:3121 com.android.server.wm.Session.performDeferredDestroy:234 android.view.IWindowSession$Stub.onTransact:398 com.android.server.wm.Session.onTransact:145 android.os.Binder.execTransact:565 <bottom of call stack> <bottom of call stack> 
02-21 11:06:13.993   566  1174 I WindowManager: Destroying surface Surface(name=SurfaceView - com.ifeelsmart.smartui/com.ifeelsmart.common.IFSNativeActivityImpl) called by com.android.server.wm.WindowStateAnimator.destroyDeferredSurfaceLocked:911 com.android.server.wm.WindowManagerService.performDeferredDestroyWindow:3121 com.android.server.wm.Session.performDeferredDestroy:234 android.view.IWindowSession$Stub.onTransact:398 com.android.server.wm.Session.onTransact:145 android.os.Binder.execTransact:565 <bottom of call stack> <bottom of call stack> 
02-21 11:06:15.344   566   566 V NotificationService: pkg=com.antutu.ABenchMark canInterrupt=false intercept=true
02-21 11:06:15.352   566   566 V NotificationService: pkg=com.antutu.ABenchMark canInterrupt=false intercept=true
02-21 11:06:25.354   566   566 V NotificationService: pkg=com.antutu.ABenchMark canInterrupt=false intercept=true
02-21 11:06:25.389   566   566 V NotificationService: pkg=com.antutu.ABenchMark canInterrupt=false intercept=true
02-21 11:06:35.485   566   566 V NotificationService: pkg=com.antutu.ABenchMark canInterrupt=false intercept=true
02-21 11:06:35.523   566   566 V NotificationService: pkg=com.antutu.ABenchMark canInterrupt=false intercept=true
02-21 11:06:45.556   566   566 V NotificationService: pkg=com.antutu.ABenchMark canInterrupt=false intercept=true
02-21 11:06:45.565   566   566 V NotificationService: pkg=com.antutu.ABenchMark canInterrupt=false intercept=true
02-21 11:06:55.588   566   566 V NotificationService: pkg=com.antutu.ABenchMark canInterrupt=false intercept=true
02-21 11:06:55.677   566   566 V NotificationService: pkg=com.antutu.ABenchMark canInterrupt=false intercept=true
02-21 11:07:05.697   566   566 V NotificationService: pkg=com.antutu.ABenchMark canInterrupt=false intercept=true
02-21 11:07:05.743   566   566 V NotificationService: pkg=com.antutu.ABenchMark canInterrupt=false intercept=true
02-21 11:07:15.328   566   566 V NotificationService: pkg=com.antutu.ABenchMark canInterrupt=false intercept=true
02-21 11:07:15.410   566   566 V NotificationService: pkg=com.antutu.ABenchMark canInterrupt=false intercept=true
02-21 11:07:15.836   566   566 V NotificationService: pkg=com.antutu.ABenchMark canInterrupt=false intercept=true
02-21 11:07:15.844   566   566 V NotificationService: pkg=com.antutu.ABenchMark canInterrupt=false intercept=true
02-21 11:07:25.892   566   566 V NotificationService: pkg=com.antutu.ABenchMark canInterrupt=false intercept=true
02-21 11:07:25.897   566   566 V NotificationService: pkg=com.antutu.ABenchMark canInterrupt=false intercept=true
02-21 11:07:35.904   566   566 V NotificationService: pkg=com.antutu.ABenchMark canInterrupt=false intercept=true
02-21 11:07:35.940   566   566 V NotificationService: pkg=com.antutu.ABenchMark canInterrupt=false intercept=true
02-21 11:07:45.961   566   566 V NotificationService: pkg=com.antutu.ABenchMark canInterrupt=false intercept=true
02-21 11:07:45.995   566   566 V NotificationService: pkg=com.antutu.ABenchMark canInterrupt=false intercept=true
02-21 11:07:56.005   566   566 V NotificationService: pkg=com.antutu.ABenchMark canInterrupt=false intercept=true
02-21 11:07:56.057   566   566 V NotificationService: pkg=com.antutu.ABenchMark canInterrupt=false intercept=true
02-21 11:08:06.069   566   566 V NotificationService: pkg=com.antutu.ABenchMark canInterrupt=false intercept=true
02-21 11:08:06.130   566   566 V NotificationService: pkg=com.antutu.ABenchMark canInterrupt=false intercept=true
02-21 11:08:16.156   566   566 V NotificationService: pkg=com.antutu.ABenchMark canInterrupt=false intercept=true
02-21 11:08:16.223   566   566 V NotificationService: pkg=com.antutu.ABenchMark canInterrupt=false intercept=true
02-21 11:08:20.215   566  1172 I WindowManager: Destroying surface Surface(name=SurfaceView - com.ifeelsmart.smartui/com.ifeelsmart.common.IFSNativeActivityImpl) called by com.android.server.wm.WindowStateAnimator.destroyDeferredSurfaceLocked:911 com.android.server.wm.WindowManagerService.performDeferredDestroyWindow:3121 com.android.server.wm.Session.performDeferredDestroy:234 android.view.IWindowSession$Stub.onTransact:398 com.android.server.wm.Session.onTransact:145 android.os.Binder.execTransact:565 <bottom of call stack> <bottom of call stack> 
02-21 11:08:23.942   566 29090 I WindowManager: Destroying surface Surface(name=SurfaceView - com.ifeelsmart.smartui/com.ifeelsmart.common.IFSNativeActivityImpl) called by com.android.server.wm.WindowStateAnimator.destroyDeferredSurfaceLocked:911 com.android.server.wm.WindowManagerService.performDeferredDestroyWindow:3121 com.android.server.wm.Session.performDeferredDestroy:234 android.view.IWindowSession$Stub.onTransact:398 com.android.server.wm.Session.onTransact:145 android.os.Binder.execTransact:565 <bottom of call stack> <bottom of call stack> 
02-21 11:08:26.326   566   566 V NotificationService: pkg=com.antutu.ABenchMark canInterrupt=false intercept=true
02-21 11:08:26.337   566   566 V NotificationService: pkg=com.antutu.ABenchMark canInterrupt=false intercept=true
02-21 11:08:28.232   566   578 I WindowManager: Destroying surface Surface(name=SurfaceView - com.ifeelsmart.smartui/com.ifeelsmart.common.IFSNativeActivityImpl) called by com.android.server.wm.WindowStateAnimator.destroyDeferredSurfaceLocked:911 com.android.server.wm.WindowManagerService.performDeferredDestroyWindow:3121 com.android.server.wm.Session.performDeferredDestroy:234 android.view.IWindowSession$Stub.onTransact:398 com.android.server.wm.Session.onTransact:145 android.os.Binder.execTransact:565 <bottom of call stack> <bottom of call stack> 
02-21 11:08:36.368   566   566 V NotificationService: pkg=com.antutu.ABenchMark canInterrupt=false intercept=true
02-21 11:08:36.423   566   566 V NotificationService: pkg=com.antutu.ABenchMark canInterrupt=false intercept=true
02-21 11:08:46.430   566   566 V NotificationService: pkg=com.antutu.ABenchMark canInterrupt=false intercept=true
02-21 11:08:46.486   566   566 V NotificationService: pkg=com.antutu.ABenchMark canInterrupt=false intercept=true
02-21 11:08:56.508   566   566 V NotificationService: pkg=com.antutu.ABenchMark canInterrupt=false intercept=true
02-21 11:08:56.555   566   566 V NotificationService: pkg=com.antutu.ABenchMark canInterrupt=false intercept=true
02-21 11:09:06.587   566   566 V NotificationService: pkg=com.antutu.ABenchMark canInterrupt=false intercept=true
02-21 11:09:06.681   566   566 V NotificationService: pkg=com.antutu.ABenchMark canInterrupt=false intercept=true
02-21 11:09:16.697   566   566 V NotificationService: pkg=com.antutu.ABenchMark canInterrupt=false intercept=true
02-21 11:09:16.748   566   566 V NotificationService: pkg=com.antutu.ABenchMark canInterrupt=false intercept=true
02-21 11:09:26.750   566   566 V NotificationService: pkg=com.antutu.ABenchMark canInterrupt=false intercept=true
02-21 11:09:26.818   566   566 V NotificationService: pkg=com.antutu.ABenchMark canInterrupt=false intercept=true
02-21 11:09:34.570   566 29090 I ActivityManager: Start proc 23828:com.google.android.music:main/u0a51 for service com.google.android.music/.sync.google.MusicGcmTaskService
02-21 11:09:36.869   566   566 V NotificationService: pkg=com.antutu.ABenchMark canInterrupt=false intercept=true
02-21 11:09:36.959   566   566 V NotificationService: pkg=com.antutu.ABenchMark canInterrupt=false intercept=true
02-21 11:09:36.968   566  1051 V KeyValueBackupJob: Scheduling k/v pass in 240 minutes
02-21 11:09:39.666   566  1144 W ActivityManager: Unable to start service Intent { act=com.google.android.gms.wearable.BIND pkg=com.google.android.gms } U=0: not found
02-21 11:09:39.764   566  3371 W ActivityManager: Unbind failed: could not find connection for android.os.BinderProxy@a3873a7
02-21 11:09:41.090   566 29090 W ActivityManager: Unable to start service Intent { act=com.google.android.gms.wearable.BIND pkg=com.google.android.gms } U=0: not found
02-21 11:09:41.097   566  1204 W ActivityManager: Unbind failed: could not find connection for android.os.BinderProxy@843fbfd
02-21 11:09:41.413   566 29090 W ActivityManager: Unable to start service Intent { act=com.google.android.gms.wearable.BIND pkg=com.google.android.gms } U=0: not found
02-21 11:09:41.419   566  1204 W ActivityManager: Unbind failed: could not find connection for android.os.BinderProxy@e6790f2
02-21 11:09:47.017   566   566 V NotificationService: pkg=com.antutu.ABenchMark canInterrupt=false intercept=true
02-21 11:09:47.078   566   566 V NotificationService: pkg=com.antutu.ABenchMark canInterrupt=false intercept=true
02-21 11:09:57.106   566   566 V NotificationService: pkg=com.antutu.ABenchMark canInterrupt=false intercept=true
02-21 11:09:57.168   566   566 V NotificationService: pkg=com.antutu.ABenchMark canInterrupt=false intercept=true
02-21 11:10:07.188   566   566 V NotificationService: pkg=com.antutu.ABenchMark canInterrupt=false intercept=true
02-21 11:10:07.253   566   566 V NotificationService: pkg=com.antutu.ABenchMark canInterrupt=false intercept=true
02-21 11:10:11.524   566  1201 I ActivityManager: Killing 29850:com.google.android.webview:webview_service/u0a59 (adj 906): empty for 2611s
02-21 11:10:11.701   566  3370 D ActivityManager: cleanUpApplicationRecord -- 29850
02-21 11:10:17.305   566   566 V NotificationService: pkg=com.antutu.ABenchMark canInterrupt=false intercept=true
02-21 11:10:17.384   566   566 V NotificationService: pkg=com.antutu.ABenchMark canInterrupt=false intercept=true
02-21 11:10:27.432   566   566 V NotificationService: pkg=com.antutu.ABenchMark canInterrupt=false intercept=true
02-21 11:10:27.476   566   566 V NotificationService: pkg=com.antutu.ABenchMark canInterrupt=false intercept=true
02-21 11:10:34.992   566  2500 I WindowManager: Destroying surface Surface(name=SurfaceView - com.ifeelsmart.smartui/com.ifeelsmart.common.IFSNativeActivityImpl) called by com.android.server.wm.WindowStateAnimator.destroyDeferredSurfaceLocked:911 com.android.server.wm.WindowManagerService.performDeferredDestroyWindow:3121 com.android.server.wm.Session.performDeferredDestroy:234 android.view.IWindowSession$Stub.onTransact:398 com.android.server.wm.Session.onTransact:145 android.os.Binder.execTransact:565 <bottom of call stack> <bottom of call stack> 
02-21 11:10:37.517   566   566 V NotificationService: pkg=com.antutu.ABenchMark canInterrupt=false intercept=true
02-21 11:10:37.597   566   566 V NotificationService: pkg=com.antutu.ABenchMark canInterrupt=false intercept=true
02-21 11:10:38.918   566  1172 I WindowManager: Destroying surface Surface(name=SurfaceView - com.ifeelsmart.smartui/com.ifeelsmart.common.IFSNativeActivityImpl) called by com.android.server.wm.WindowStateAnimator.destroyDeferredSurfaceLocked:911 com.android.server.wm.WindowManagerService.performDeferredDestroyWindow:3121 com.android.server.wm.Session.performDeferredDestroy:234 android.view.IWindowSession$Stub.onTransact:398 com.android.server.wm.Session.onTransact:145 android.os.Binder.execTransact:565 <bottom of call stack> <bottom of call stack> 
02-21 11:10:43.042   566  2500 I WindowManager: Destroying surface Surface(name=SurfaceView - com.ifeelsmart.smartui/com.ifeelsmart.common.IFSNativeActivityImpl) called by com.android.server.wm.WindowStateAnimator.destroyDeferredSurfaceLocked:911 com.android.server.wm.WindowManagerService.performDeferredDestroyWindow:3121 com.android.server.wm.Session.performDeferredDestroy:234 android.view.IWindowSession$Stub.onTransact:398 com.android.server.wm.Session.onTransact:145 android.os.Binder.execTransact:565 <bottom of call stack> <bottom of call stack> 
02-21 11:10:47.676   566   566 V NotificationService: pkg=com.antutu.ABenchMark canInterrupt=false intercept=true
02-21 11:10:47.683   566   566 V NotificationService: pkg=com.antutu.ABenchMark canInterrupt=false intercept=true
02-21 11:10:57.695   566   566 V NotificationService: pkg=com.antutu.ABenchMark canInterrupt=false intercept=true
02-21 11:10:57.796   566   566 V NotificationService: pkg=com.antutu.ABenchMark canInterrupt=false intercept=true
02-21 11:11:07.817   566   566 V NotificationService: pkg=com.antutu.ABenchMark canInterrupt=false intercept=true
02-21 11:11:07.845   566   566 V NotificationService: pkg=com.antutu.ABenchMark canInterrupt=false intercept=true
02-21 11:11:17.864   566   566 V NotificationService: pkg=com.antutu.ABenchMark canInterrupt=false intercept=true
02-21 11:11:17.922   566   566 V NotificationService: pkg=com.antutu.ABenchMark canInterrupt=false intercept=true
02-21 11:11:27.942   566   566 V NotificationService: pkg=com.antutu.ABenchMark canInterrupt=false intercept=true
02-21 11:11:28.026   566   566 V NotificationService: pkg=com.antutu.ABenchMark canInterrupt=false intercept=true
02-21 11:11:38.042   566   566 V NotificationService: pkg=com.antutu.ABenchMark canInterrupt=false intercept=true
02-21 11:11:38.121   566   566 V NotificationService: pkg=com.antutu.ABenchMark canInterrupt=false intercept=true
02-21 11:11:48.146   566   566 V NotificationService: pkg=com.antutu.ABenchMark canInterrupt=false intercept=true
02-21 11:11:48.262   566   566 V NotificationService: pkg=com.antutu.ABenchMark canInterrupt=false intercept=true
02-21 11:11:58.279   566   566 V NotificationService: pkg=com.antutu.ABenchMark canInterrupt=false intercept=true
02-21 11:11:58.396   566   566 V NotificationService: pkg=com.antutu.ABenchMark canInterrupt=false intercept=true
02-21 11:12:08.428   566   566 V NotificationService: pkg=com.antutu.ABenchMark canInterrupt=false intercept=true
02-21 11:12:08.527   566   566 V NotificationService: pkg=com.antutu.ABenchMark canInterrupt=false intercept=true
02-21 11:12:18.542   566   566 V NotificationService: pkg=com.antutu.ABenchMark canInterrupt=false intercept=true
