02-21 11:07:53.952   558   579 I WindowManager: Destroying surface Surface(name=Toast) called by com.android.server.wm.WindowStateAnimator.destroySurface:2016 com.android.server.wm.WindowStateAnimator.destroySurfaceLocked:882 com.android.server.wm.WindowState.destroyOrSaveSurface:2100 com.android.server.wm.WindowSurfacePlacer.performSurfacePlacementInner:429 com.android.server.wm.WindowSurfacePlacer.performSurfacePlacementLoop:232 com.android.server.wm.WindowSurfacePlacer.performSurfacePlacement:180 com.android.server.wm.WindowManagerService$H.handleMessage:8086 android.os.Handler.dispatchMessage:102 
02-21 11:07:57.467   558   579 I WindowManager: Destroying surface Surface(name=Toast) called by com.android.server.wm.WindowStateAnimator.destroySurface:2016 com.android.server.wm.WindowStateAnimator.destroySurfaceLocked:882 com.android.server.wm.WindowState.destroyOrSaveSurface:2100 com.android.server.wm.WindowSurfacePlacer.performSurfacePlacementInner:429 com.android.server.wm.WindowSurfacePlacer.performSurfacePlacementLoop:232 com.android.server.wm.WindowSurfacePlacer.performSurfacePlacement:180 com.android.server.wm.WindowManagerService$H.handleMessage:8086 android.os.Handler.dispatchMessage:102 
02-21 11:08:19.195   558  1138 I WindowManager: Destroying surface Surface(name=SurfaceView - com.ifeelsmart.smartui/com.ifeelsmart.common.IFSNativeActivityImpl) called by com.android.server.wm.WindowStateAnimator.destroyDeferredSurfaceLocked:911 com.android.server.wm.WindowManagerService.performDeferredDestroyWindow:3121 com.android.server.wm.Session.performDeferredDestroy:234 android.view.IWindowSession$Stub.onTransact:398 com.android.server.wm.Session.onTransact:145 android.os.Binder.execTransact:565 <bottom of call stack> <bottom of call stack> 
02-21 11:08:23.418   558   570 I WindowManager: Destroying surface Surface(name=SurfaceView - com.ifeelsmart.smartui/com.ifeelsmart.common.IFSNativeActivityImpl) called by com.android.server.wm.WindowStateAnimator.destroyDeferredSurfaceLocked:911 com.android.server.wm.WindowManagerService.performDeferredDestroyWindow:3121 com.android.server.wm.Session.performDeferredDestroy:234 android.view.IWindowSession$Stub.onTransact:398 com.android.server.wm.Session.onTransact:145 android.os.Binder.execTransact:565 <bottom of call stack> <bottom of call stack> 
02-21 11:08:27.590   558   570 I WindowManager: Destroying surface Surface(name=SurfaceView - com.ifeelsmart.smartui/com.ifeelsmart.common.IFSNativeActivityImpl) called by com.android.server.wm.WindowStateAnimator.destroyDeferredSurfaceLocked:911 com.android.server.wm.WindowManagerService.performDeferredDestroyWindow:3121 com.android.server.wm.Session.performDeferredDestroy:234 android.view.IWindowSession$Stub.onTransact:398 com.android.server.wm.Session.onTransact:145 android.os.Binder.execTransact:565 <bottom of call stack> <bottom of call stack> 
02-21 11:10:33.879   558   570 I WindowManager: Destroying surface Surface(name=SurfaceView - com.ifeelsmart.smartui/com.ifeelsmart.common.IFSNativeActivityImpl) called by com.android.server.wm.WindowStateAnimator.destroyDeferredSurfaceLocked:911 com.android.server.wm.WindowManagerService.performDeferredDestroyWindow:3121 com.android.server.wm.Session.performDeferredDestroy:234 android.view.IWindowSession$Stub.onTransact:398 com.android.server.wm.Session.onTransact:145 android.os.Binder.execTransact:565 <bottom of call stack> <bottom of call stack> 
02-21 11:10:38.070   558  1138 I WindowManager: Destroying surface Surface(name=SurfaceView - com.ifeelsmart.smartui/com.ifeelsmart.common.IFSNativeActivityImpl) called by com.android.server.wm.WindowStateAnimator.destroyDeferredSurfaceLocked:911 com.android.server.wm.WindowManagerService.performDeferredDestroyWindow:3121 com.android.server.wm.Session.performDeferredDestroy:234 android.view.IWindowSession$Stub.onTransact:398 com.android.server.wm.Session.onTransact:145 android.os.Binder.execTransact:565 <bottom of call stack> <bottom of call stack> 
02-21 11:10:42.066   558  1214 I WindowManager: Destroying surface Surface(name=SurfaceView - com.ifeelsmart.smartui/com.ifeelsmart.common.IFSNativeActivityImpl) called by com.android.server.wm.WindowStateAnimator.destroyDeferredSurfaceLocked:911 com.android.server.wm.WindowManagerService.performDeferredDestroyWindow:3121 com.android.server.wm.Session.performDeferredDestroy:234 android.view.IWindowSession$Stub.onTransact:398 com.android.server.wm.Session.onTransact:145 android.os.Binder.execTransact:565 <bottom of call stack> <bottom of call stack> 
02-21 11:11:39.924   558   579 I WindowManager: Destroying surface Surface(name=Toast) called by com.android.server.wm.WindowStateAnimator.destroySurface:2016 com.android.server.wm.WindowStateAnimator.destroySurfaceLocked:882 com.android.server.wm.WindowState.destroyOrSaveSurface:2100 com.android.server.wm.WindowSurfacePlacer.performSurfacePlacementInner:429 com.android.server.wm.WindowSurfacePlacer.performSurfacePlacementLoop:232 com.android.server.wm.WindowSurfacePlacer.performSurfacePlacement:180 com.android.server.wm.WindowManagerService$H.handleMessage:8086 android.os.Handler.dispatchMessage:102 
02-21 11:11:43.445   558   579 I WindowManager: Destroying surface Surface(name=Toast) called by com.android.server.wm.WindowStateAnimator.destroySurface:2016 com.android.server.wm.WindowStateAnimator.destroySurfaceLocked:882 com.android.server.wm.WindowState.destroyOrSaveSurface:2100 com.android.server.wm.WindowSurfacePlacer.performSurfacePlacementInner:429 com.android.server.wm.WindowSurfacePlacer.performSurfacePlacementLoop:232 com.android.server.wm.WindowSurfacePlacer.performSurfacePlacement:180 com.android.server.wm.WindowManagerService$H.handleMessage:8086 android.os.Handler.dispatchMessage:102 
02-21 11:11:46.956   558   579 I WindowManager: Destroying surface Surface(name=Toast) called by com.android.server.wm.WindowStateAnimator.destroySurface:2016 com.android.server.wm.WindowStateAnimator.destroySurfaceLocked:882 com.android.server.wm.WindowState.destroyOrSaveSurface:2100 com.android.server.wm.WindowSurfacePlacer.performSurfacePlacementInner:429 com.android.server.wm.WindowSurfacePlacer.performSurfacePlacementLoop:232 com.android.server.wm.WindowSurfacePlacer.performSurfacePlacement:180 com.android.server.wm.WindowManagerService$H.handleMessage:8086 android.os.Handler.dispatchMessage:102 
02-21 11:11:50.455   558   579 I WindowManager: Destroying surface Surface(name=Toast) called by com.android.server.wm.WindowStateAnimator.destroySurface:2016 com.android.server.wm.WindowStateAnimator.destroySurfaceLocked:882 com.android.server.wm.WindowState.destroyOrSaveSurface:2100 com.android.server.wm.WindowSurfacePlacer.performSurfacePlacementInner:429 com.android.server.wm.WindowSurfacePlacer.performSurfacePlacementLoop:232 com.android.server.wm.WindowSurfacePlacer.performSurfacePlacement:180 com.android.server.wm.WindowManagerService$H.handleMessage:8086 android.os.Handler.dispatchMessage:102 
02-21 11:11:53.956   558   579 I WindowManager: Destroying surface Surface(name=Toast) called by com.android.server.wm.WindowStateAnimator.destroySurface:2016 com.android.server.wm.WindowStateAnimator.destroySurfaceLocked:882 com.android.server.wm.WindowState.destroyOrSaveSurface:2100 com.android.server.wm.WindowSurfacePlacer.performSurfacePlacementInner:429 com.android.server.wm.WindowSurfacePlacer.performSurfacePlacementLoop:232 com.android.server.wm.WindowSurfacePlacer.performSurfacePlacement:180 com.android.server.wm.WindowManagerService$H.handleMessage:8086 android.os.Handler.dispatchMessage:102 
02-21 11:11:57.459   558   579 I WindowManager: Destroying surface Surface(name=Toast) called by com.android.server.wm.WindowStateAnimator.destroySurface:2016 com.android.server.wm.WindowStateAnimator.destroySurfaceLocked:882 com.android.server.wm.WindowState.destroyOrSaveSurface:2100 com.android.server.wm.WindowSurfacePlacer.performSurfacePlacementInner:429 com.android.server.wm.WindowSurfacePlacer.performSurfacePlacementLoop:232 com.android.server.wm.WindowSurfacePlacer.performSurfacePlacement:180 com.android.server.wm.WindowManagerService$H.handleMessage:8086 android.os.Handler.dispatchMessage:102 
02-21 11:12:48.230   558  1784 I WindowManager: Destroying surface Surface(name=SurfaceView - com.ifeelsmart.smartui/com.ifeelsmart.common.IFSNativeActivityImpl) called by com.android.server.wm.WindowStateAnimator.destroyDeferredSurfaceLocked:911 com.android.server.wm.WindowManagerService.performDeferredDestroyWindow:3121 com.android.server.wm.Session.performDeferredDestroy:234 android.view.IWindowSession$Stub.onTransact:398 com.android.server.wm.Session.onTransact:145 android.os.Binder.execTransact:565 <bottom of call stack> <bottom of call stack> 
02-21 11:12:52.278   558  1137 I WindowManager: Destroying surface Surface(name=SurfaceView - com.ifeelsmart.smartui/com.ifeelsmart.common.IFSNativeActivityImpl) called by com.android.server.wm.WindowStateAnimator.destroyDeferredSurfaceLocked:911 com.android.server.wm.WindowManagerService.performDeferredDestroyWindow:3121 com.android.server.wm.Session.performDeferredDestroy:234 android.view.IWindowSession$Stub.onTransact:398 com.android.server.wm.Session.onTransact:145 android.os.Binder.execTransact:565 <bottom of call stack> <bottom of call stack> 
02-21 11:12:56.428   558  1212 I WindowManager: Destroying surface Surface(name=SurfaceView - com.ifeelsmart.smartui/com.ifeelsmart.common.IFSNativeActivityImpl) called by com.android.server.wm.WindowStateAnimator.destroyDeferredSurfaceLocked:911 com.android.server.wm.WindowManagerService.performDeferredDestroyWindow:3121 com.android.server.wm.Session.performDeferredDestroy:234 android.view.IWindowSession$Stub.onTransact:398 com.android.server.wm.Session.onTransact:145 android.os.Binder.execTransact:565 <bottom of call stack> <bottom of call stack> 
02-21 11:13:54.883   558  1138 W WindowManager: Attempted to remove non-existing token: android.os.Binder@2d030c7
02-21 11:15:02.836   558   575 E BatteryStatsService: no controller energy info supplied
02-21 11:15:02.841   558   575 E BatteryStatsService: no controller energy info supplied
02-21 11:15:02.841   558   575 E BatteryStatsService: no controller energy info supplied
02-21 11:15:02.843   558   575 E KernelUidCpuTimeReader: Failed to read uid_cputime: /proc/uid_cputime/show_uid_stat (No such file or directory)
02-21 11:15:46.409   558   572 I ProcessStatsService: Prepared write state in 3ms
02-21 11:16:10.810   558   579 I WindowManager: Destroying surface Surface(name=Toast) called by com.android.server.wm.WindowStateAnimator.destroySurface:2016 com.android.server.wm.WindowStateAnimator.destroySurfaceLocked:882 com.android.server.wm.WindowState.destroyOrSaveSurface:2100 com.android.server.wm.WindowSurfacePlacer.performSurfacePlacementInner:429 com.android.server.wm.WindowSurfacePlacer.performSurfacePlacementLoop:232 com.android.server.wm.WindowSurfacePlacer.performSurfacePlacement:180 com.android.server.wm.WindowManagerService$H.handleMessage:8086 android.os.Handler.dispatchMessage:102 
02-21 11:16:14.314   558   579 I WindowManager: Destroying surface Surface(name=Toast) called by com.android.server.wm.WindowStateAnimator.destroySurface:2016 com.android.server.wm.WindowStateAnimator.destroySurfaceLocked:882 com.android.server.wm.WindowState.destroyOrSaveSurface:2100 com.android.server.wm.WindowSurfacePlacer.performSurfacePlacementInner:429 com.android.server.wm.WindowSurfacePlacer.performSurfacePlacementLoop:232 com.android.server.wm.WindowSurfacePlacer.performSurfacePlacement:180 com.android.server.wm.WindowManagerService$H.handleMessage:8086 android.os.Handler.dispatchMessage:102 
02-21 11:16:17.817   558   579 I WindowManager: Destroying surface Surface(name=Toast) called by com.android.server.wm.WindowStateAnimator.destroySurface:2016 com.android.server.wm.WindowStateAnimator.destroySurfaceLocked:882 com.android.server.wm.WindowState.destroyOrSaveSurface:2100 com.android.server.wm.WindowSurfacePlacer.performSurfacePlacementInner:429 com.android.server.wm.WindowSurfacePlacer.performSurfacePlacementLoop:232 com.android.server.wm.WindowSurfacePlacer.performSurfacePlacement:180 com.android.server.wm.WindowManagerService$H.handleMessage:8086 android.os.Handler.dispatchMessage:102 
02-21 11:16:21.371   558   579 I WindowManager: Destroying surface Surface(name=Toast) called by com.android.server.wm.WindowStateAnimator.destroySurface:2016 com.android.server.wm.WindowStateAnimator.destroySurfaceLocked:882 com.android.server.wm.WindowState.destroyOrSaveSurface:2100 com.android.server.wm.WindowSurfacePlacer.performSurfacePlacementInner:429 com.android.server.wm.WindowSurfacePlacer.performSurfacePlacementLoop:232 com.android.server.wm.WindowSurfacePlacer.performSurfacePlacement:180 com.android.server.wm.WindowManagerService$H.handleMessage:8086 android.os.Handler.dispatchMessage:102 
02-21 11:16:24.824   558   579 I WindowManager: Destroying surface Surface(name=Toast) called by com.android.server.wm.WindowStateAnimator.destroySurface:2016 com.android.server.wm.WindowStateAnimator.destroySurfaceLocked:882 com.android.server.wm.WindowState.destroyOrSaveSurface:2100 com.android.server.wm.WindowSurfacePlacer.performSurfacePlacementInner:429 com.android.server.wm.WindowSurfacePlacer.performSurfacePlacementLoop:232 com.android.server.wm.WindowSurfacePlacer.performSurfacePlacement:180 com.android.server.wm.WindowManagerService$H.handleMessage:8086 android.os.Handler.dispatchMessage:102 
02-21 11:16:28.329   558   579 I WindowManager: Destroying surface Surface(name=Toast) called by com.android.server.wm.WindowStateAnimator.destroySurface:2016 com.android.server.wm.WindowStateAnimator.destroySurfaceLocked:882 com.android.server.wm.WindowState.destroyOrSaveSurface:2100 com.android.server.wm.WindowSurfacePlacer.performSurfacePlacementInner:429 com.android.server.wm.WindowSurfacePlacer.performSurfacePlacementLoop:232 com.android.server.wm.WindowSurfacePlacer.performSurfacePlacement:180 com.android.server.wm.WindowManagerService$H.handleMessage:8086 android.os.Handler.dispatchMessage:102 
02-21 11:18:06.048   558  1137 I WindowManager: WIN DEATH: Window{8ac50 u0 com.ifeelsmart.smartui/com.ifeelsmart.common.IFSNativeActivityImpl}
02-21 11:18:06.048   558  1137 W WindowManager: Force-removing child win Window{ec0bc6f u0 SurfaceView - com.ifeelsmart.smartui/com.ifeelsmart.common.IFSNativeActivityImpl} from container Window{8ac50 u0 com.ifeelsmart.smartui/com.ifeelsmart.common.IFSNativeActivityImpl}
02-21 11:18:06.049   558  1174 I ActivityManager: Process com.ifeelsmart.smartui (pid 11773) has died
02-21 11:18:06.049   558  1174 D ActivityManager: cleanUpApplicationRecord -- 11773
02-21 11:18:06.058   558  1174 W ActivityManager: Re-adding persistent process ProcessRecord{68cfe7b 11773:com.ifeelsmart.smartui/1000}
02-21 11:18:06.061   558  1137 I WindowManager: Destroying surface Surface(name=SurfaceView - com.ifeelsmart.smartui/com.ifeelsmart.common.IFSNativeActivityImpl) called by com.android.server.wm.WindowStateAnimator.destroySurface:2016 com.android.server.wm.WindowStateAnimator.destroySurfaceLocked:882 com.android.server.wm.WindowState.removeLocked:1456 com.android.server.wm.WindowManagerService.removeWindowInnerLocked:2484 com.android.server.wm.WindowManagerService.removeWindowInnerLocked:2463 com.android.server.wm.WindowManagerService.removeWindowLocked:2442 com.android.server.wm.WindowState$DeathRecipient.binderDied:1787 android.os.BinderProxy.sendDeathNotice:688 
02-21 11:18:06.065   558  1137 W WindowManager: Force-removing child win Window{b46b08b u0 SurfaceView - com.ifeelsmart.smartui/com.ifeelsmart.common.IFSNativeActivityImpl} from container Window{8ac50 u0 com.ifeelsmart.smartui/com.ifeelsmart.common.IFSNativeActivityImpl}
02-21 11:18:06.066   558  1137 I WindowManager: Destroying surface Surface(name=SurfaceView - com.ifeelsmart.smartui/com.ifeelsmart.common.IFSNativeActivityImpl) called by com.android.server.wm.WindowStateAnimator.destroySurface:2016 com.android.server.wm.WindowStateAnimator.destroySurfaceLocked:882 com.android.server.wm.WindowState.removeLocked:1456 com.android.server.wm.WindowManagerService.removeWindowInnerLocked:2484 com.android.server.wm.WindowManagerService.removeWindowInnerLocked:2463 com.android.server.wm.WindowManagerService.removeWindowLocked:2442 com.android.server.wm.WindowState$DeathRecipient.binderDied:1787 android.os.BinderProxy.sendDeathNotice:688 
02-21 11:18:06.069   558  1137 I WindowManager: Destroying surface Surface(name=com.ifeelsmart.smartui/com.ifeelsmart.common.IFSNativeActivityImpl) called by com.android.server.wm.WindowStateAnimator.destroySurface:2016 com.android.server.wm.WindowStateAnimator.destroySurfaceLocked:882 com.android.server.wm.WindowState.removeLocked:1456 com.android.server.wm.WindowManagerService.removeWindowInnerLocked:2484 com.android.server.wm.WindowManagerService.removeWindowLocked:2442 com.android.server.wm.WindowState$DeathRecipient.binderDied:1787 android.os.BinderProxy.sendDeathNotice:688 <bottom of call stack> 
02-21 11:18:06.086   558  1212 W WindowManager: Failed looking up window
02-21 11:18:06.086   558  1212 W WindowManager: java.lang.IllegalArgumentException: Requested window android.os.BinderProxy@e11ee49 does not exist
02-21 11:18:06.086   558  1212 W WindowManager: 	at com.android.server.wm.WindowManagerService.windowForClientLocked(WindowManagerService.java:9107)
02-21 11:18:06.086   558  1212 W WindowManager: 	at com.android.server.wm.WindowManagerService.windowForClientLocked(WindowManagerService.java:9098)
02-21 11:18:06.086   558  1212 W WindowManager: 	at com.android.server.wm.WindowState$DeathRecipient.binderDied(WindowState.java:1784)
02-21 11:18:06.086   558  1212 W WindowManager: 	at android.os.BinderProxy.sendDeathNotice(Binder.java:688)
02-21 11:18:06.086   558  1212 I WindowManager: WIN DEATH: null
02-21 11:18:06.087   558  1138 W WindowManager: Failed looking up window
02-21 11:18:06.087   558  1138 W WindowManager: java.lang.IllegalArgumentException: Requested window android.os.BinderProxy@9b2e34e does not exist
02-21 11:18:06.087   558  1138 W WindowManager: 	at com.android.server.wm.WindowManagerService.windowForClientLocked(WindowManagerService.java:9107)
02-21 11:18:06.087   558  1138 W WindowManager: 	at com.android.server.wm.WindowManagerService.windowForClientLocked(WindowManagerService.java:9098)
02-21 11:18:06.087   558  1138 W WindowManager: 	at com.android.server.wm.WindowState$DeathRecipient.binderDied(WindowState.java:1784)
02-21 11:18:06.087   558  1138 W WindowManager: 	at android.os.BinderProxy.sendDeathNotice(Binder.java:688)
02-21 11:18:06.087   558  1138 I WindowManager: WIN DEATH: null
02-21 11:18:06.097   558  1174 I ActivityManager: Start proc 8885:com.ifeelsmart.smartui/1000 for restart com.ifeelsmart.smartui
02-21 11:18:06.106   558  1174 W ActivityManager: Force removing ActivityRecord{abb48af u0 com.ifeelsmart.smartui/com.ifeelsmart.common.IFSNativeActivityImpl t29}: app died, no saved state
02-21 11:18:22.797   558  1784 I ActivityManager: Force stopping com.ifeelsmart.smartui appid=1000 user=0: from pid 8999
02-21 11:18:23.053   558   861 I ActivityManager: START u0 {act=android.intent.action.MAIN cat=[android.intent.category.LAUNCHER] flg=0x10200000 cmp=com.ifeelsmart.smartui/com.ifeelsmart.common.IFSNativeActivity} from uid 0 on display 0
02-21 11:18:23.872   558  1137 I ActivityManager: START u0 {act=android.intent.action.MAIN cat=[android.intent.category.LAUNCHER] cmp=com.ifeelsmart.smartui/com.ifeelsmart.common.IFSNativeActivityImpl} from uid 1000 on display 0
02-21 11:18:24.115   558  1138 W InputMethodManagerService: Focus gain on non-focused client com.android.internal.view.IInputMethodClient$Stub$Proxy@4fcce6b (uid=1000 pid=8885)
02-21 11:18:25.037  8885  8885 W ContextImpl: Calling a method in the system process without a qualified user: android.app.ContextImpl.sendBroadcast:905 android.content.ContextWrapper.sendBroadcast:421 com.ifeelsmart.common.IFSTIFController.enableDisableParentalControl:881 com.ifeelsmart.common.IFSTIFController.init:588 com.ifeelsmart.common.IFSControllerManager.init:155 
02-21 11:18:25.068   558   861 I WindowManager: Destroying surface Surface(name=Sys2003:com.ifeelsmart.smartui/com.ifeelsmart.common.IFSNativeActivity) called by com.android.server.wm.WindowStateAnimator.destroySurface:2016 com.android.server.wm.WindowStateAnimator.destroySurfaceLocked:882 com.android.server.wm.WindowState.removeLocked:1456 com.android.server.wm.WindowManagerService.removeWindowInnerLocked:2484 com.android.server.wm.WindowManagerService.removeWindowLocked:2442 com.android.server.wm.WindowManagerService.removeWindowLocked:2311 com.android.server.wm.WindowManagerService.removeWindow:2306 com.android.server.wm.Session.remove:202 
02-21 11:18:25.069   558   861 W AppOps  : Finishing op nesting under-run: uid 1000 pkg com.ifeelsmart.smartui code 24 time=0 duration=0 nesting=0
02-21 11:18:25.154   558   570 I WindowManager: Destroying surface Surface(name=com.ifeelsmart.smartui/com.ifeelsmart.common.IFSNativeActivity) called by com.android.server.wm.WindowStateAnimator.destroySurface:2016 com.android.server.wm.WindowStateAnimator.destroySurfaceLocked:882 com.android.server.wm.WindowState.destroyOrSaveSurface:2100 com.android.server.wm.WindowManagerService.tryStartExitingAnimation:3024 com.android.server.wm.WindowManagerService.relayoutWindow:2904 com.android.server.wm.Session.relayout:224 android.view.IWindowSession$Stub.onTransact:286 com.android.server.wm.Session.onTransact:145 
02-21 11:18:25.261   558   570 I WindowManager: Destroying surface Surface(name=com.google.android.leanbacklauncher/com.google.android.leanbacklauncher.MainActivity) called by com.android.server.wm.WindowStateAnimator.destroySurface:2016 com.android.server.wm.WindowStateAnimator.destroySurfaceLocked:882 com.android.server.wm.WindowState.destroyOrSaveSurface:2100 com.android.server.wm.WindowManagerService.tryStartExitingAnimation:3024 com.android.server.wm.WindowManagerService.relayoutWindow:2904 com.android.server.wm.Session.relayout:224 android.view.IWindowSession$Stub.onTransact:286 com.android.server.wm.Session.onTransact:145 
02-21 11:18:25.413   558   579 I WindowManager: Destroying surface Surface(name=Starting com.ifeelsmart.smartui) called by com.android.server.wm.WindowStateAnimator.destroySurface:2016 com.android.server.wm.WindowStateAnimator.destroySurfaceLocked:882 com.android.server.wm.WindowState.destroyOrSaveSurface:2100 com.android.server.wm.AppWindowToken.destroySurfaces:363 com.android.server.wm.WindowStateAnimator.finishExit:565 com.android.server.wm.WindowStateAnimator.stepAnimationLocked:491 com.android.server.wm.WindowAnimator.updateWindowsLocked:303 com.android.server.wm.WindowAnimator.animateLocked:704 
02-21 11:18:30.914   558   598 D WindowManager: Unhandled key: win=Window{de6b0e9 u0 com.ifeelsmart.smartui/com.ifeelsmart.common.IFSNativeActivityImpl}, action=0, flags=0, keyCode=141, scanCode=0, metaState=0, repeatCount=0, policyFlags=1795162112
02-21 11:18:30.914   558   598 D WindowManager: No fallback.
02-21 11:18:30.923   558   598 D WindowManager: Unhandled key: win=Window{de6b0e9 u0 com.ifeelsmart.smartui/com.ifeelsmart.common.IFSNativeActivityImpl}, action=1, flags=0, keyCode=141, scanCode=0, metaState=0, repeatCount=0, policyFlags=1795162112
02-21 11:18:30.923   558   598 D WindowManager: No fallback.
02-21 11:18:31.066   558  1197 I PackageManager: Adding preferred activity com.ifeelsmart.smartui/com.ifeelsmart.common.IFSNativeActivity for user 0:
02-21 11:18:31.083   558  1138 I PackageManager: Adding preferred activity com.ifeelsmart.smartui/com.ifeelsmart.common.IFSNativeActivity for user 0:
02-21 11:18:31.085   558  1784 I PackageManager: Adding preferred activity com.ifeelsmart.smartui/com.ifeelsmart.common.IFSNativeActivity for user 0:
02-21 11:18:33.604   558   570 I WindowManager: Destroying surface Surface(name=SurfaceView - com.ifeelsmart.smartui/com.ifeelsmart.common.IFSNativeActivityImpl) called by com.android.server.wm.WindowStateAnimator.destroyDeferredSurfaceLocked:911 com.android.server.wm.WindowManagerService.performDeferredDestroyWindow:3121 com.android.server.wm.Session.performDeferredDestroy:234 android.view.IWindowSession$Stub.onTransact:398 com.android.server.wm.Session.onTransact:145 android.os.Binder.execTransact:565 <bottom of call stack> <bottom of call stack> 
02-21 11:18:41.805   558   598 D WindowManager: Unhandled key: win=Window{de6b0e9 u0 com.ifeelsmart.smartui/com.ifeelsmart.common.IFSNativeActivityImpl}, action=0, flags=0, keyCode=141, scanCode=0, metaState=0, repeatCount=0, policyFlags=1795162112
02-21 11:18:41.805   558   598 D WindowManager: No fallback.
02-21 11:18:41.811   558   598 D WindowManager: Unhandled key: win=Window{de6b0e9 u0 com.ifeelsmart.smartui/com.ifeelsmart.common.IFSNativeActivityImpl}, action=1, flags=0, keyCode=141, scanCode=0, metaState=0, repeatCount=0, policyFlags=1795162112
02-21 11:18:41.811   558   598 D WindowManager: No fallback.
02-21 11:18:43.224   558  1213 I WindowManager: Destroying surface Surface(name=SurfaceView - com.ifeelsmart.smartui/com.ifeelsmart.common.IFSNativeActivityImpl) called by com.android.server.wm.WindowStateAnimator.destroyDeferredSurfaceLocked:911 com.android.server.wm.WindowManagerService.performDeferredDestroyWindow:3121 com.android.server.wm.Session.performDeferredDestroy:234 android.view.IWindowSession$Stub.onTransact:398 com.android.server.wm.Session.onTransact:145 android.os.Binder.execTransact:565 <bottom of call stack> <bottom of call stack> 
02-21 11:18:43.747  8885  9033 W ContextImpl: Calling a method in the system process without a qualified user: android.app.ContextImpl.sendBroadcast:905 android.content.ContextWrapper.sendBroadcast:421 <bottom of call stack> <bottom of call stack> <bottom of call stack> 
02-21 11:19:00.050   558   580 W ProcessCpuTracker: Skipping unknown process pid 9658
02-21 11:19:05.236   558  1212 I WindowManager: Destroying surface Surface(name=SurfaceView - com.ifeelsmart.smartui/com.ifeelsmart.common.IFSNativeActivityImpl) called by com.android.server.wm.WindowStateAnimator.destroyDeferredSurfaceLocked:911 com.android.server.wm.WindowManagerService.performDeferredDestroyWindow:3121 com.android.server.wm.Session.performDeferredDestroy:234 android.view.IWindowSession$Stub.onTransact:398 com.android.server.wm.Session.onTransact:145 android.os.Binder.execTransact:565 <bottom of call stack> <bottom of call stack> 
02-21 11:19:06.370   558   580 W ProcessCpuTracker: Skipping unknown process pid 9757
02-21 11:19:09.324   558  1173 I WindowManager: Destroying surface Surface(name=SurfaceView - com.ifeelsmart.smartui/com.ifeelsmart.common.IFSNativeActivityImpl) called by com.android.server.wm.WindowStateAnimator.destroyDeferredSurfaceLocked:911 com.android.server.wm.WindowManagerService.performDeferredDestroyWindow:3121 com.android.server.wm.Session.performDeferredDestroy:234 android.view.IWindowSession$Stub.onTransact:398 com.android.server.wm.Session.onTransact:145 android.os.Binder.execTransact:565 <bottom of call stack> <bottom of call stack> 
02-21 11:19:13.545   558  1212 I WindowManager: Destroying surface Surface(name=SurfaceView - com.ifeelsmart.smartui/com.ifeelsmart.common.IFSNativeActivityImpl) called by com.android.server.wm.WindowStateAnimator.destroyDeferredSurfaceLocked:911 com.android.server.wm.WindowManagerService.performDeferredDestroyWindow:3121 com.android.server.wm.Session.performDeferredDestroy:234 android.view.IWindowSession$Stub.onTransact:398 com.android.server.wm.Session.onTransact:145 android.os.Binder.execTransact:565 <bottom of call stack> <bottom of call stack> 
02-21 11:19:40.000   558   579 I WindowManager: Destroying surface Surface(name=Toast) called by com.android.server.wm.WindowStateAnimator.destroySurface:2016 com.android.server.wm.WindowStateAnimator.destroySurfaceLocked:882 com.android.server.wm.WindowState.destroyOrSaveSurface:2100 com.android.server.wm.WindowSurfacePlacer.performSurfacePlacementInner:429 com.android.server.wm.WindowSurfacePlacer.performSurfacePlacementLoop:232 com.android.server.wm.WindowSurfacePlacer.performSurfacePlacement:180 com.android.server.wm.WindowManagerService$H.handleMessage:8086 android.os.Handler.dispatchMessage:102 
02-21 11:19:43.510   558   579 I WindowManager: Destroying surface Surface(name=Toast) called by com.android.server.wm.WindowStateAnimator.destroySurface:2016 com.android.server.wm.WindowStateAnimator.destroySurfaceLocked:882 com.android.server.wm.WindowState.destroyOrSaveSurface:2100 com.android.server.wm.WindowSurfacePlacer.performSurfacePlacementInner:429 com.android.server.wm.WindowSurfacePlacer.performSurfacePlacementLoop:232 com.android.server.wm.WindowSurfacePlacer.performSurfacePlacement:180 com.android.server.wm.WindowManagerService$H.handleMessage:8086 android.os.Handler.dispatchMessage:102 
02-21 11:19:46.999   558   579 I WindowManager: Destroying surface Surface(name=Toast) called by com.android.server.wm.WindowStateAnimator.destroySurface:2016 com.android.server.wm.WindowStateAnimator.destroySurfaceLocked:882 com.android.server.wm.WindowState.destroyOrSaveSurface:2100 com.android.server.wm.WindowSurfacePlacer.performSurfacePlacementInner:429 com.android.server.wm.WindowSurfacePlacer.performSurfacePlacementLoop:232 com.android.server.wm.WindowSurfacePlacer.performSurfacePlacement:180 com.android.server.wm.WindowManagerService$H.handleMessage:8086 android.os.Handler.dispatchMessage:102 
02-21 11:19:50.554   558   579 I WindowManager: Destroying surface Surface(name=Toast) called by com.android.server.wm.WindowStateAnimator.destroySurface:2016 com.android.server.wm.WindowStateAnimator.destroySurfaceLocked:882 com.android.server.wm.WindowState.destroyOrSaveSurface:2100 com.android.server.wm.WindowSurfacePlacer.performSurfacePlacementInner:429 com.android.server.wm.WindowSurfacePlacer.performSurfacePlacementLoop:232 com.android.server.wm.WindowSurfacePlacer.performSurfacePlacement:180 com.android.server.wm.WindowManagerService$H.handleMessage:8086 android.os.Handler.dispatchMessage:102 
02-21 11:19:54.011   558   579 I WindowManager: Destroying surface Surface(name=Toast) called by com.android.server.wm.WindowStateAnimator.destroySurface:2016 com.android.server.wm.WindowStateAnimator.destroySurfaceLocked:882 com.android.server.wm.WindowState.destroyOrSaveSurface:2100 com.android.server.wm.WindowSurfacePlacer.performSurfacePlacementInner:429 com.android.server.wm.WindowSurfacePlacer.performSurfacePlacementLoop:232 com.android.server.wm.WindowSurfacePlacer.performSurfacePlacement:180 com.android.server.wm.WindowManagerService$H.handleMessage:8086 android.os.Handler.dispatchMessage:102 
02-21 11:19:57.505   558   579 I WindowManager: Destroying surface Surface(name=Toast) called by com.android.server.wm.WindowStateAnimator.destroySurface:2016 com.android.server.wm.WindowStateAnimator.destroySurfaceLocked:882 com.android.server.wm.WindowState.destroyOrSaveSurface:2100 com.android.server.wm.WindowSurfacePlacer.performSurfacePlacementInner:429 com.android.server.wm.WindowSurfacePlacer.performSurfacePlacementLoop:232 com.android.server.wm.WindowSurfacePlacer.performSurfacePlacement:180 com.android.server.wm.WindowManagerService$H.handleMessage:8086 android.os.Handler.dispatchMessage:102 
02-21 11:21:20.278   558  1213 I WindowManager: Destroying surface Surface(name=SurfaceView - com.ifeelsmart.smartui/com.ifeelsmart.common.IFSNativeActivityImpl) called by com.android.server.wm.WindowStateAnimator.destroyDeferredSurfaceLocked:911 com.android.server.wm.WindowManagerService.performDeferredDestroyWindow:3121 com.android.server.wm.Session.performDeferredDestroy:234 android.view.IWindowSession$Stub.onTransact:398 com.android.server.wm.Session.onTransact:145 android.os.Binder.execTransact:565 <bottom of call stack> <bottom of call stack> 
02-21 11:21:24.669   558   569 I WindowManager: Destroying surface Surface(name=SurfaceView - com.ifeelsmart.smartui/com.ifeelsmart.common.IFSNativeActivityImpl) called by com.android.server.wm.WindowStateAnimator.destroyDeferredSurfaceLocked:911 com.android.server.wm.WindowManagerService.performDeferredDestroyWindow:3121 com.android.server.wm.Session.performDeferredDestroy:234 android.view.IWindowSession$Stub.onTransact:398 com.android.server.wm.Session.onTransact:145 android.os.Binder.execTransact:565 <bottom of call stack> <bottom of call stack> 
02-21 11:21:28.573   558   570 I WindowManager: Destroying surface Surface(name=SurfaceView - com.ifeelsmart.smartui/com.ifeelsmart.common.IFSNativeActivityImpl) called by com.android.server.wm.WindowStateAnimator.destroyDeferredSurfaceLocked:911 com.android.server.wm.WindowManagerService.performDeferredDestroyWindow:3121 com.android.server.wm.Session.performDeferredDestroy:234 android.view.IWindowSession$Stub.onTransact:398 com.android.server.wm.Session.onTransact:145 android.os.Binder.execTransact:565 <bottom of call stack> <bottom of call stack> 
02-21 11:21:29.187   558   570 W WindowManager: Attempted to remove non-existing token: android.os.Binder@a469ebd
02-21 11:23:35.911   558   571 I UsageStatsService: User[0] Flushing usage stats to disk
02-21 11:23:39.927   558   579 I WindowManager: Destroying surface Surface(name=Toast) called by com.android.server.wm.WindowStateAnimator.destroySurface:2016 com.android.server.wm.WindowStateAnimator.destroySurfaceLocked:882 com.android.server.wm.WindowState.destroyOrSaveSurface:2100 com.android.server.wm.WindowSurfacePlacer.performSurfacePlacementInner:429 com.android.server.wm.WindowSurfacePlacer.performSurfacePlacementLoop:232 com.android.server.wm.WindowSurfacePlacer.performSurfacePlacement:180 com.android.server.wm.WindowManagerService$H.handleMessage:8086 android.os.Handler.dispatchMessage:102 
02-21 11:23:43.452   558   579 I WindowManager: Destroying surface Surface(name=Toast) called by com.android.server.wm.WindowStateAnimator.destroySurface:2016 com.android.server.wm.WindowStateAnimator.destroySurfaceLocked:882 com.android.server.wm.WindowState.destroyOrSaveSurface:2100 com.android.server.wm.WindowSurfacePlacer.performSurfacePlacementInner:429 com.android.server.wm.WindowSurfacePlacer.performSurfacePlacementLoop:232 com.android.server.wm.WindowSurfacePlacer.performSurfacePlacement:180 com.android.server.wm.WindowManagerService$H.handleMessage:8086 android.os.Handler.dispatchMessage:102 
02-21 11:23:46.949   558   579 I WindowManager: Destroying surface Surface(name=Toast) called by com.android.server.wm.WindowStateAnimator.destroySurface:2016 com.android.server.wm.WindowStateAnimator.destroySurfaceLocked:882 com.android.server.wm.WindowState.destroyOrSaveSurface:2100 com.android.server.wm.WindowSurfacePlacer.performSurfacePlacementInner:429 com.android.server.wm.WindowSurfacePlacer.performSurfacePlacementLoop:232 com.android.server.wm.WindowSurfacePlacer.performSurfacePlacement:180 com.android.server.wm.WindowManagerService$H.handleMessage:8086 android.os.Handler.dispatchMessage:102 
02-21 11:23:50.473   558   579 I WindowManager: Destroying surface Surface(name=Toast) called by com.android.server.wm.WindowStateAnimator.destroySurface:2016 com.android.server.wm.WindowStateAnimator.destroySurfaceLocked:882 com.android.server.wm.WindowState.destroyOrSaveSurface:2100 com.android.server.wm.WindowSurfacePlacer.performSurfacePlacementInner:429 com.android.server.wm.WindowSurfacePlacer.performSurfacePlacementLoop:232 com.android.server.wm.WindowSurfacePlacer.performSurfacePlacement:180 com.android.server.wm.WindowManagerService$H.handleMessage:8086 android.os.Handler.dispatchMessage:102 
02-21 11:23:53.975   558   579 I WindowManager: Destroying surface Surface(name=Toast) called by com.android.server.wm.WindowStateAnimator.destroySurface:2016 com.android.server.wm.WindowStateAnimator.destroySurfaceLocked:882 com.android.server.wm.WindowState.destroyOrSaveSurface:2100 com.android.server.wm.WindowSurfacePlacer.performSurfacePlacementInner:429 com.android.server.wm.WindowSurfacePlacer.performSurfacePlacementLoop:232 com.android.server.wm.WindowSurfacePlacer.performSurfacePlacement:180 com.android.server.wm.WindowManagerService$H.handleMessage:8086 android.os.Handler.dispatchMessage:102 
02-21 11:23:57.480   558   579 I WindowManager: Destroying surface Surface(name=Toast) called by com.android.server.wm.WindowStateAnimator.destroySurface:2016 com.android.server.wm.WindowStateAnimator.destroySurfaceLocked:882 com.android.server.wm.WindowState.destroyOrSaveSurface:2100 com.android.server.wm.WindowSurfacePlacer.performSurfacePlacementInner:429 com.android.server.wm.WindowSurfacePlacer.performSurfacePlacementLoop:232 com.android.server.wm.WindowSurfacePlacer.performSurfacePlacement:180 com.android.server.wm.WindowManagerService$H.handleMessage:8086 android.os.Handler.dispatchMessage:102 
02-21 11:27:39.919   558   579 I WindowManager: Destroying surface Surface(name=Toast) called by com.android.server.wm.WindowStateAnimator.destroySurface:2016 com.android.server.wm.WindowStateAnimator.destroySurfaceLocked:882 com.android.server.wm.WindowState.destroyOrSaveSurface:2100 com.android.server.wm.WindowSurfacePlacer.performSurfacePlacementInner:429 com.android.server.wm.WindowSurfacePlacer.performSurfacePlacementLoop:232 com.android.server.wm.WindowSurfacePlacer.performSurfacePlacement:180 com.android.server.wm.WindowManagerService$H.handleMessage:8086 android.os.Handler.dispatchMessage:102 
02-21 11:27:43.424   558   579 I WindowManager: Destroying surface Surface(name=Toast) called by com.android.server.wm.WindowStateAnimator.destroySurface:2016 com.android.server.wm.WindowStateAnimator.destroySurfaceLocked:882 com.android.server.wm.WindowState.destroyOrSaveSurface:2100 com.android.server.wm.WindowSurfacePlacer.performSurfacePlacementInner:429 com.android.server.wm.WindowSurfacePlacer.performSurfacePlacementLoop:232 com.android.server.wm.WindowSurfacePlacer.performSurfacePlacement:180 com.android.server.wm.WindowManagerService$H.handleMessage:8086 android.os.Handler.dispatchMessage:102 
02-21 11:27:46.926   558   579 I WindowManager: Destroying surface Surface(name=Toast) called by com.android.server.wm.WindowStateAnimator.destroySurface:2016 com.android.server.wm.WindowStateAnimator.destroySurfaceLocked:882 com.android.server.wm.WindowState.destroyOrSaveSurface:2100 com.android.server.wm.WindowSurfacePlacer.performSurfacePlacementInner:429 com.android.server.wm.WindowSurfacePlacer.performSurfacePlacementLoop:232 com.android.server.wm.WindowSurfacePlacer.performSurfacePlacement:180 com.android.server.wm.WindowManagerService$H.handleMessage:8086 android.os.Handler.dispatchMessage:102 
02-21 11:27:50.427   558   579 I WindowManager: Destroying surface Surface(name=Toast) called by com.android.server.wm.WindowStateAnimator.destroySurface:2016 com.android.server.wm.WindowStateAnimator.destroySurfaceLocked:882 com.android.server.wm.WindowState.destroyOrSaveSurface:2100 com.android.server.wm.WindowSurfacePlacer.performSurfacePlacementInner:429 com.android.server.wm.WindowSurfacePlacer.performSurfacePlacementLoop:232 com.android.server.wm.WindowSurfacePlacer.performSurfacePlacement:180 com.android.server.wm.WindowManagerService$H.handleMessage:8086 android.os.Handler.dispatchMessage:102 
02-21 11:27:53.932   558   579 I WindowManager: Destroying surface Surface(name=Toast) called by com.android.server.wm.WindowStateAnimator.destroySurface:2016 com.android.server.wm.WindowStateAnimator.destroySurfaceLocked:882 com.android.server.wm.WindowState.destroyOrSaveSurface:2100 com.android.server.wm.WindowSurfacePlacer.performSurfacePlacementInner:429 com.android.server.wm.WindowSurfacePlacer.performSurfacePlacementLoop:232 com.android.server.wm.WindowSurfacePlacer.performSurfacePlacement:180 com.android.server.wm.WindowManagerService$H.handleMessage:8086 android.os.Handler.dispatchMessage:102 
02-21 11:27:57.436   558   579 I WindowManager: Destroying surface Surface(name=Toast) called by com.android.server.wm.WindowStateAnimator.destroySurface:2016 com.android.server.wm.WindowStateAnimator.destroySurfaceLocked:882 com.android.server.wm.WindowState.destroyOrSaveSurface:2100 com.android.server.wm.WindowSurfacePlacer.performSurfacePlacementInner:429 com.android.server.wm.WindowSurfacePlacer.performSurfacePlacementLoop:232 com.android.server.wm.WindowSurfacePlacer.performSurfacePlacement:180 com.android.server.wm.WindowManagerService$H.handleMessage:8086 android.os.Handler.dispatchMessage:102 
02-21 11:31:39.925   558   579 I WindowManager: Destroying surface Surface(name=Toast) called by com.android.server.wm.WindowStateAnimator.destroySurface:2016 com.android.server.wm.WindowStateAnimator.destroySurfaceLocked:882 com.android.server.wm.WindowState.destroyOrSaveSurface:2100 com.android.server.wm.WindowSurfacePlacer.performSurfacePlacementInner:429 com.android.server.wm.WindowSurfacePlacer.performSurfacePlacementLoop:232 com.android.server.wm.WindowSurfacePlacer.performSurfacePlacement:180 com.android.server.wm.WindowManagerService$H.handleMessage:8086 android.os.Handler.dispatchMessage:102 
02-21 11:31:43.442   558   579 I WindowManager: Destroying surface Surface(name=Toast) called by com.android.server.wm.WindowStateAnimator.destroySurface:2016 com.android.server.wm.WindowStateAnimator.destroySurfaceLocked:882 com.android.server.wm.WindowState.destroyOrSaveSurface:2100 com.android.server.wm.WindowSurfacePlacer.performSurfacePlacementInner:429 com.android.server.wm.WindowSurfacePlacer.performSurfacePlacementLoop:232 com.android.server.wm.WindowSurfacePlacer.performSurfacePlacement:180 com.android.server.wm.WindowManagerService$H.handleMessage:8086 android.os.Handler.dispatchMessage:102 
02-21 11:31:46.933   558   579 I WindowManager: Destroying surface Surface(name=Toast) called by com.android.server.wm.WindowStateAnimator.destroySurface:2016 com.android.server.wm.WindowStateAnimator.destroySurfaceLocked:882 com.android.server.wm.WindowState.destroyOrSaveSurface:2100 com.android.server.wm.WindowSurfacePlacer.performSurfacePlacementInner:429 com.android.server.wm.WindowSurfacePlacer.performSurfacePlacementLoop:232 com.android.server.wm.WindowSurfacePlacer.performSurfacePlacement:180 com.android.server.wm.WindowManagerService$H.handleMessage:8086 android.os.Handler.dispatchMessage:102 
02-21 11:31:50.450   558   579 I WindowManager: Destroying surface Surface(name=Toast) called by com.android.server.wm.WindowStateAnimator.destroySurface:2016 com.android.server.wm.WindowStateAnimator.destroySurfaceLocked:882 com.android.server.wm.WindowState.destroyOrSaveSurface:2100 com.android.server.wm.WindowSurfacePlacer.performSurfacePlacementInner:429 com.android.server.wm.WindowSurfacePlacer.performSurfacePlacementLoop:232 com.android.server.wm.WindowSurfacePlacer.performSurfacePlacement:180 com.android.server.wm.WindowManagerService$H.handleMessage:8086 android.os.Handler.dispatchMessage:102 
02-21 11:31:53.938   558   579 I WindowManager: Destroying surface Surface(name=Toast) called by com.android.server.wm.WindowStateAnimator.destroySurface:2016 com.android.server.wm.WindowStateAnimator.destroySurfaceLocked:882 com.android.server.wm.WindowState.destroyOrSaveSurface:2100 com.android.server.wm.WindowSurfacePlacer.performSurfacePlacementInner:429 com.android.server.wm.WindowSurfacePlacer.performSurfacePlacementLoop:232 com.android.server.wm.WindowSurfacePlacer.performSurfacePlacement:180 com.android.server.wm.WindowManagerService$H.handleMessage:8086 android.os.Handler.dispatchMessage:102 
02-21 11:31:57.444   558   579 I WindowManager: Destroying surface Surface(name=Toast) called by com.android.server.wm.WindowStateAnimator.destroySurface:2016 com.android.server.wm.WindowStateAnimator.destroySurfaceLocked:882 com.android.server.wm.WindowState.destroyOrSaveSurface:2100 com.android.server.wm.WindowSurfacePlacer.performSurfacePlacementInner:429 com.android.server.wm.WindowSurfacePlacer.performSurfacePlacementLoop:232 com.android.server.wm.WindowSurfacePlacer.performSurfacePlacement:180 com.android.server.wm.WindowManagerService$H.handleMessage:8086 android.os.Handler.dispatchMessage:102 
02-21 11:35:39.936   558   579 I WindowManager: Destroying surface Surface(name=Toast) called by com.android.server.wm.WindowStateAnimator.destroySurface:2016 com.android.server.wm.WindowStateAnimator.destroySurfaceLocked:882 com.android.server.wm.WindowState.destroyOrSaveSurface:2100 com.android.server.wm.WindowSurfacePlacer.performSurfacePlacementInner:429 com.android.server.wm.WindowSurfacePlacer.performSurfacePlacementLoop:232 com.android.server.wm.WindowSurfacePlacer.performSurfacePlacement:180 com.android.server.wm.WindowManagerService$H.handleMessage:8086 android.os.Handler.dispatchMessage:102 
02-21 11:35:43.421   558   579 I WindowManager: Destroying surface Surface(name=Toast) called by com.android.server.wm.WindowStateAnimator.destroySurface:2016 com.android.server.wm.WindowStateAnimator.destroySurfaceLocked:882 com.android.server.wm.WindowState.destroyOrSaveSurface:2100 com.android.server.wm.WindowSurfacePlacer.performSurfacePlacementInner:429 com.android.server.wm.WindowSurfacePlacer.performSurfacePlacementLoop:232 com.android.server.wm.WindowSurfacePlacer.performSurfacePlacement:180 com.android.server.wm.WindowManagerService$H.handleMessage:8086 android.os.Handler.dispatchMessage:102 
02-21 11:35:46.927   558   579 I WindowManager: Destroying surface Surface(name=Toast) called by com.android.server.wm.WindowStateAnimator.destroySurface:2016 com.android.server.wm.WindowStateAnimator.destroySurfaceLocked:882 com.android.server.wm.WindowState.destroyOrSaveSurface:2100 com.android.server.wm.WindowSurfacePlacer.performSurfacePlacementInner:429 com.android.server.wm.WindowSurfacePlacer.performSurfacePlacementLoop:232 com.android.server.wm.WindowSurfacePlacer.performSurfacePlacement:180 com.android.server.wm.WindowManagerService$H.handleMessage:8086 android.os.Handler.dispatchMessage:102 
02-21 11:35:50.427   558   579 I WindowManager: Destroying surface Surface(name=Toast) called by com.android.server.wm.WindowStateAnimator.destroySurface:2016 com.android.server.wm.WindowStateAnimator.destroySurfaceLocked:882 com.android.server.wm.WindowState.destroyOrSaveSurface:2100 com.android.server.wm.WindowSurfacePlacer.performSurfacePlacementInner:429 com.android.server.wm.WindowSurfacePlacer.performSurfacePlacementLoop:232 com.android.server.wm.WindowSurfacePlacer.performSurfacePlacement:180 com.android.server.wm.WindowManagerService$H.handleMessage:8086 android.os.Handler.dispatchMessage:102 
02-21 11:35:53.951   558   579 I WindowManager: Destroying surface Surface(name=Toast) called by com.android.server.wm.WindowStateAnimator.destroySurface:2016 com.android.server.wm.WindowStateAnimator.destroySurfaceLocked:882 com.android.server.wm.WindowState.destroyOrSaveSurface:2100 com.android.server.wm.WindowSurfacePlacer.performSurfacePlacementInner:429 com.android.server.wm.WindowSurfacePlacer.performSurfacePlacementLoop:232 com.android.server.wm.WindowSurfacePlacer.performSurfacePlacement:180 com.android.server.wm.WindowManagerService$H.handleMessage:8086 android.os.Handler.dispatchMessage:102 
02-21 11:35:57.435   558   579 I WindowManager: Destroying surface Surface(name=Toast) called by com.android.server.wm.WindowStateAnimator.destroySurface:2016 com.android.server.wm.WindowStateAnimator.destroySurfaceLocked:882 com.android.server.wm.WindowState.destroyOrSaveSurface:2100 com.android.server.wm.WindowSurfacePlacer.performSurfacePlacementInner:429 com.android.server.wm.WindowSurfacePlacer.performSurfacePlacementLoop:232 com.android.server.wm.WindowSurfacePlacer.performSurfacePlacement:180 com.android.server.wm.WindowManagerService$H.handleMessage:8086 android.os.Handler.dispatchMessage:102 
02-21 11:39:39.923   558   579 I WindowManager: Destroying surface Surface(name=Toast) called by com.android.server.wm.WindowStateAnimator.destroySurface:2016 com.android.server.wm.WindowStateAnimator.destroySurfaceLocked:882 com.android.server.wm.WindowState.destroyOrSaveSurface:2100 com.android.server.wm.WindowSurfacePlacer.performSurfacePlacementInner:429 com.android.server.wm.WindowSurfacePlacer.performSurfacePlacementLoop:232 com.android.server.wm.WindowSurfacePlacer.performSurfacePlacement:180 com.android.server.wm.WindowManagerService$H.handleMessage:8086 android.os.Handler.dispatchMessage:102 
02-21 11:39:43.428   558   579 I WindowManager: Destroying surface Surface(name=Toast) called by com.android.server.wm.WindowStateAnimator.destroySurface:2016 com.android.server.wm.WindowStateAnimator.destroySurfaceLocked:882 com.android.server.wm.WindowState.destroyOrSaveSurface:2100 com.android.server.wm.WindowSurfacePlacer.performSurfacePlacementInner:429 com.android.server.wm.WindowSurfacePlacer.performSurfacePlacementLoop:232 com.android.server.wm.WindowSurfacePlacer.performSurfacePlacement:180 com.android.server.wm.WindowManagerService$H.handleMessage:8086 android.os.Handler.dispatchMessage:102 
02-21 11:39:46.929   558   579 I WindowManager: Destroying surface Surface(name=Toast) called by com.android.server.wm.WindowStateAnimator.destroySurface:2016 com.android.server.wm.WindowStateAnimator.destroySurfaceLocked:882 com.android.server.wm.WindowState.destroyOrSaveSurface:2100 com.android.server.wm.WindowSurfacePlacer.performSurfacePlacementInner:429 com.android.server.wm.WindowSurfacePlacer.performSurfacePlacementLoop:232 com.android.server.wm.WindowSurfacePlacer.performSurfacePlacement:180 com.android.server.wm.WindowManagerService$H.handleMessage:8086 android.os.Handler.dispatchMessage:102 
