02-21 12:15:44.106  1629  1915 I chromium: [1629:1915:INFO:mdns_app_filter.cc(2140)] MdnsAppFilter: responses sent in 60 seconds: 4
02-21 12:15:49.551  1629  1957 I chromium: [1629:1957:INFO:ssdp_device.c(101)] SSDP packets sent for 66 seconds = 1
02-21 12:15:50.013   191  1942 E [72047.766] [35;1mAmp1@@[MODULE_GENERIC:Widevine_GetHDCPCapability():3174]:[0m : Widevine_GetHDCPCapability, curhdcp: 0x4, maximum: 0x4, rel 0x0
02-21 12:15:50.429   168 11960 I chatty  : uid=0(root) AMPFW_Processor expire 28 lines
02-21 12:15:51.303   887   907 I chatty  : uid=0(root) TIMER_E expire 26 lines
02-21 12:15:57.005   168   403 I chatty  : uid=0(root) JobThread expire 1 line
02-21 12:15:57.005   191  1942 E [72054.758] [35;1mAmp1@@[MODULE_GENERIC:Widevine_GetHDCPCapability():3174]:[0m : Widevine_GetHDCPCapability, curhdcp: 0x4, maximum: 0x4, rel 0x0
02-21 12:16:00.023   558   572 I ProcessStatsService: Prepared write state in 2ms
02-21 12:16:03.766  2269  2269 D inetService: Service is running, execute ping test...
02-21 12:16:03.847  2269  2269 D inetServiceBL: Pinging to address: 192.168.1.1
02-21 12:16:03.915  2269  2269 D inetServiceBL: Ping response 0: true
02-21 12:16:03.955  1367 12673 W System  : ClassLoader referenced unknown path: /system/priv-app/PrebuiltGmsCorePano/lib/arm
02-21 12:16:03.970  2269  2269 D inetServiceBL: Ping response 1: true
02-21 12:16:04.007   191   191 E [72061.760] [35;1mAmp1@@[MODULE_GENERIC:Widevine_GetHDCPCapability():3174]:[0m : Widevine_GetHDCPCapability, curhdcp: 0x4, maximum: 0x4, rel 0x0
02-21 12:16:04.013  2269  2269 D inetServiceBL: Ping response 2: true
02-21 12:16:04.047  2269  2269 D inetServiceBL: Ping response 3: true
02-21 12:16:04.089   177   828 I v_gralloc: Allocate buffer=0xe6de0600  for pid=2269: size=577x88 format=1 usage=0x00000900 info=368:9:32e00-0:0:0 gid=0
02-21 12:16:04.090   177   828 I v_gralloc: Allocate buffer=0xe6de0980  for pid=2269: size=577x88 format=1 usage=0x00000900 info=369:9:32e00-0:0:0 gid=0
02-21 12:16:04.090   177   828 I v_gralloc: Allocate buffer=0xe6de0a60  for pid=2269: size=577x88 format=1 usage=0x00000900 info=36a:9:32e00-0:0:0 gid=0
02-21 12:16:04.094   177   234 I v_gralloc: Allocate buffer=0xe6de0a60  for pid=2269: size=577x88 format=1 usage=0x00000B00 info=36b:9:32e00-0:0:0 gid=0
02-21 12:16:04.096  2269  2321 I v_gralloc: Register buffer=0xdeab8560 from pid=2269: size=577x88 format=1 usage=0x00000B00 info=36b:9:32e00-0:0:0
02-21 12:16:04.099   177   603 I v_gralloc: Allocate buffer=0xe6de0980  for pid=2269: size=577x88 format=1 usage=0x00000B00 info=36c:9:32e00-0:0:0 gid=0
02-21 12:16:04.101  2269  2321 I v_gralloc: Register buffer=0xdeab5d20 from pid=2269: size=577x88 format=1 usage=0x00000B00 info=36c:9:32e00-0:0:0
02-21 12:16:04.102   177   234 I v_gralloc: Allocate buffer=0xe6de0600  for pid=2269: size=577x88 format=1 usage=0x00000B00 info=36d:9:32e00-0:0:0 gid=0
02-21 12:16:04.103  2269  2321 I v_gralloc: Register buffer=0xdeab7140 from pid=2269: size=577x88 format=1 usage=0x00000B00 info=36d:9:32e00-0:0:0
02-21 12:16:04.106   177   828 I v_gralloc: Allocate buffer=0xe6de0a60  for pid=2269: size=577x88 format=1 usage=0x03000B00 info=36e:9:50000-36f:6:500 gid=0
02-21 12:16:04.109  2269  2321 I v_gralloc: Register buffer=0xdeab8560 from pid=2269: size=577x88 format=1 usage=0x03000B00 info=36e:9:50000-36f:6:500
02-21 12:16:04.131   177   234 I v_gralloc: Allocate buffer=0xe6de0980  for pid=2269: size=577x88 format=1 usage=0x03000B00 info=370:9:50000-371:6:500 gid=0
02-21 12:16:04.133  2269  2321 I v_gralloc: Register buffer=0xdeab5d20 from pid=2269: size=577x88 format=1 usage=0x03000B00 info=370:9:50000-371:6:500
02-21 12:16:04.148   168   299 I chatty  : uid=0(root) VPP_ISR_Task expire 3 lines
02-21 12:16:04.186  8885 11783 I chatty  : uid=1000(system) com.ifeelsmart.smartui expire 36 lines
02-21 12:16:04.218  8885  8896 I chatty  : uid=1000(system) com.ifeelsmart.smartui expire 35 lines
02-21 12:16:04.295  8885  9033 I chatty  : uid=1000(system) com.ifeelsmart.smartui expire 4 lines
02-21 12:16:04.430   168 11960 I chatty  : uid=0(root) AMPFW_Processor expire 14 lines
02-21 12:16:04.757  1367 12680 I EventLogChimeraService: Aggregate from 1550742319578 (log), 1550742319578 (data)
02-21 12:16:05.029  1050  1572 E SQLiteDatabase: Error inserting source=4 tag=AggregationTaskTag target_package=com.google.android.gms requires_charging=0 source_version=11509000 required_network_type=2 flex_time=600000 target_class=com.google.android.gms.checkin.EventLogService runtime=1550744167654 retry_strategy={"maximum_backoff_seconds":{"3600":0},"initial_backoff_seconds":{"30":0},"retry_policy":{"0":0}} period=1800000 last_runtime=0 task_type=1 job_id=-1 user_id=0
02-21 12:16:05.029  1050  1572 E SQLiteDatabase: android.database.sqlite.SQLiteConstraintException: UNIQUE constraint failed: pending_ops.tag, pending_ops.target_class, pending_ops.target_package, pending_ops.user_id (code 2067)
02-21 12:16:05.029  1050  1572 E SQLiteDatabase: 	at android.database.sqlite.SQLiteConnection.nativeExecuteForLastInsertedRowId(Native Method)
02-21 12:16:05.029  1050  1572 E SQLiteDatabase: 	at android.database.sqlite.SQLiteConnection.executeForLastInsertedRowId(SQLiteConnection.java:782)
02-21 12:16:05.029  1050  1572 E SQLiteDatabase: 	at android.database.sqlite.SQLiteSession.executeForLastInsertedRowId(SQLiteSession.java:788)
02-21 12:16:05.029  1050  1572 E SQLiteDatabase: 	at android.database.sqlite.SQLiteStatement.executeInsert(SQLiteStatement.java:86)
02-21 12:16:05.029  1050  1572 E SQLiteDatabase: 	at android.database.sqlite.SQLiteDatabase.insertWithOnConflict(SQLiteDatabase.java:1474)
02-21 12:16:05.029  1050  1572 E SQLiteDatabase: 	at android.database.sqlite.SQLiteDatabase.insert(SQLiteDatabase.java:1343)
02-21 12:16:05.029  1050  1572 E SQLiteDatabase: 	at mfx.a(:com.google.android.gms@11509836:208)
02-21 12:16:05.029  1050  1572 E SQLiteDatabase: 	at mhd.a(:com.google.android.gms@11509836:64)
02-21 12:16:05.029  1050  1572 E SQLiteDatabase: 	at mhe.handleMessage(:com.google.android.gms@11509836:29)
02-21 12:16:05.029  1050  1572 E SQLiteDatabase: 	at android.os.Handler.dispatchMessage(Handler.java:102)
02-21 12:16:05.029  1050  1572 E SQLiteDatabase: 	at android.os.Looper.loop(Looper.java:154)
02-21 12:16:05.029  1050  1572 E SQLiteDatabase: 	at android.os.HandlerThread.run(HandlerThread.java:61)
02-21 12:16:05.030  1050  1572 E NetworkScheduler: Error persisting task: com.google.android.gms/.checkin.EventLogService{u=0 tag="AggregationTaskTag" trigger=window{period=1800s,flex=600s,earliest=1202s,latest=1802s} requirements=[NET_ANY] attributes=[PERSISTED,RECURRING] scheduled=2s last_run=N/A jid=N/A status=PENDING retries=0}
02-21 12:16:05.267  1129  2214 D OTAManager: Check NetworkState
02-21 12:16:07.234   168   333 I chatty  : uid=0(root) DISP_Status_Mon expire 6 lines
02-21 12:16:07.374   177   230 I v_gralloc: Allocate buffer=0xe6de0980  for pid=2269: size=503x88 format=1 usage=0x00000900 info=372:9:2c000-0:0:0 gid=0
02-21 12:16:07.375   177   230 I v_gralloc: Allocate buffer=0xe21f8380  for pid=2269: size=503x88 format=1 usage=0x00000900 info=373:9:2c000-0:0:0 gid=0
02-21 12:16:07.377   177   230 I v_gralloc: Allocate buffer=0xe21f8700  for pid=2269: size=503x88 format=1 usage=0x00000900 info=374:9:2c000-0:0:0 gid=0
02-21 12:16:07.379   177   827 I v_gralloc: Allocate buffer=0xe21f8700  for pid=2269: size=503x88 format=1 usage=0x00000B00 info=375:9:2c000-0:0:0 gid=0
02-21 12:16:07.380  2269  2321 I v_gralloc: Register buffer=0xdeab8560 from pid=2269: size=503x88 format=1 usage=0x00000B00 info=375:9:2c000-0:0:0
02-21 12:16:07.381   177   234 I v_gralloc: Allocate buffer=0xe21f8380  for pid=2269: size=503x88 format=1 usage=0x00000B00 info=376:9:2c000-0:0:0 gid=0
02-21 12:16:07.383  2269  2321 I v_gralloc: Register buffer=0xdeab5d20 from pid=2269: size=503x88 format=1 usage=0x00000B00 info=376:9:2c000-0:0:0
02-21 12:16:07.385   177   828 I v_gralloc: Allocate buffer=0xe6de0980  for pid=2269: size=503x88 format=1 usage=0x00000B00 info=377:9:2c000-0:0:0 gid=0
02-21 12:16:07.386  2269  2321 I v_gralloc: Register buffer=0xdeab7140 from pid=2269: size=503x88 format=1 usage=0x00000B00 info=377:9:2c000-0:0:0
02-21 12:16:07.392   177   828 I v_gralloc: Allocate buffer=0xe21f8700  for pid=2269: size=503x88 format=1 usage=0x03000B00 info=378:9:40000-379:6:400 gid=0
02-21 12:16:07.394  2269  2321 I v_gralloc: Register buffer=0xdeab8560 from pid=2269: size=503x88 format=1 usage=0x03000B00 info=378:9:40000-379:6:400
02-21 12:16:07.397   177   827 I v_gralloc: Allocate buffer=0xe21f8380  for pid=2269: size=503x88 format=1 usage=0x03000B00 info=37a:9:40000-37b:6:400 gid=0
02-21 12:16:07.397  2269  2321 I v_gralloc: Register buffer=0xdeab5d20 from pid=2269: size=503x88 format=1 usage=0x03000B00 info=37a:9:40000-37b:6:400
02-21 12:16:07.889   558   579 I WindowManager: Destroying surface Surface(name=Toast) called by com.android.server.wm.WindowStateAnimator.destroySurface:2016 com.android.server.wm.WindowStateAnimator.destroySurfaceLocked:882 com.android.server.wm.WindowState.destroyOrSaveSurface:2100 com.android.server.wm.WindowSurfacePlacer.performSurfacePlacementInner:429 com.android.server.wm.WindowSurfacePlacer.performSurfacePlacementLoop:232 com.android.server.wm.WindowSurfacePlacer.performSurfacePlacement:180 com.android.server.wm.WindowManagerService$H.handleMessage:8086 android.os.Handler.dispatchMessage:102 
02-21 12:16:08.049  2215  2372 D com.lge.tr069c.admindm.inform.ScheduleInform: == BroadcastReceiver TASK ==
02-21 12:16:10.143   558   558 D ZenLog  : intercepted: 0|com.google.android.youtube.tv|480320134|null|10058,alarmsOnly
02-21 12:16:10.146   558   558 V NotificationService: pkg=com.google.android.youtube.tv canInterrupt=false intercept=true
02-21 12:16:10.181   558   558 D ZenLog  : intercepted: 0|com.google.android.youtube.tv|74835594|null|10058,alarmsOnly
02-21 12:16:10.188   558   558 V NotificationService: pkg=com.google.android.youtube.tv canInterrupt=false intercept=true
02-21 12:16:10.303  1255  1255 D B-RecommendationsManager: ClientHandler#handleMessage: msg={ when=0 what=1 target=com.google.android.tvrecommendations.service.RecommendationsManager$ClientHandler }
02-21 12:16:10.303  1255  1255 D B-RecommendationsManager: 	msg.what=MSG_NOTIFICATION (1)
02-21 12:16:10.305  1255  1255 D B-RecommendationsManager: recommendationBatchPostedInt:
02-21 12:16:10.305  1255  1255 D B-RecommendationsManager: 	postedBatch=[RecOperation(ADD): StatusBarNotification(pkg=com.google.android.youtube.tv user=UserHandle{0} id=480320134 tag=null key=0|com.google.android.youtube.tv|480320134|null|10058: Notification(pri=-2 contentView=null vibrate=null sound=null defaults=0x0 flags=0x102 color=0xffb31217 category=recommendation groupKey=Bottom vis=PRIVATE)), RecOperation(ADD): StatusBarNotification(pkg=com.google.android.youtube.tv user=UserHandle{0} id=74835594 tag=null key=0|com.google.android.youtube.tv|74835594|null|10058: Notification(pri=2 contentView=null vibrate=null sound=null defaults=0x0 flags=0x102 color=0xffb31217 category=recommendation groupKey=Top vis=PRIVATE))]
02-21 12:16:10.305  1255  1255 D B-RecommendationsManager: 	mStarted=true
02-21 12:16:10.309  1255  1255 D Ranker  : markPostedRecommendations: packageName=com.google.android.youtube.tv
02-21 12:16:10.310  1255  1255 D Ranker  : isBlacklisted: packageName="com.google.android.youtube.tv" -> false
02-21 12:16:10.331   558   568 I art     : Background partial concurrent mark sweep GC freed 35222(1929KB) AllocSpace objects, 26(520KB) LOS objects, 27% free, 10MB/14MB, paused 2.270ms total 190.980ms
02-21 12:16:10.529  1255  1255 D Ranker  : markPostedRecommendations: packageName=com.google.android.youtube.tv
02-21 12:16:10.529  1255  1255 D Ranker  : isBlacklisted: packageName="com.google.android.youtube.tv" -> false
02-21 12:16:10.536  1255  1269 I art     : Background sticky concurrent mark sweep GC freed 77158(2MB) AllocSpace objects, 0(0B) LOS objects, 10% free, 22MB/25MB, paused 4.150ms total 119.185ms
02-21 12:16:10.570  1255  1255 D B-RecommendationsManager: postRecommendationChangesToClients
02-21 12:16:10.897   177   603 I v_gralloc: Allocate buffer=0xe6de0980  for pid=2269: size=368x88 format=1 usage=0x00000900 info=37c:9:1fa00-0:0:0 gid=0
02-21 12:16:10.897   177   603 I v_gralloc: Allocate buffer=0xe6de0600  for pid=2269: size=368x88 format=1 usage=0x00000900 info=37d:9:1fa00-0:0:0 gid=0
02-21 12:16:10.898   177   603 I v_gralloc: Allocate buffer=0xe21f90a0  for pid=2269: size=368x88 format=1 usage=0x00000900 info=37e:9:1fa00-0:0:0 gid=0
02-21 12:16:10.900   177   230 I v_gralloc: Allocate buffer=0xe21f90a0  for pid=2269: size=368x88 format=1 usage=0x00000B00 info=37f:9:1fa00-0:0:0 gid=0
02-21 12:16:10.901  2269  2321 I v_gralloc: Register buffer=0xdeab8560 from pid=2269: size=368x88 format=1 usage=0x00000B00 info=37f:9:1fa00-0:0:0
02-21 12:16:10.904   177   603 I v_gralloc: Allocate buffer=0xe6de0600  for pid=2269: size=368x88 format=1 usage=0x00000B00 info=380:9:1fa00-0:0:0 gid=0
02-21 12:16:10.909  2269  2321 I v_gralloc: Register buffer=0xdeab5d20 from pid=2269: size=368x88 format=1 usage=0x00000B00 info=380:9:1fa00-0:0:0
02-21 12:16:10.910   177   828 I v_gralloc: Allocate buffer=0xe6de0980  for pid=2269: size=368x88 format=1 usage=0x00000B00 info=381:9:1fa00-0:0:0 gid=0
02-21 12:16:10.913  2269  2321 I v_gralloc: Register buffer=0xdeab7140 from pid=2269: size=368x88 format=1 usage=0x00000B00 info=381:9:1fa00-0:0:0
02-21 12:16:10.920   177   234 I v_gralloc: Allocate buffer=0xe21f90a0  for pid=2269: size=368x88 format=1 usage=0x03000B00 info=388:9:30000-389:6:300 gid=0
02-21 12:16:10.921  2269  2321 I v_gralloc: Register buffer=0xdeab8560 from pid=2269: size=368x88 format=1 usage=0x03000B00 info=388:9:30000-389:6:300
02-21 12:16:10.930   177   603 I v_gralloc: Allocate buffer=0xe6de0600  for pid=2269: size=368x88 format=1 usage=0x03000B00 info=390:9:30000-391:6:300 gid=0
02-21 12:16:10.945  2269  2321 I v_gralloc: Register buffer=0xdeab5d20 from pid=2269: size=368x88 format=1 usage=0x03000B00 info=390:9:30000-391:6:300
02-21 12:16:11.017   191  1999 E [72068.770] [35;1mAmp1@@[MODULE_GENERIC:Widevine_GetHDCPCapability():3174]:[0m : Widevine_GetHDCPCapability, curhdcp: 0x4, maximum: 0x4, rel 0x0
02-21 12:16:11.105   168   299 I chatty  : uid=0(root) VPP_ISR_Task expire 6 lines
02-21 12:16:11.399   558   579 I WindowManager: Destroying surface Surface(name=Toast) called by com.android.server.wm.WindowStateAnimator.destroySurface:2016 com.android.server.wm.WindowStateAnimator.destroySurfaceLocked:882 com.android.server.wm.WindowState.destroyOrSaveSurface:2100 com.android.server.wm.WindowSurfacePlacer.performSurfacePlacementInner:429 com.android.server.wm.WindowSurfacePlacer.performSurfacePlacementLoop:232 com.android.server.wm.WindowSurfacePlacer.performSurfacePlacement:180 com.android.server.wm.WindowManagerService$H.handleMessage:8086 android.os.Handler.dispatchMessage:102 
02-21 12:16:11.430   168 11960 I chatty  : uid=0(root) AMPFW_Processor expire 20 lines
02-21 12:16:13.908   168   338 I chatty  : uid=0(root) dmx_main_task expire 1 line
02-21 12:16:14.397   177   827 I v_gralloc: Allocate buffer=0xe21f8380  for pid=2269: size=368x88 format=1 usage=0x00000900 info=392:9:1fa00-0:0:0 gid=0
02-21 12:16:14.397   177   827 I v_gralloc: Allocate buffer=0xe21f8700  for pid=2269: size=368x88 format=1 usage=0x00000900 info=393:9:1fa00-0:0:0 gid=0
02-21 12:16:14.398   177   827 I v_gralloc: Allocate buffer=0xe21f9180  for pid=2269: size=368x88 format=1 usage=0x00000900 info=394:9:1fa00-0:0:0 gid=0
02-21 12:16:14.401   177   234 I v_gralloc: Allocate buffer=0xe21f9180  for pid=2269: size=368x88 format=1 usage=0x00000B00 info=395:9:1fa00-0:0:0 gid=0
02-21 12:16:14.402  2269  2321 I v_gralloc: Register buffer=0xdeab8560 from pid=2269: size=368x88 format=1 usage=0x00000B00 info=395:9:1fa00-0:0:0
02-21 12:16:14.403   177   828 I v_gralloc: Allocate buffer=0xe21f8700  for pid=2269: size=368x88 format=1 usage=0x00000B00 info=396:9:1fa00-0:0:0 gid=0
02-21 12:16:14.404  2269  2321 I v_gralloc: Register buffer=0xdeab5d20 from pid=2269: size=368x88 format=1 usage=0x00000B00 info=396:9:1fa00-0:0:0
02-21 12:16:14.404   177   603 I v_gralloc: Allocate buffer=0xe21f8380  for pid=2269: size=368x88 format=1 usage=0x00000B00 info=397:9:1fa00-0:0:0 gid=0
02-21 12:16:14.405  2269  2321 I v_gralloc: Register buffer=0xdeab7140 from pid=2269: size=368x88 format=1 usage=0x00000B00 info=397:9:1fa00-0:0:0
02-21 12:16:14.414   177   230 I v_gralloc: Allocate buffer=0xe21f9180  for pid=2269: size=368x88 format=1 usage=0x03000B00 info=398:9:30000-399:6:300 gid=0
02-21 12:16:14.415  2269  2321 I v_gralloc: Register buffer=0xdeab8560 from pid=2269: size=368x88 format=1 usage=0x03000B00 info=398:9:30000-399:6:300
02-21 12:16:14.418   177   234 I v_gralloc: Allocate buffer=0xe21f8700  for pid=2269: size=368x88 format=1 usage=0x03000B00 info=39a:9:30000-39b:6:300 gid=0
02-21 12:16:14.419  2269  2321 I v_gralloc: Register buffer=0xdeab5d20 from pid=2269: size=368x88 format=1 usage=0x03000B00 info=39a:9:30000-39b:6:300
02-21 12:16:14.901   558   579 I WindowManager: Destroying surface Surface(name=Toast) called by com.android.server.wm.WindowStateAnimator.destroySurface:2016 com.android.server.wm.WindowStateAnimator.destroySurfaceLocked:882 com.android.server.wm.WindowState.destroyOrSaveSurface:2100 com.android.server.wm.WindowSurfacePlacer.performSurfacePlacementInner:429 com.android.server.wm.WindowSurfacePlacer.performSurfacePlacementLoop:232 com.android.server.wm.WindowSurfacePlacer.performSurfacePlacement:180 com.android.server.wm.WindowManagerService$H.handleMessage:8086 android.os.Handler.dispatchMessage:102 
02-21 12:16:16.709  8885 11783 I chatty  : uid=1000(system) com.ifeelsmart.smartui expire 37 lines
02-21 12:16:16.753  8885  8896 I chatty  : uid=1000(system) com.ifeelsmart.smartui expire 26 lines
02-21 12:16:17.902   177   828 I v_gralloc: Allocate buffer=0xe21f8700  for pid=2269: size=368x88 format=1 usage=0x00000900 info=39c:9:1fa00-0:0:0 gid=0
02-21 12:16:17.903   177   828 I v_gralloc: Allocate buffer=0xe6de0600  for pid=2269: size=368x88 format=1 usage=0x00000900 info=39d:9:1fa00-0:0:0 gid=0
02-21 12:16:17.903   177   828 I v_gralloc: Allocate buffer=0xe6de0c20  for pid=2269: size=368x88 format=1 usage=0x00000900 info=39e:9:1fa00-0:0:0 gid=0
02-21 12:16:17.904   177   234 I v_gralloc: Allocate buffer=0xe6de0c20  for pid=2269: size=368x88 format=1 usage=0x00000B00 info=39f:9:1fa00-0:0:0 gid=0
02-21 12:16:17.905  2269  2321 I v_gralloc: Register buffer=0xdeab8560 from pid=2269: size=368x88 format=1 usage=0x00000B00 info=39f:9:1fa00-0:0:0
02-21 12:16:17.908   177   603 I v_gralloc: Allocate buffer=0xe6de0600  for pid=2269: size=368x88 format=1 usage=0x00000B00 info=3a0:9:1fa00-0:0:0 gid=0
02-21 12:16:17.909  2269  2321 I v_gralloc: Register buffer=0xdeab5d20 from pid=2269: size=368x88 format=1 usage=0x00000B00 info=3a0:9:1fa00-0:0:0
02-21 12:16:17.910   177   828 I v_gralloc: Allocate buffer=0xe21f8700  for pid=2269: size=368x88 format=1 usage=0x00000B00 info=3a1:9:1fa00-0:0:0 gid=0
02-21 12:16:17.911  2269  2321 I v_gralloc: Register buffer=0xdeab7140 from pid=2269: size=368x88 format=1 usage=0x00000B00 info=3a1:9:1fa00-0:0:0
02-21 12:16:17.916   177   827 I v_gralloc: Allocate buffer=0xe6de0c20  for pid=2269: size=368x88 format=1 usage=0x03000B00 info=3a2:9:30000-3a3:6:300 gid=0
02-21 12:16:17.919  2269  2321 I v_gralloc: Register buffer=0xdeab8560 from pid=2269: size=368x88 format=1 usage=0x03000B00 info=3a2:9:30000-3a3:6:300
02-21 12:16:17.926   177   603 I v_gralloc: Allocate buffer=0xe6de0600  for pid=2269: size=368x88 format=1 usage=0x03000B00 info=3a4:9:30000-3a5:6:300 gid=0
02-21 12:16:17.928  2269  2321 I v_gralloc: Register buffer=0xdeab5d20 from pid=2269: size=368x88 format=1 usage=0x03000B00 info=3a4:9:30000-3a5:6:300
02-21 12:16:18.007   168   401 I chatty  : uid=0(root) JobThread expire 1 line
02-21 12:16:18.008   191 11770 E [72075.761] [35;1mAmp1@@[MODULE_GENERIC:Widevine_GetHDCPCapability():3174]:[0m : Widevine_GetHDCPCapability, curhdcp: 0x4, maximum: 0x4, rel 0x0
02-21 12:16:18.407   558   579 I WindowManager: Destroying surface Surface(name=Toast) called by com.android.server.wm.WindowStateAnimator.destroySurface:2016 com.android.server.wm.WindowStateAnimator.destroySurfaceLocked:882 com.android.server.wm.WindowState.destroyOrSaveSurface:2100 com.android.server.wm.WindowSurfacePlacer.performSurfacePlacementInner:429 com.android.server.wm.WindowSurfacePlacer.performSurfacePlacementLoop:232 com.android.server.wm.WindowSurfacePlacer.performSurfacePlacement:180 com.android.server.wm.WindowManagerService$H.handleMessage:8086 android.os.Handler.dispatchMessage:102 
02-21 12:16:21.303   887   907 I chatty  : uid=0(root) TIMER_E expire 26 lines
02-21 12:16:21.431   168 11960 I chatty  : uid=0(root) AMPFW_Processor expire 22 lines
02-21 12:16:21.443   177   230 I v_gralloc: Allocate buffer=0xe21f90a0  for pid=2269: size=368x88 format=1 usage=0x00000900 info=3a6:9:1fa00-0:0:0 gid=0
02-21 12:16:21.444   177   230 I v_gralloc: Allocate buffer=0xe21f9180  for pid=2269: size=368x88 format=1 usage=0x00000900 info=3a7:9:1fa00-0:0:0 gid=0
02-21 12:16:21.444   177   230 I v_gralloc: Allocate buffer=0xe21f9260  for pid=2269: size=368x88 format=1 usage=0x00000900 info=3a8:9:1fa00-0:0:0 gid=0
02-21 12:16:21.445   177   603 I v_gralloc: Allocate buffer=0xe21f9260  for pid=2269: size=368x88 format=1 usage=0x00000B00 info=3a9:9:1fa00-0:0:0 gid=0
02-21 12:16:21.450  2269  2321 I v_gralloc: Register buffer=0xdeab8560 from pid=2269: size=368x88 format=1 usage=0x00000B00 info=3a9:9:1fa00-0:0:0
02-21 12:16:21.453   177   828 I v_gralloc: Allocate buffer=0xe21f9180  for pid=2269: size=368x88 format=1 usage=0x00000B00 info=3aa:9:1fa00-0:0:0 gid=0
02-21 12:16:21.453  2269  2321 I v_gralloc: Register buffer=0xdeab5d20 from pid=2269: size=368x88 format=1 usage=0x00000B00 info=3aa:9:1fa00-0:0:0
02-21 12:16:21.455   177   827 I v_gralloc: Allocate buffer=0xe21f90a0  for pid=2269: size=368x88 format=1 usage=0x00000B00 info=3ab:9:1fa00-0:0:0 gid=0
02-21 12:16:21.459  2269  2321 I v_gralloc: Register buffer=0xdeab7140 from pid=2269: size=368x88 format=1 usage=0x00000B00 info=3ab:9:1fa00-0:0:0
02-21 12:16:21.478   177   827 I v_gralloc: Allocate buffer=0xe21f9260  for pid=2269: size=368x88 format=1 usage=0x03000B00 info=3ac:9:30000-3ad:6:300 gid=0
02-21 12:16:21.479  2269  2321 I v_gralloc: Register buffer=0xdeab8560 from pid=2269: size=368x88 format=1 usage=0x03000B00 info=3ac:9:30000-3ad:6:300
02-21 12:16:21.481   177   603 I v_gralloc: Allocate buffer=0xe21f9180  for pid=2269: size=368x88 format=1 usage=0x03000B00 info=3ae:9:30000-3af:6:300 gid=0
02-21 12:16:21.484  2269  2321 I v_gralloc: Register buffer=0xdeab5d20 from pid=2269: size=368x88 format=1 usage=0x03000B00 info=3ae:9:30000-3af:6:300
02-21 12:16:21.953   558   579 I WindowManager: Destroying surface Surface(name=Toast) called by com.android.server.wm.WindowStateAnimator.destroySurface:2016 com.android.server.wm.WindowStateAnimator.destroySurfaceLocked:882 com.android.server.wm.WindowState.destroyOrSaveSurface:2100 com.android.server.wm.WindowSurfacePlacer.performSurfacePlacementInner:429 com.android.server.wm.WindowSurfacePlacer.performSurfacePlacementLoop:232 com.android.server.wm.WindowSurfacePlacer.performSurfacePlacement:180 com.android.server.wm.WindowManagerService$H.handleMessage:8086 android.os.Handler.dispatchMessage:102 
02-21 12:16:23.918   168   333 I chatty  : uid=0(root) DISP_Status_Mon expire 12 lines
02-21 12:16:23.925   168   338 I chatty  : uid=0(root) dmx_main_task expire 3 lines
02-21 12:16:25.004   168   401 I chatty  : uid=0(root) JobThread expire 4 lines
02-21 12:16:25.005   191 11770 E [72082.758] [35;1mAmp1@@[MODULE_GENERIC:Widevine_GetHDCPCapability():3174]:[0m : Widevine_GetHDCPCapability, curhdcp: 0x4, maximum: 0x4, rel 0x0
02-21 12:16:25.119   168   299 I chatty  : uid=0(root) VPP_ISR_Task expire 1 line
02-21 12:16:25.410   558   579 I WindowManager: Destroying surface Surface(name=Toast) called by com.android.server.wm.WindowStateAnimator.destroySurface:2016 com.android.server.wm.WindowStateAnimator.destroySurfaceLocked:882 com.android.server.wm.WindowState.destroyOrSaveSurface:2100 com.android.server.wm.WindowSurfacePlacer.performSurfacePlacementInner:429 com.android.server.wm.WindowSurfacePlacer.performSurfacePlacementLoop:232 com.android.server.wm.WindowSurfacePlacer.performSurfacePlacement:180 com.android.server.wm.WindowManagerService$H.handleMessage:8086 android.os.Handler.dispatchMessage:102 
02-21 12:16:28.273  8885 11783 I chatty  : uid=1000(system) com.ifeelsmart.smartui expire 37 lines
02-21 12:16:28.314  8885  8896 I chatty  : uid=1000(system) com.ifeelsmart.smartui expire 45 lines
02-21 12:16:30.768  1629  1918 I chromium: [1629:1918:INFO:wifi_proximity.cc(176)] Request scan.
02-21 12:16:32.005   191 11772 E [72089.758] [35;1mAmp1@@[MODULE_GENERIC:Widevine_GetHDCPCapability():3174]:[0m : Widevine_GetHDCPCapability, curhdcp: 0x4, maximum: 0x4, rel 0x0
02-21 12:16:32.432   168 11960 I chatty  : uid=0(root) AMPFW_Processor expire 28 lines
02-21 12:16:33.317  1629  1629 I chromium: [1629:1629:INFO:metrics_recorder.cc(89)] Metrics stat: total=6
02-21 12:16:33.317  1629  1629 I chromium: Cast.Discovery.Mdns.Request.In=1
02-21 12:16:33.317  1629  1629 I chromium: Cast.Discovery.Mdns.ResponderPing=1
02-21 12:16:33.317  1629  1629 I chromium: Cast.Discovery.Mdns.Response.Out=1
02-21 12:16:33.317  1629  1629 I chromium: Cast.Discovery.Mdns.SocketPing=1
02-21 12:16:33.317  1629  1629 I chromium: CastV2.Transport.Ping.In=12
02-21 12:16:33.317  1629  1629 I chromium: CastV2.Transport.Pong.Out=12
02-21 12:16:35.267  1129  2214 D OTAManager: Check NetworkState
02-21 12:16:36.711  2215  2373 I com.lge.tr069c.admindm.inform.ScheduleInform: == Notification TASK ==
02-21 12:16:38.049  2215  2372 D com.lge.tr069c.admindm.inform.ScheduleInform: == BroadcastReceiver TASK ==
02-21 12:16:39.011   191 11785 E [72096.764] [35;1mAmp1@@[MODULE_GENERIC:Widevine_GetHDCPCapability():3174]:[0m : Widevine_GetHDCPCapability, curhdcp: 0x4, maximum: 0x4, rel 0x0
02-21 12:16:39.970  8885 11783 I chatty  : uid=1000(system) com.ifeelsmart.smartui expire 55 lines
02-21 12:16:39.980  8885  8896 I chatty  : uid=1000(system) com.ifeelsmart.smartui expire 31 lines
02-21 12:16:46.023   191   254 E [72103.776] [35;1mAmp1@@[MODULE_GENERIC:Widevine_GetHDCPCapability():3174]:[0m : Widevine_GetHDCPCapability, curhdcp: 0x4, maximum: 0x4, rel 0x0
02-21 12:16:46.433   168 11960 I chatty  : uid=0(root) AMPFW_Processor expire 10 lines
02-21 12:16:48.130  1629  1915 I chromium: [1629:1915:INFO:mdns_app_filter.cc(2140)] MdnsAppFilter: responses sent in 64 seconds: 1
02-21 12:16:51.303   887   907 I chatty  : uid=0(root) TIMER_E expire 26 lines
02-21 12:16:51.433   168 11960 I chatty  : uid=0(root) AMPFW_Processor expire 11 lines
02-21 12:16:51.507  8885  8896 I chatty  : uid=1000(system) com.ifeelsmart.smartui expire 26 lines
02-21 12:16:53.007   168   401 I chatty  : uid=0(root) JobThread expire 1 line
02-21 12:16:53.008   191   191 E [72110.761] [35;1mAmp1@@[MODULE_GENERIC:Widevine_GetHDCPCapability():3174]:[0m : Widevine_GetHDCPCapability, curhdcp: 0x4, maximum: 0x4, rel 0x0
02-21 12:16:53.972   168   338 I chatty  : uid=0(root) dmx_main_task expire 4 lines
02-21 12:16:56.434   168 11960 I chatty  : uid=0(root) AMPFW_Processor expire 21 lines
02-21 12:16:57.180  8885 11783 I chatty  : uid=1000(system) com.ifeelsmart.smartui expire 37 lines
02-21 12:16:57.285   168   333 I chatty  : uid=0(root) DISP_Status_Mon expire 12 lines
02-21 12:17:00.019   168   401 I chatty  : uid=0(root) JobThread expire 5 lines
02-21 12:17:00.019   191  2000 E [72117.772] [35;1mAmp1@@[MODULE_GENERIC:Widevine_GetHDCPCapability():3174]:[0m : Widevine_GetHDCPCapability, curhdcp: 0x4, maximum: 0x4, rel 0x0
02-21 12:17:01.646  1629  1753 E chromium: [1629:1753:ERROR:wifi_frame_histogram_capturer.cc(401)] No histogram or IOCTL data
02-21 12:17:01.646  1629  1753 I chromium: [1629:1753:INFO:wifi_util.cc(111)] Current wifi TDLS peers:
02-21 12:17:01.646  1629  1753 I chromium: [1629:1753:INFO:wifi_util.cc(113)] 	No peers:
02-21 12:17:01.648  1629  1629 I chromium: [1629:1629:INFO:metrics_recorder.cc(196)] Record action: Cast.CecHdmiInputState.Active
02-21 12:17:01.648  1629  1629 I chromium: [1629:1629:INFO:metrics_recorder.cc(196)] Record action: Cast.CecStandby.On
02-21 12:17:02.949  8885  8896 I chatty  : uid=1000(system) com.ifeelsmart.smartui expire 38 lines
02-21 12:17:05.267  1129  2214 D OTAManager: Check NetworkState
02-21 12:17:07.006   191  2000 E [72124.760] [35;1mAmp1@@[MODULE_GENERIC:Widevine_GetHDCPCapability():3174]:[0m : Widevine_GetHDCPCapability, curhdcp: 0x4, maximum: 0x4, rel 0x0
02-21 12:17:07.434   168 11960 I chatty  : uid=0(root) AMPFW_Processor expire 28 lines
02-21 12:17:08.049  2215  2372 D com.lge.tr069c.admindm.inform.ScheduleInform: == BroadcastReceiver TASK ==
02-21 12:17:08.677  8885 11783 I chatty  : uid=1000(system) com.ifeelsmart.smartui expire 73 lines
02-21 12:17:14.028   191 11770 E [72131.781] [35;1mAmp1@@[MODULE_GENERIC:Widevine_GetHDCPCapability():3174]:[0m : Widevine_GetHDCPCapability, curhdcp: 0x4, maximum: 0x4, rel 0x0
02-21 12:17:14.463  8885  8896 I chatty  : uid=1000(system) com.ifeelsmart.smartui expire 42 lines
02-21 12:17:21.008   191 11771 E [72138.762] [35;1mAmp1@@[MODULE_GENERIC:Widevine_GetHDCPCapability():3174]:[0m : Widevine_GetHDCPCapability, curhdcp: 0x4, maximum: 0x4, rel 0x0
02-21 12:17:21.303   887   907 I chatty  : uid=0(root) TIMER_E expire 26 lines
02-21 12:17:21.435   168 11960 I chatty  : uid=0(root) AMPFW_Processor expire 24 lines
02-21 12:17:25.900  1629  1957 I chromium: [1629:1957:INFO:ssdp_device.c(101)] SSDP packets sent for 96 seconds = 4
02-21 12:17:28.006   191   254 E [72145.759] [35;1mAmp1@@[MODULE_GENERIC:Widevine_GetHDCPCapability():3174]:[0m : Widevine_GetHDCPCapability, curhdcp: 0x4, maximum: 0x4, rel 0x0
02-21 12:17:30.651   168   333 I chatty  : uid=0(root) DISP_Status_Mon expire 12 lines
02-21 12:17:31.597  8885 11783 I chatty  : uid=1000(system) com.ifeelsmart.smartui expire 37 lines
02-21 12:17:31.606  8885  8896 I chatty  : uid=1000(system) com.ifeelsmart.smartui expire 29 lines
02-21 12:17:33.319  1629  1629 I chromium: [1629:1629:INFO:metrics_recorder.cc(89)] Metrics stat: total=6
02-21 12:17:33.319  1629  1629 I chromium: Cast.CecHdmiInputState.Active=1
02-21 12:17:33.319  1629  1629 I chromium: Cast.CecStandby.On=1
02-21 12:17:33.319  1629  1629 I chromium: Cast.Discovery.Mdns.Request.In=1
02-21 12:17:33.319  1629  1629 I chromium: Cast.Discovery.Mdns.Response.Out=1
02-21 12:17:33.319  1629  1629 I chromium: CastV2.Transport.Ping.In=12
02-21 12:17:33.319  1629  1629 I chromium: CastV2.Transport.Pong.Out=12
02-21 12:17:33.436   168 11960 I chatty  : uid=0(root) AMPFW_Processor expire 32 lines
02-21 12:17:34.036   168   338 I chatty  : uid=0(root) dmx_main_task expire 3 lines
02-21 12:17:35.012   168   401 I chatty  : uid=0(root) JobThread expire 4 lines
02-21 12:17:35.012   191 11772 E [72152.766] [35;1mAmp1@@[MODULE_GENERIC:Widevine_GetHDCPCapability():3174]:[0m : Widevine_GetHDCPCapability, curhdcp: 0x4, maximum: 0x4, rel 0x0
02-21 12:17:35.267  1129  2214 D OTAManager: Check NetworkState
02-21 12:17:35.587  2215  2287 D com.lge.tr069c.model.device.deviceInfo.MemoryStatusImp: - refresh : Memory Status -
02-21 12:17:38.052  2215  2372 D com.lge.tr069c.admindm.inform.ScheduleInform: == BroadcastReceiver TASK ==
02-21 12:17:42.023   191 11785 E [72159.776] [35;1mAmp1@@[MODULE_GENERIC:Widevine_GetHDCPCapability():3174]:[0m : Widevine_GetHDCPCapability, curhdcp: 0x4, maximum: 0x4, rel 0x0
02-21 12:17:43.410  8885 11783 I chatty  : uid=1000(system) com.ifeelsmart.smartui expire 72 lines
02-21 12:17:43.437  8885  8896 I chatty  : uid=1000(system) com.ifeelsmart.smartui expire 48 lines
02-21 12:17:49.016   191  1942 E [72166.769] [35;1mAmp1@@[MODULE_GENERIC:Widevine_GetHDCPCapability():3174]:[0m : Widevine_GetHDCPCapability, curhdcp: 0x4, maximum: 0x4, rel 0x0
02-21 12:17:49.437   168 11960 I chatty  : uid=0(root) AMPFW_Processor expire 16 lines
02-21 12:17:51.303   887   907 I chatty  : uid=0(root) TIMER_E expire 26 lines
02-21 12:17:56.019   191 11771 E [72173.772] [35;1mAmp1@@[MODULE_GENERIC:Widevine_GetHDCPCapability():3174]:[0m : Widevine_GetHDCPCapability, curhdcp: 0x4, maximum: 0x4, rel 0x0
02-21 12:17:57.438   168 11960 I chatty  : uid=0(root) AMPFW_Processor expire 22 lines
02-21 12:18:03.008   168   401 I chatty  : uid=0(root) JobThread expire 2 lines
02-21 12:18:03.009   191  2000 E [72180.762] [35;1mAmp1@@[MODULE_GENERIC:Widevine_GetHDCPCapability():3174]:[0m : Widevine_GetHDCPCapability, curhdcp: 0x4, maximum: 0x4, rel 0x0
02-21 12:18:04.018   168   333 I chatty  : uid=0(root) DISP_Status_Mon expire 6 lines
02-21 12:18:04.080   168   338 I chatty  : uid=0(root) dmx_main_task expire 1 line
02-21 12:18:05.267  1129  2214 D OTAManager: Check NetworkState
02-21 12:18:06.065  8885 11783 I chatty  : uid=1000(system) com.ifeelsmart.smartui expire 37 lines
02-21 12:18:06.078  8885  8896 I chatty  : uid=1000(system) com.ifeelsmart.smartui expire 35 lines
02-21 12:18:08.052  2215  2372 D com.lge.tr069c.admindm.inform.ScheduleInform: == BroadcastReceiver TASK ==
02-21 12:18:08.439   168 11960 I chatty  : uid=0(root) AMPFW_Processor expire 32 lines
02-21 12:18:10.010   191 11770 E [72187.763] [35;1mAmp1@@[MODULE_GENERIC:Widevine_GetHDCPCapability():3174]:[0m : Widevine_GetHDCPCapability, curhdcp: 0x4, maximum: 0x4, rel 0x0
02-21 12:18:14.094   168   338 I chatty  : uid=0(root) dmx_main_task expire 3 lines
02-21 12:18:17.006   168   401 I chatty  : uid=0(root) JobThread expire 3 lines
02-21 12:18:17.006   191 11770 E [72194.759] [35;1mAmp1@@[MODULE_GENERIC:Widevine_GetHDCPCapability():3174]:[0m : Widevine_GetHDCPCapability, curhdcp: 0x4, maximum: 0x4, rel 0x0
02-21 12:18:17.821  8885 11783 I chatty  : uid=1000(system) com.ifeelsmart.smartui expire 36 lines
02-21 12:18:17.859  8885  8896 I chatty  : uid=1000(system) com.ifeelsmart.smartui expire 23 lines
02-21 12:18:20.701   168   333 I chatty  : uid=0(root) DISP_Status_Mon expire 12 lines
02-21 12:18:21.303   887   907 I chatty  : uid=0(root) TIMER_E expire 26 lines
02-21 12:18:24.018   191   254 E [72201.771] [35;1mAmp1@@[MODULE_GENERIC:Widevine_GetHDCPCapability():3174]:[0m : Widevine_GetHDCPCapability, curhdcp: 0x4, maximum: 0x4, rel 0x0
02-21 12:18:24.440   168 11960 I chatty  : uid=0(root) AMPFW_Processor expire 22 lines
02-21 12:18:28.000  1629  1957 I chromium: [1629:1957:INFO:ssdp_device.c(101)] SSDP packets sent for 62 seconds = 10
02-21 12:18:29.072  8885  8896 I chatty  : uid=1000(system) com.ifeelsmart.smartui expire 46 lines
02-21 12:18:29.073  8885 11783 I chatty  : uid=1000(system) com.ifeelsmart.smartui expire 55 lines
02-21 12:18:30.173  1629  1915 I chromium: [1629:1915:INFO:mdns_app_filter.cc(2140)] MdnsAppFilter: responses sent in 102 seconds: 1
02-21 12:18:30.866  1629  1918 I chromium: [1629:1918:INFO:wifi_proximity.cc(176)] Request scan.
02-21 12:18:31.008   191   254 E [72208.761] [35;1mAmp1@@[MODULE_GENERIC:Widevine_GetHDCPCapability():3174]:[0m : Widevine_GetHDCPCapability, curhdcp: 0x4, maximum: 0x4, rel 0x0
02-21 12:18:32.399  8885  9062 I chatty  : uid=1000(system) com.ifeelsmart.smartui expire 2 lines
02-21 12:18:33.322  1629  1629 I chromium: [1629:1629:INFO:metrics_recorder.cc(89)] Metrics stat: total=4
02-21 12:18:33.322  1629  1629 I chromium: Cast.Discovery.Mdns.Request.In=2
02-21 12:18:33.322  1629  1629 I chromium: Cast.Discovery.Mdns.Response.Out=2
02-21 12:18:33.322  1629  1629 I chromium: CastV2.Transport.Ping.In=12
02-21 12:18:33.322  1629  1629 I chromium: CastV2.Transport.Pong.Out=12
02-21 12:18:35.268  1129  2214 D OTAManager: Check NetworkState
02-21 12:18:35.441   168 11960 I chatty  : uid=0(root) AMPFW_Processor expire 18 lines
02-21 12:18:38.009   168   403 I chatty  : uid=0(root) JobThread expire 1 line
02-21 12:18:38.010   191  1999 E [72215.763] [35;1mAmp1@@[MODULE_GENERIC:Widevine_GetHDCPCapability():3174]:[0m : Widevine_GetHDCPCapability, curhdcp: 0x4, maximum: 0x4, rel 0x0
02-21 12:18:38.052  2215  2372 D com.lge.tr069c.admindm.inform.ScheduleInform: == BroadcastReceiver TASK ==
02-21 12:18:44.139   168   338 I chatty  : uid=0(root) dmx_main_task expire 1 line
02-21 12:18:44.441   168 11960 I chatty  : uid=0(root) AMPFW_Processor expire 20 lines
02-21 12:18:45.005   168   401 I chatty  : uid=0(root) JobThread expire 2 lines
02-21 12:18:45.005   191  1942 E [72222.758] [35;1mAmp1@@[MODULE_GENERIC:Widevine_GetHDCPCapability():3174]:[0m : Widevine_GetHDCPCapability, curhdcp: 0x4, maximum: 0x4, rel 0x0
02-21 12:18:46.544  8885 11783 I chatty  : uid=1000(system) com.ifeelsmart.smartui expire 37 lines
02-21 12:18:46.589  8885  8896 I chatty  : uid=1000(system) com.ifeelsmart.smartui expire 32 lines
02-21 12:18:51.303   887   907 I chatty  : uid=0(root) TIMER_E expire 26 lines
02-21 12:18:52.009   191 11771 E [72229.762] [35;1mAmp1@@[MODULE_GENERIC:Widevine_GetHDCPCapability():3174]:[0m : Widevine_GetHDCPCapability, curhdcp: 0x4, maximum: 0x4, rel 0x0
02-21 12:18:54.070   168   333 I chatty  : uid=0(root) DISP_Status_Mon expire 12 lines
02-21 12:18:54.154   168   338 I chatty  : uid=0(root) dmx_main_task expire 3 lines
02-21 12:18:54.442   168 11960 I chatty  : uid=0(root) AMPFW_Processor expire 22 lines
02-21 12:18:57.876  8885 11783 I chatty  : uid=1000(system) com.ifeelsmart.smartui expire 36 lines
02-21 12:18:57.944  8885  8896 I chatty  : uid=1000(system) com.ifeelsmart.smartui expire 33 lines
02-21 12:18:59.003   168   403 I chatty  : uid=0(root) JobThread expire 1 line
02-21 12:18:59.003   191  1942 E [72236.756] [35;1mAmp1@@[MODULE_GENERIC:Widevine_GetHDCPCapability():3174]:[0m : Widevine_GetHDCPCapability, curhdcp: 0x4, maximum: 0x4, rel 0x0
02-21 12:19:05.269  1129  2214 D OTAManager: Check NetworkState
02-21 12:19:05.443   168 11960 I chatty  : uid=0(root) AMPFW_Processor expire 30 lines
02-21 12:19:06.006   168   401 I chatty  : uid=0(root) JobThread expire 3 lines
02-21 12:19:06.007   191  2000 E [72243.760] [35;1mAmp1@@[MODULE_GENERIC:Widevine_GetHDCPCapability():3174]:[0m : Widevine_GetHDCPCapability, curhdcp: 0x4, maximum: 0x4, rel 0x0
02-21 12:19:08.053  2215  2372 D com.lge.tr069c.admindm.inform.ScheduleInform: == BroadcastReceiver TASK ==
02-21 12:19:09.637  8885 11783 I chatty  : uid=1000(system) com.ifeelsmart.smartui expire 38 lines
02-21 12:19:09.745  8885  8896 I chatty  : uid=1000(system) com.ifeelsmart.smartui expire 32 lines
02-21 12:19:13.015   191 11770 E [72250.768] [35;1mAmp1@@[MODULE_GENERIC:Widevine_GetHDCPCapability():3174]:[0m : Widevine_GetHDCPCapability, curhdcp: 0x4, maximum: 0x4, rel 0x0
02-21 12:19:20.004   191 11770 E [72257.757] [35;1mAmp1@@[MODULE_GENERIC:Widevine_GetHDCPCapability():3174]:[0m : Widevine_GetHDCPCapability, curhdcp: 0x4, maximum: 0x4, rel 0x0
02-21 12:19:20.444   168 11960 I chatty  : uid=0(root) AMPFW_Processor expire 5 lines
02-21 12:19:21.055  8885 11783 I chatty  : uid=1000(system) com.ifeelsmart.smartui expire 24 lines
02-21 12:19:21.065  8885  8896 I chatty  : uid=1000(system) com.ifeelsmart.smartui expire 33 lines
02-21 12:19:21.303   887   907 I chatty  : uid=0(root) TIMER_E expire 26 lines
02-21 12:19:22.444   168 11960 I chatty  : uid=0(root) AMPFW_Processor expire 6 lines
02-21 12:19:24.199   168   338 I chatty  : uid=0(root) dmx_main_task expire 4 lines
02-21 12:19:25.444   168 11960 I chatty  : uid=0(root) AMPFW_Processor expire 21 lines
02-21 12:19:27.016   168   401 I chatty  : uid=0(root) JobThread expire 3 lines
02-21 12:19:27.019   191   254 E [72264.772] [35;1mAmp1@@[MODULE_GENERIC:Widevine_GetHDCPCapability():3174]:[0m : Widevine_GetHDCPCapability, curhdcp: 0x4, maximum: 0x4, rel 0x0
02-21 12:19:27.237  8885 11783 I chatty  : uid=1000(system) com.ifeelsmart.smartui expire 31 lines
02-21 12:19:27.435   168   333 I chatty  : uid=0(root) DISP_Status_Mon expire 12 lines
02-21 12:19:33.120  8885  8896 I chatty  : uid=1000(system) com.ifeelsmart.smartui expire 65 lines
02-21 12:19:33.326  1629  1629 I chromium: [1629:1629:INFO:metrics_recorder.cc(89)] Metrics stat: total=4
02-21 12:19:33.326  1629  1629 I chromium: Cast.Discovery.Mdns.Request.In=1
02-21 12:19:33.326  1629  1629 I chromium: Cast.Discovery.Mdns.Response.Out=1
02-21 12:19:33.326  1629  1629 I chromium: CastV2.Transport.Ping.In=12
02-21 12:19:33.326  1629  1629 I chromium: CastV2.Transport.Pong.Out=12
02-21 12:19:34.021   191 11772 E [72271.774] [35;1mAmp1@@[MODULE_GENERIC:Widevine_GetHDCPCapability():3174]:[0m : Widevine_GetHDCPCapability, curhdcp: 0x4, maximum: 0x4, rel 0x0
02-21 12:19:34.075  1050 12732 I GoogleURLConnFactory: Using platform SSLCertificateSocketFactory
02-21 12:19:34.083  1050 12732 I GoogleURLConnFactory: Using platform SSLCertificateSocketFactory
02-21 12:19:34.592  1050 12732 I GoogleURLConnFactory: Using platform SSLCertificateSocketFactory
02-21 12:19:34.749  1050  1067 I art     : Background partial concurrent mark sweep GC freed 66370(3MB) AllocSpace objects, 3(60KB) LOS objects, 35% free, 7MB/11MB, paused 1.421ms total 135.271ms
02-21 12:19:35.054  1050 12732 I GoogleURLConnFactory: Using platform SSLCertificateSocketFactory
02-21 12:19:35.269  1129  2214 D OTAManager: Check NetworkState
02-21 12:19:35.587  2215  2287 D com.lge.tr069c.model.device.deviceInfo.MemoryStatusImp: - refresh : Memory Status -
02-21 12:19:35.867  2269  2269 D inetService: Service is running, execute ping test...
02-21 12:19:35.878  2269  2269 D inetServiceBL: Pinging to address: 192.168.1.1
02-21 12:19:35.898  2269  2269 D inetServiceBL: Ping response 0: true
02-21 12:19:35.923  2269  2269 D inetServiceBL: Ping response 1: true
02-21 12:19:35.958  2269  2269 D inetServiceBL: Ping response 2: true
02-21 12:19:35.981  2269  2269 D inetServiceBL: Ping response 3: true
02-21 12:19:36.016   177   827 I v_gralloc: Allocate buffer=0xe21f8380  for pid=2269: size=577x88 format=1 usage=0x00000900 info=3b0:9:32e00-0:0:0 gid=0
02-21 12:19:36.016   177   827 I v_gralloc: Allocate buffer=0xe21f8700  for pid=2269: size=577x88 format=1 usage=0x00000900 info=3b1:9:32e00-0:0:0 gid=0
02-21 12:19:36.017   177   827 I v_gralloc: Allocate buffer=0xe21f90a0  for pid=2269: size=577x88 format=1 usage=0x00000900 info=3b2:9:32e00-0:0:0 gid=0
02-21 12:19:36.028   177   230 I v_gralloc: Allocate buffer=0xe21f90a0  for pid=2269: size=577x88 format=1 usage=0x00000B00 info=3b3:9:32e00-0:0:0 gid=0
02-21 12:19:36.030  2269  2321 I v_gralloc: Register buffer=0xdeab8640 from pid=2269: size=577x88 format=1 usage=0x00000B00 info=3b3:9:32e00-0:0:0
02-21 12:19:36.032   177   827 I v_gralloc: Allocate buffer=0xe21f8700  for pid=2269: size=577x88 format=1 usage=0x00000B00 info=3b4:9:32e00-0:0:0 gid=0
02-21 12:19:36.033  2269  2321 I v_gralloc: Register buffer=0xdeab8560 from pid=2269: size=577x88 format=1 usage=0x00000B00 info=3b4:9:32e00-0:0:0
02-21 12:19:36.033   177   234 I v_gralloc: Allocate buffer=0xe21f8380  for pid=2269: size=577x88 format=1 usage=0x00000B00 info=3b5:9:32e00-0:0:0 gid=0
02-21 12:19:36.034  2269  2321 I v_gralloc: Register buffer=0xdeab5d20 from pid=2269: size=577x88 format=1 usage=0x00000B00 info=3b5:9:32e00-0:0:0
02-21 12:19:36.046   177   828 I v_gralloc: Allocate buffer=0xe21f90a0  for pid=2269: size=577x88 format=1 usage=0x03000B00 info=3b6:9:50000-3b7:6:500 gid=0
02-21 12:19:36.048  2269  2321 I v_gralloc: Register buffer=0xdeab8640 from pid=2269: size=577x88 format=1 usage=0x03000B00 info=3b6:9:50000-3b7:6:500
02-21 12:19:36.056   177   234 I v_gralloc: Allocate buffer=0xe21f8700  for pid=2269: size=577x88 format=1 usage=0x03000B00 info=3b8:9:50000-3b9:6:500 gid=0
02-21 12:19:36.057  2269  2321 I v_gralloc: Register buffer=0xdeab8560 from pid=2269: size=577x88 format=1 usage=0x03000B00 info=3b8:9:50000-3b9:6:500
02-21 12:19:36.159   168   299 I chatty  : uid=0(root) VPP_ISR_Task expire 6 lines
02-21 12:19:36.445   168 11960 I chatty  : uid=0(root) AMPFW_Processor expire 22 lines
02-21 12:19:36.712  2215  2373 I com.lge.tr069c.admindm.inform.ScheduleInform: == Notification TASK ==
02-21 12:19:37.725  8885 11932 I chatty  : uid=1000(system) com.ifeelsmart.smartui expire 1 line
02-21 12:19:38.053  2215  2372 D com.lge.tr069c.admindm.inform.ScheduleInform: == BroadcastReceiver TASK ==
02-21 12:19:38.649  8885 11783 I chatty  : uid=1000(system) com.ifeelsmart.smartui expire 36 lines
02-21 12:19:39.458   177   234 I v_gralloc: Allocate buffer=0xe21f8380  for pid=2269: size=503x88 format=1 usage=0x00000900 info=3ba:9:2c000-0:0:0 gid=0
02-21 12:19:39.458   177   234 I v_gralloc: Allocate buffer=0xe6de0600  for pid=2269: size=503x88 format=1 usage=0x00000900 info=3bb:9:2c000-0:0:0 gid=0
02-21 12:19:39.463   177   234 I v_gralloc: Allocate buffer=0xe6de0980  for pid=2269: size=503x88 format=1 usage=0x00000900 info=3bc:9:2c000-0:0:0 gid=0
02-21 12:19:39.466   177   230 I v_gralloc: Allocate buffer=0xe6de0980  for pid=2269: size=503x88 format=1 usage=0x00000B00 info=3bd:9:2c000-0:0:0 gid=0
02-21 12:19:39.474  2269  2321 I v_gralloc: Register buffer=0xdeab8640 from pid=2269: size=503x88 format=1 usage=0x00000B00 info=3bd:9:2c000-0:0:0
02-21 12:19:39.476   177   603 I v_gralloc: Allocate buffer=0xe6de0600  for pid=2269: size=503x88 format=1 usage=0x00000B00 info=3be:9:2c000-0:0:0 gid=0
02-21 12:19:39.478  2269  2321 I v_gralloc: Register buffer=0xdeab8560 from pid=2269: size=503x88 format=1 usage=0x00000B00 info=3be:9:2c000-0:0:0
02-21 12:19:39.479   177   234 I v_gralloc: Allocate buffer=0xe21f8380  for pid=2269: size=503x88 format=1 usage=0x00000B00 info=3bf:9:2c000-0:0:0 gid=0
02-21 12:19:39.481  2269  2321 I v_gralloc: Register buffer=0xdeab5d20 from pid=2269: size=503x88 format=1 usage=0x00000B00 info=3bf:9:2c000-0:0:0
02-21 12:19:39.489   177   828 I v_gralloc: Allocate buffer=0xe6de0980  for pid=2269: size=503x88 format=1 usage=0x03000B00 info=3c0:9:40000-3c1:6:400 gid=0
02-21 12:19:39.490  2269  2321 I v_gralloc: Register buffer=0xdeab8640 from pid=2269: size=503x88 format=1 usage=0x03000B00 info=3c0:9:40000-3c1:6:400
02-21 12:19:39.495   177   234 I v_gralloc: Allocate buffer=0xe6de0600  for pid=2269: size=503x88 format=1 usage=0x03000B00 info=3c2:9:40000-3c3:6:400 gid=0
02-21 12:19:39.496  2269  2321 I v_gralloc: Register buffer=0xdeab8560 from pid=2269: size=503x88 format=1 usage=0x03000B00 info=3c2:9:40000-3c3:6:400
02-21 12:19:39.951   558   579 I WindowManager: Destroying surface Surface(name=Toast) called by com.android.server.wm.WindowStateAnimator.destroySurface:2016 com.android.server.wm.WindowStateAnimator.destroySurfaceLocked:882 com.android.server.wm.WindowState.destroyOrSaveSurface:2100 com.android.server.wm.WindowSurfacePlacer.performSurfacePlacementInner:429 com.android.server.wm.WindowSurfacePlacer.performSurfacePlacementLoop:232 com.android.server.wm.WindowSurfacePlacer.performSurfacePlacement:180 com.android.server.wm.WindowManagerService$H.handleMessage:8086 android.os.Handler.dispatchMessage:102 
02-21 12:19:41.011   191  1999 E [72278.764] [35;1mAmp1@@[MODULE_GENERIC:Widevine_GetHDCPCapability():3174]:[0m : Widevine_GetHDCPCapability, curhdcp: 0x4, maximum: 0x4, rel 0x0
02-21 12:19:42.974   177   230 I v_gralloc: Allocate buffer=0xe21f8380  for pid=2269: size=368x88 format=1 usage=0x00000900 info=3c4:9:1fa00-0:0:0 gid=0
02-21 12:19:42.975   177   230 I v_gralloc: Allocate buffer=0xe21f90a0  for pid=2269: size=368x88 format=1 usage=0x00000900 info=3c5:9:1fa00-0:0:0 gid=0
02-21 12:19:42.977   177   230 I v_gralloc: Allocate buffer=0xe21f9260  for pid=2269: size=368x88 format=1 usage=0x00000900 info=3c6:9:1fa00-0:0:0 gid=0
02-21 12:19:42.978   177   603 I v_gralloc: Allocate buffer=0xe21f9260  for pid=2269: size=368x88 format=1 usage=0x00000B00 info=3c7:9:1fa00-0:0:0 gid=0
02-21 12:19:42.981  2269  2321 I v_gralloc: Register buffer=0xdeab8640 from pid=2269: size=368x88 format=1 usage=0x00000B00 info=3c7:9:1fa00-0:0:0
02-21 12:19:42.984   177   234 I v_gralloc: Allocate buffer=0xe21f90a0  for pid=2269: size=368x88 format=1 usage=0x00000B00 info=3c8:9:1fa00-0:0:0 gid=0
02-21 12:19:42.984  2269  2321 I v_gralloc: Register buffer=0xdeab8560 from pid=2269: size=368x88 format=1 usage=0x00000B00 info=3c8:9:1fa00-0:0:0
02-21 12:19:42.985   177   828 I v_gralloc: Allocate buffer=0xe21f8380  for pid=2269: size=368x88 format=1 usage=0x00000B00 info=3c9:9:1fa00-0:0:0 gid=0
02-21 12:19:42.985  2269  2321 I v_gralloc: Register buffer=0xdeab5d20 from pid=2269: size=368x88 format=1 usage=0x00000B00 info=3c9:9:1fa00-0:0:0
02-21 12:19:42.989   177   828 I v_gralloc: Allocate buffer=0xe21f9260  for pid=2269: size=368x88 format=1 usage=0x03000B00 info=3ca:9:30000-3cb:6:300 gid=0
02-21 12:19:42.990  2269  2321 I v_gralloc: Register buffer=0xdeab8640 from pid=2269: size=368x88 format=1 usage=0x03000B00 info=3ca:9:30000-3cb:6:300
02-21 12:19:42.994   177   603 I v_gralloc: Allocate buffer=0xe21f90a0  for pid=2269: size=368x88 format=1 usage=0x03000B00 info=3cc:9:30000-3cd:6:300 gid=0
02-21 12:19:42.995  2269  2321 I v_gralloc: Register buffer=0xdeab8560 from pid=2269: size=368x88 format=1 usage=0x03000B00 info=3cc:9:30000-3cd:6:300
02-21 12:19:43.489   558   579 I WindowManager: Destroying surface Surface(name=Toast) called by com.android.server.wm.WindowStateAnimator.destroySurface:2016 com.android.server.wm.WindowStateAnimator.destroySurfaceLocked:882 com.android.server.wm.WindowState.destroyOrSaveSurface:2100 com.android.server.wm.WindowSurfacePlacer.performSurfacePlacementInner:429 com.android.server.wm.WindowSurfacePlacer.performSurfacePlacementLoop:232 com.android.server.wm.WindowSurfacePlacer.performSurfacePlacement:180 com.android.server.wm.WindowManagerService$H.handleMessage:8086 android.os.Handler.dispatchMessage:102 
