--------- beginning of system
02-20 09:17:10.904  1098  1098 W ContextImpl: Calling a method in the system process without a qualified user: android.app.ContextImpl.sendBroadcast:905 android.content.ContextWrapper.sendBroadcast:421 com.ifeelsmart.common.IFSTIFController.enableDisableParentalControl:881 com.ifeelsmart.common.IFSTIFController.init:588 com.ifeelsmart.common.IFSControllerManager.init:155 
02-20 09:17:11.062   566  1145 I chatty  : uid=1000(system) Binder:566_6 expire 12 lines
02-20 09:17:11.176   566   691 I chatty  : uid=1000(system) Binder:566_3 expire 8 lines
02-20 09:17:11.317   566   588 I chatty  : uid=1000(system) android.display expire 2 lines
02-20 09:17:14.029   566  1174 I chatty  : uid=1000(system) Binder:566_8 expire 9 lines
02-20 09:17:14.163   566   577 I chatty  : uid=1000(system) Binder:566_1 expire 10 lines
02-20 09:17:14.265  1684  1684 W ContextImpl: Calling a method in the system process without a qualified user: android.app.ContextImpl.startService:1385 android.content.ContextWrapper.startService:613 android.content.ContextWrapper.startService:613 com.marvell.wol.BootCompleteReceiver.onReceive:17 android.app.ActivityThread.handleReceiver:3011 
02-20 09:17:14.278   566   578 I chatty  : uid=1000(system) Binder:566_2 expire 8 lines
02-20 09:17:14.370  1699  1699 W ContextImpl: Calling a method in the system process without a qualified user: android.app.ContextImpl.startService:1385 android.content.ContextWrapper.startService:613 android.content.ContextWrapper.startService:613 com.marvell.onetouchplay.BootCompleteReceiver.onReceive:17 android.app.ActivityThread.handleReceiver:3011 
02-20 09:17:14.828   566   566 I chatty  : uid=1000 system_server expire 11 lines
02-20 09:17:14.880  1186  1186 W ContextImpl: Calling a method in the system process without a qualified user: android.app.ContextImpl.startService:1385 android.content.ContextWrapper.startService:613 android.content.ContextWrapper.startService:613 com.marvell.tv.netflix.BootCompleteReceiver.onReceive:17 android.app.ActivityThread.handleReceiver:3011 
02-20 09:17:14.891   566   637 I chatty  : uid=1000(system) ConnectivitySer expire 3 lines
02-20 09:17:14.892   566   587 I chatty  : uid=1000(system) android.io expire 9 lines
02-20 09:17:14.919   566  1201 I chatty  : uid=1000(system) Binder:566_9 expire 10 lines
02-20 09:17:15.748   566  1750 I chatty  : uid=1000 system_server expire 2 lines
02-20 09:17:20.403   566   580 I chatty  : uid=1000(system) ActivityManager expire 10 lines
02-20 09:17:20.486   152   617 I vold    : Trimmed 7034175488 bytes on /data in 30205ms
02-20 09:17:20.486   152   617 D vold    : Starting trim of /cache
02-20 09:17:20.487   566   610 I chatty  : uid=1000(system) VoldConnector expire 2 lines
02-20 09:17:24.173   152   617 I vold    : Trimmed 924491776 bytes on /cache in 3686ms
02-20 09:17:24.173   152   617 D vold    : Starting trim of none
02-20 09:17:24.173   152   617 W vold    : Failed to open none: No such file or directory
02-20 09:17:24.936   566  1172 I chatty  : uid=1000(system) Binder:566_7 expire 9 lines
02-20 09:17:25.558   843   843 W ContextImpl: Calling a method in the system process without a qualified user: android.app.ContextImpl.startService:1385 android.content.ContextWrapper.startService:613 android.content.ContextWrapper.startService:613 com.android.tv.settings.users.UserSwitchListenerService$BootReceiver.onReceive:55 android.app.ActivityThread.handleReceiver:3011 
02-20 09:17:26.790   566   858 I chatty  : uid=1000(system) Binder:566_4 expire 4 lines
02-20 09:17:27.282   566   607 I chatty  : uid=1000(system) InputDispatcher expire 12 lines
02-20 09:17:27.408   566  1204 I chatty  : uid=1000(system) Binder:566_A expire 8 lines
02-20 09:17:31.466   566  1144 I chatty  : uid=1000(system) Binder:566_5 expire 12 lines
02-20 09:17:35.585   566   566 I chatty  : uid=1000 system_server expire 22 lines
02-20 09:17:36.903   566  2459 I chatty  : uid=1000(system) Binder:566_B expire 10 lines
02-20 09:17:37.270   566  2500 I chatty  : uid=1000(system) Binder:566_C expire 6 lines
02-20 09:17:37.377  1156  1156 W ContextImpl: Calling a method in the system process without a qualified user: android.app.ContextImpl.startService:1385 android.content.ContextWrapper.startService:613 android.content.ContextWrapper.startService:613 com.lge.dispatcher.DispatcherBroadcastReceiver.onReceive:25 android.app.ActivityThread.handleReceiver:3011 
02-20 09:17:37.408  1170  1170 W ContextImpl: Calling a method in the system process without a qualified user: android.app.ContextImpl.startService:1385 android.content.ContextWrapper.startService:613 android.content.ContextWrapper.startService:613 com.lge.lgbtmanager.BootCompletionReceiver.onReceive:17 android.app.ActivityThread.handleReceiver:3011 
02-20 09:17:37.430   566  1145 I chatty  : uid=1000(system) Binder:566_6 expire 7 lines
02-20 09:17:37.431  1140  1140 W ContextImpl: Calling a method in the system process without a qualified user: android.app.ContextImpl.startService:1385 android.content.ContextWrapper.startService:613 android.content.ContextWrapper.startService:613 com.lge.otamanager.BootCompletionReceiver.onReceive:17 android.app.ActivityThread.handleReceiver:3011 
02-20 09:17:37.470  1170  1170 W ContextImpl: Calling a method in the system process without a qualified user: android.app.ContextImpl.bindService:1449 android.content.ContextWrapper.bindService:636 com.realsil.android.blehub.dfu.RealsilDfu.doBind:112 com.realsil.android.blehub.dfu.RealsilDfu.<init>:104 com.realsil.android.blehub.dfu.RealsilDfu.getDfuProxy:188 
02-20 09:17:37.495  1200  1200 W ContextImpl: Calling a method in the system process without a qualified user: android.app.ContextImpl.startService:1385 android.content.ContextWrapper.startService:613 android.content.ContextWrapper.startService:613 com.lge.tr069c.acse.modus.TRService.startRequest:60 com.lge.tr069c.partner.Receiver.onReceive:24 
02-20 09:17:38.168  1216  1216 W ContextImpl: Calling a method in the system process without a qualified user: android.app.ContextImpl.startService:1385 android.content.ContextWrapper.startService:613 android.content.ContextWrapper.startService:613 com.lge.tv.dtvservice.StartupReceiver.onReceive:85 android.app.ActivityThread.handleReceiver:3011 
02-20 09:17:38.324  2841  2841 W ContextImpl: Calling a method in the system process without a qualified user: android.app.ContextImpl.startService:1385 android.content.ContextWrapper.startService:613 com.lge.tr069c.acse.modus.TRService.onCreate:83 android.app.ActivityThread.handleCreateService:3162 android.app.ActivityThread.-wrap5:-1 
02-20 09:17:38.370  2841  2841 W ContextImpl: Calling a method in the system process without a qualified user: android.app.ContextImpl.bindService:1449 android.content.ContextWrapper.bindService:636 com.lge.tr069c.model.TvControlClient.connect:94 com.lge.tr069c.model.TvControlClient.onCreate:75 android.app.ActivityThread.handleCreateService:3162 
02-20 09:17:39.805  2841  2841 W ContextImpl: Calling a method in the system process without a qualified user: android.app.ContextImpl.sendBroadcast:905 android.content.ContextWrapper.sendBroadcast:421 com.lge.tr069c.model.device.deviceInfo.AdditionalDeviceInfoImp.NetflixESNInit:303 com.lge.tr069c.model.device.deviceInfo.AdditionalDeviceInfoImp.initialize:147 com.lge.tr069c.model.device.DeviceInfoImp.addAdditionalDeviceInfo:260 
02-20 09:17:45.145   566  1201 I chatty  : uid=1000(system) Binder:566_9 expire 2 lines
02-20 09:17:49.351   566   582 I chatty  : uid=1000(system) ActivityManager expire 2 lines
02-20 09:17:51.020  1098  1634 W ContextImpl: Calling a method in the system process without a qualified user: android.app.ContextImpl.sendBroadcast:905 android.content.ContextWrapper.sendBroadcast:421 <bottom of call stack> <bottom of call stack> <bottom of call stack> 
02-20 09:17:52.071   566   566 I chatty  : uid=1000 system_server expire 16 lines
02-20 09:18:19.145   566  3371 I chatty  : uid=1000(system) Binder:566_E expire 3 lines
02-20 09:18:24.451   566   595 I chatty  : uid=1000(system) PackageManager expire 2 lines
02-20 09:18:43.062   566   599 I chatty  : uid=1000(system) AlarmManager expire 1 line
02-20 09:18:43.955  1098  1634 W ContextImpl: Calling a method in the system process without a qualified user: android.app.ContextImpl.sendBroadcast:905 android.content.ContextWrapper.sendBroadcast:421 <bottom of call stack> <bottom of call stack> <bottom of call stack> 
02-20 09:18:46.923   566   566 I chatty  : uid=1000 system_server expire 203 lines
02-20 09:18:49.682  1098  1634 W ContextImpl: Calling a method in the system process without a qualified user: android.app.ContextImpl.sendBroadcast:905 android.content.ContextWrapper.sendBroadcast:421 <bottom of call stack> <bottom of call stack> <bottom of call stack> 
02-20 09:18:58.519  1098  1634 W ContextImpl: Calling a method in the system process without a qualified user: android.app.ContextImpl.sendBroadcast:905 android.content.ContextWrapper.sendBroadcast:421 <bottom of call stack> <bottom of call stack> <bottom of call stack> 
02-20 09:19:02.549   566   588 I chatty  : uid=1000(system) android.display expire 1 line
02-20 09:19:02.872   566  3885 I chatty  : uid=1000 system_server expire 1 line
02-20 09:19:51.867   566  2500 I chatty  : uid=1000(system) Binder:566_C expire 7 lines
02-20 09:19:51.888   566  3446 I chatty  : uid=1000(system) Binder:566_F expire 1 line
02-20 09:19:51.899   566  3370 I chatty  : uid=1000(system) Binder:566_D expire 4 lines
02-20 09:19:52.012   566   637 I chatty  : uid=1000(system) ConnectivitySer expire 2 lines
02-20 09:19:52.962   566   580 I chatty  : uid=1000(system) ActivityManager expire 8 lines
02-20 09:20:06.309   566  1172 I chatty  : uid=1000(system) Binder:566_7 expire 6 lines
02-20 09:20:06.330   566  1145 I chatty  : uid=1000(system) Binder:566_6 expire 11 lines
02-20 09:20:06.390   566  1201 I chatty  : uid=1000(system) Binder:566_9 expire 4 lines
02-20 09:20:15.497   566   858 I chatty  : uid=1000(system) Binder:566_4 expire 2 lines
02-20 09:20:15.773   566   691 I chatty  : uid=1000(system) Binder:566_3 expire 2 lines
02-20 09:20:26.195   566   577 I chatty  : uid=1000(system) Binder:566_1 expire 2 lines
02-20 09:20:26.289   566  1204 I chatty  : uid=1000(system) Binder:566_A expire 2 lines
02-20 09:20:26.358   566  1174 I chatty  : uid=1000(system) Binder:566_8 expire 2 lines
02-20 09:23:00.096   566   579 I chatty  : uid=1000(system) android.bg expire 3 lines
02-20 09:35:26.838   566   566 I chatty  : uid=1000 system_server expire 246 lines
02-20 09:46:27.823   566   589 I chatty  : uid=1000(system) CpuTracker expire 2 lines
02-20 09:46:27.964   566   583 I chatty  : uid=1000(system) batterystats-sy expire 4 lines
02-20 09:46:53.218   566   580 I chatty  : uid=1000(system) ActivityManager expire 1 line
02-20 09:54:45.082   566   566 I chatty  : uid=1000 system_server expire 252 lines
02-20 09:59:59.502   566   599 I chatty  : uid=1000(system) AlarmManager expire 1 line
02-20 10:07:43.529   566  2500 I chatty  : uid=1000(system) Binder:566_C expire 1 line
02-20 10:07:53.626   566   579 I chatty  : uid=1000(system) android.bg expire 1 line
02-20 10:15:24.072   566   566 I chatty  : uid=1000 system_server expire 250 lines
02-20 10:16:27.908   566   583 I chatty  : uid=1000(system) batterystats-sy expire 4 lines
02-20 10:17:00.026   566   580 I chatty  : uid=1000(system) ActivityManager expire 2 lines
02-20 10:36:12.057   566   566 I chatty  : uid=1000 system_server expire 226 lines
02-20 10:36:39.587   566   577 I chatty  : uid=1000(system) Binder:566_1 expire 7 lines
02-20 10:36:44.208   566  1144 I chatty  : uid=1000(system) Binder:566_5 expire 4 lines
02-20 10:37:29.044   566   579 I chatty  : uid=1000(system) android.bg expire 1 line
02-20 10:41:41.847   566   599 I chatty  : uid=1000(system) AlarmManager expire 1 line
02-20 10:46:27.941   566   589 I chatty  : uid=1000(system) CpuTracker expire 1 line
02-20 10:46:27.969   566   583 I chatty  : uid=1000(system) batterystats-sy expire 4 lines
02-20 10:47:29.098   566   858 I chatty  : uid=1000(system) Binder:566_4 expire 8 lines
02-20 10:52:55.884   566  2459 I chatty  : uid=1000(system) Binder:566_B expire 1 line
02-20 10:52:55.890   566  1174 I chatty  : uid=1000(system) Binder:566_8 expire 1 line
02-20 10:54:51.274   566   566 I chatty  : uid=1000 system_server expire 254 lines
02-20 11:07:29.214   566   579 I chatty  : uid=1000(system) android.bg expire 1 line
02-20 11:16:00.419   566   566 I chatty  : uid=1000 system_server expire 249 lines
02-20 11:16:27.925   566   583 I chatty  : uid=1000(system) batterystats-sy expire 4 lines
02-20 11:18:00.027   566   580 I chatty  : uid=1000(system) ActivityManager expire 1 line
02-20 11:22:24.182   566   599 I chatty  : uid=1000(system) AlarmManager expire 8 lines
02-20 11:36:38.663   566   566 I chatty  : uid=1000 system_server expire 99 lines
02-20 11:44:44.342   566   590 I chatty  : uid=1000(system) PowerManagerSer expire 4 lines
02-20 11:44:44.381   566   586 I chatty  : uid=1000(system) android.fg expire 3 lines
02-20 11:44:45.440   566   691 I chatty  : uid=1000(system) Binder:566_3 expire 4 lines
02-20 11:44:46.372   566  2500 I chatty  : uid=1000(system) Binder:566_C expire 6 lines
02-20 11:44:46.407   566  1145 I chatty  : uid=1000(system) Binder:566_6 expire 1 line
02-20 11:44:46.407   566  3371 I chatty  : uid=1000(system) Binder:566_E expire 3 lines
02-20 11:44:46.415   566  2459 I chatty  : uid=1000(system) Binder:566_B expire 1 line
02-20 11:44:46.438   566  3446 I chatty  : uid=1000(system) Binder:566_F expire 3 lines
02-20 11:44:46.458   566   858 I chatty  : uid=1000(system) Binder:566_4 expire 1 line
02-20 11:44:46.462   566   637 I chatty  : uid=1000(system) ConnectivitySer expire 4 lines
02-20 11:44:46.571   566   580 I chatty  : uid=1000(system) ActivityManager expire 9 lines
02-20 11:44:46.581   566  1204 I chatty  : uid=1000(system) Binder:566_A expire 2 lines
02-20 11:44:46.630   566  3370 I chatty  : uid=1000(system) Binder:566_D expire 1 line
02-20 11:44:47.448 30610 30610 W ContextImpl: Calling a method in the system process without a qualified user: android.app.ContextImpl.startService:1385 android.content.ContextWrapper.startService:613 com.lge.tr069c.acse.modus.TRService.onCreate:83 android.app.ActivityThread.handleCreateService:3162 android.app.ActivityThread.-wrap5:-1 
02-20 11:44:47.833 30610 30610 W ContextImpl: Calling a method in the system process without a qualified user: android.app.ContextImpl.bindService:1449 android.content.ContextWrapper.bindService:636 com.lge.tr069c.model.TvControlClient.connect:94 com.lge.tr069c.model.TvControlClient.onCreate:75 android.app.ActivityThread.handleCreateService:3162 
02-20 11:44:49.342 30610 30610 W ContextImpl: Calling a method in the system process without a qualified user: android.app.ContextImpl.sendBroadcast:905 android.content.ContextWrapper.sendBroadcast:421 com.lge.tr069c.model.device.deviceInfo.AdditionalDeviceInfoImp.NetflixESNInit:303 com.lge.tr069c.model.device.deviceInfo.AdditionalDeviceInfoImp.initialize:147 com.lge.tr069c.model.device.DeviceInfoImp.addAdditionalDeviceInfo:260 
02-20 11:44:49.797   566   587 I chatty  : uid=1000(system) android.io expire 2 lines
02-20 11:44:51.393   566   566 I chatty  : uid=1000 system_server expire 92 lines
02-20 11:46:27.949   566   583 I chatty  : uid=1000(system) batterystats-sy expire 4 lines
02-20 11:47:00.019   566   589 I chatty  : uid=1000(system) CpuTracker expire 6 lines
02-20 11:47:28.856   566  1144 I chatty  : uid=1000(system) Binder:566_5 expire 1 line
02-20 11:47:29.166   566  1201 I chatty  : uid=1000(system) Binder:566_9 expire 1 line
02-20 11:47:29.352   566   588 I chatty  : uid=1000(system) android.display expire 2 lines
02-20 11:52:33.426   566   566 I chatty  : uid=1000 system_server expire 171 lines
02-20 11:57:28.408   566   579 I chatty  : uid=1000(system) android.bg expire 1 line
02-20 12:06:01.363   566   599 I chatty  : uid=1000(system) AlarmManager expire 1 line
02-20 12:06:38.835   566   607 I chatty  : uid=1000(system) InputDispatcher expire 42 lines
02-20 12:06:39.650  1248   550 E ActivityThread: Failed to find provider info for com.google.android.katniss.search.WidgetInfoProvider
02-20 12:06:39.651  1248   551 E ActivityThread: Failed to find provider info for com.google.android.katniss.search.WidgetInfoProvider
02-20 12:06:39.984   566   566 I chatty  : uid=1000 system_server expire 35 lines
02-20 12:06:45.042   566  2500 I chatty  : uid=1000(system) Binder:566_C expire 1 line
02-20 12:06:45.733   566   587 I chatty  : uid=1000(system) android.io expire 2 lines
02-20 12:06:48.800  5109  5109 W ContextImpl: Calling a method in the system process without a qualified user: android.app.ContextImpl.sendBroadcast:905 android.content.ContextWrapper.sendBroadcast:421 com.android.tv.settings.about.AboutFragment.onCreate:121 android.app.Fragment.performCreate:2336 android.app.FragmentManagerImpl.moveToState:949 
02-20 12:06:53.538   566  2459 I chatty  : uid=1000(system) Binder:566_B expire 1 line
02-20 12:09:21.114   566   566 I chatty  : uid=1000 system_server expire 244 lines
02-20 12:16:27.953   566   583 I chatty  : uid=1000(system) batterystats-sy expire 4 lines
02-20 12:18:53.482   566   580 I chatty  : uid=1000(system) ActivityManager expire 1 line
02-20 12:18:53.498   566   579 I chatty  : uid=1000(system) android.bg expire 2 lines
02-20 12:29:37.814   566  3370 I chatty  : uid=1000(system) Binder:566_D expire 2 lines
02-20 12:29:38.806   566  1201 I chatty  : uid=1000(system) Binder:566_9 expire 4 lines
02-20 12:29:38.860   566  3371 I chatty  : uid=1000(system) Binder:566_E expire 1 line
02-20 12:29:38.924   566   637 I chatty  : uid=1000(system) ConnectivitySer expire 3 lines
02-20 12:29:38.947   566   580 I chatty  : uid=1000(system) ActivityManager expire 7 lines
02-20 12:29:38.953   566  1144 I chatty  : uid=1000(system) Binder:566_5 expire 2 lines
02-20 12:29:39.092   566  1174 I chatty  : uid=1000(system) Binder:566_8 expire 2 lines
02-20 12:29:39.114   566   566 I chatty  : uid=1000 system_server expire 222 lines
02-20 12:29:39.290   566 23805 I chatty  : uid=1000(system) Binder:566_10 expire 2 lines
02-20 12:29:39.290   566  3446 I chatty  : uid=1000(system) Binder:566_F expire 1 line
02-20 12:29:40.931  1495  1495 W ContextImpl: Calling a method in the system process without a qualified user: android.app.ContextImpl.startService:1385 android.content.ContextWrapper.startService:613 com.lge.tr069c.acse.modus.TRService.onCreate:83 android.app.ActivityThread.handleCreateService:3162 android.app.ActivityThread.-wrap5:-1 
02-20 12:29:40.983  1495  1495 W ContextImpl: Calling a method in the system process without a qualified user: android.app.ContextImpl.bindService:1449 android.content.ContextWrapper.bindService:636 com.lge.tr069c.model.TvControlClient.connect:94 com.lge.tr069c.model.TvControlClient.onCreate:75 android.app.ActivityThread.handleCreateService:3162 
02-20 12:29:42.253  1495  1495 W ContextImpl: Calling a method in the system process without a qualified user: android.app.ContextImpl.sendBroadcast:905 android.content.ContextWrapper.sendBroadcast:421 com.lge.tr069c.model.device.deviceInfo.AdditionalDeviceInfoImp.NetflixESNInit:303 com.lge.tr069c.model.device.deviceInfo.AdditionalDeviceInfoImp.initialize:147 com.lge.tr069c.model.device.DeviceInfoImp.addAdditionalDeviceInfo:260 
02-20 12:29:42.851   566   587 I chatty  : uid=1000(system) android.io expire 2 lines
02-20 12:35:47.303   566   577 I chatty  : uid=1000(system) Binder:566_1 expire 1 line
02-20 12:35:51.331   566   578 I chatty  : uid=1000(system) Binder:566_2 expire 4 lines
02-20 12:36:47.288   566   691 I chatty  : uid=1000(system) Binder:566_3 expire 1 line
02-20 12:46:27.988   566   583 I chatty  : uid=1000(system) batterystats-sy expire 4 lines
02-20 12:47:19.936   566   599 I chatty  : uid=1000(system) AlarmManager expire 1 line
02-20 12:48:07.158   566   566 I chatty  : uid=1000 system_server expire 253 lines
02-20 12:49:00.019   566   580 I chatty  : uid=1000(system) ActivityManager expire 1 line
02-20 12:52:30.035   566   579 I chatty  : uid=1000(system) android.bg expire 1 line
02-20 13:08:56.447   566   566 I chatty  : uid=1000 system_server expire 93 lines
02-20 13:16:27.994   566   583 I chatty  : uid=1000(system) batterystats-sy expire 4 lines
02-20 13:16:39.814   566   691 I chatty  : uid=1000(system) Binder:566_3 expire 4 lines
02-20 13:16:39.855   566  1201 I chatty  : uid=1000(system) Binder:566_9 expire 7 lines
02-20 13:16:39.886   566  3371 I chatty  : uid=1000(system) Binder:566_E expire 2 lines
02-20 13:16:39.886   566  3370 I chatty  : uid=1000(system) Binder:566_D expire 1 line
02-20 13:16:39.928   566 23805 I chatty  : uid=1000(system) Binder:566_10 expire 4 lines
02-20 13:16:39.929   566  2500 I chatty  : uid=1000(system) Binder:566_C expire 2 lines
02-20 13:16:39.974   566   637 I chatty  : uid=1000(system) ConnectivitySer expire 2 lines
02-20 13:16:40.043   566   580 I chatty  : uid=1000(system) ActivityManager expire 11 lines
02-20 13:16:40.046   566  1204 I chatty  : uid=1000(system) Binder:566_A expire 3 lines
02-20 13:16:40.060   566  1174 I chatty  : uid=1000(system) Binder:566_8 expire 3 lines
02-20 13:16:41.695  2437  2437 W ContextImpl: Calling a method in the system process without a qualified user: android.app.ContextImpl.startService:1385 android.content.ContextWrapper.startService:613 com.lge.tr069c.acse.modus.TRService.onCreate:83 android.app.ActivityThread.handleCreateService:3162 android.app.ActivityThread.-wrap5:-1 
02-20 13:16:41.841  2437  2437 W ContextImpl: Calling a method in the system process without a qualified user: android.app.ContextImpl.bindService:1449 android.content.ContextWrapper.bindService:636 com.lge.tr069c.model.TvControlClient.connect:94 com.lge.tr069c.model.TvControlClient.onCreate:75 android.app.ActivityThread.handleCreateService:3162 
02-20 13:16:43.172  2437  2437 W ContextImpl: Calling a method in the system process without a qualified user: android.app.ContextImpl.sendBroadcast:905 android.content.ContextWrapper.sendBroadcast:421 com.lge.tr069c.model.device.deviceInfo.AdditionalDeviceInfoImp.NetflixESNInit:303 com.lge.tr069c.model.device.deviceInfo.AdditionalDeviceInfoImp.initialize:147 com.lge.tr069c.model.device.DeviceInfoImp.addAdditionalDeviceInfo:260 
02-20 13:16:43.620   566   587 I chatty  : uid=1000(system) android.io expire 2 lines
02-20 13:16:47.781   566  3446 I chatty  : uid=1000(system) Binder:566_F expire 9 lines
02-20 13:16:48.114  1248  2508 E ActivityThread: Failed to find provider info for com.google.android.katniss.search.WidgetInfoProvider
02-20 13:16:48.118  1248  2509 E ActivityThread: Failed to find provider info for com.google.android.katniss.search.WidgetInfoProvider
02-20 13:16:49.473   566   566 I chatty  : uid=1000 system_server expire 95 lines
02-20 13:16:49.477   566   607 I chatty  : uid=1000(system) InputDispatcher expire 1 line
02-20 13:16:49.640   566  2459 I chatty  : uid=1000(system) Binder:566_B expire 1 line
02-20 13:16:50.976   566  1172 I chatty  : uid=1000(system) Binder:566_7 expire 1 line
02-20 13:17:58.880   566   577 I chatty  : uid=1000(system) Binder:566_1 expire 2 lines
02-20 13:17:59.103   566   578 I chatty  : uid=1000(system) Binder:566_2 expire 1 line
02-20 13:21:49.481   566   590 I chatty  : uid=1000(system) PowerManagerSer expire 3 lines
02-20 13:21:49.484   566   586 I chatty  : uid=1000(system) android.fg expire 2 lines
02-20 13:21:49.851   566  1145 I chatty  : uid=1000(system) Binder:566_6 expire 2 lines
02-20 13:22:50.916   566   566 I chatty  : uid=1000 system_server expire 251 lines
02-20 13:26:02.734   566   579 I chatty  : uid=1000(system) android.bg expire 1 line
02-20 13:27:24.179   566   599 I chatty  : uid=1000(system) AlarmManager expire 1 line
02-20 13:27:54.120   566   691 I chatty  : uid=1000(system) Binder:566_3 expire 1 line
02-20 13:27:54.154   566   858 I chatty  : uid=1000(system) Binder:566_4 expire 1 line
02-20 13:43:35.123   566   566 I chatty  : uid=1000 system_server expire 249 lines
02-20 13:46:27.960   566   583 I chatty  : uid=1000(system) batterystats-sy expire 4 lines
02-20 13:50:00.010   566   580 I chatty  : uid=1000(system) ActivityManager expire 1 line
02-20 13:55:02.543   566   579 I chatty  : uid=1000(system) android.bg expire 2 lines
02-20 14:04:19.145   566   566 I chatty  : uid=1000 system_server expire 248 lines
02-20 14:09:04.178   566   599 I chatty  : uid=1000(system) AlarmManager expire 1 line
02-20 14:16:27.975   566   583 I chatty  : uid=1000(system) batterystats-sy expire 4 lines
02-20 14:20:04.696   566   580 I chatty  : uid=1000(system) ActivityManager expire 1 line
02-20 14:24:43.131   566   566 I chatty  : uid=1000 system_server expire 240 lines
--------- beginning of crash
02-20 14:33:15.673  2900  4335 E AndroidRuntime: FATAL EXCEPTION: sAsyncHandlerThread
02-20 14:33:15.673  2900  4335 E AndroidRuntime: Process: android.process.media, PID: 2900
02-20 14:33:15.673  2900  4335 E AndroidRuntime: java.lang.IllegalArgumentException: Unknown URL 0
02-20 14:33:15.673  2900  4335 E AndroidRuntime: 	at android.content.ContentResolver.delete(ContentResolver.java:1367)
02-20 14:33:15.673  2900  4335 E AndroidRuntime: 	at com.android.providers.downloads.DownloadProvider.delete(DownloadProvider.java:1263)
02-20 14:33:15.673  2900  4335 E AndroidRuntime: 	at android.content.ContentProvider$Transport.delete(ContentProvider.java:340)
02-20 14:33:15.673  2900  4335 E AndroidRuntime: 	at android.content.ContentResolver.delete(ContentResolver.java:1371)
02-20 14:33:15.673  2900  4335 E AndroidRuntime: 	at com.android.providers.downloads.DownloadIdleService.cleanStale(DownloadIdleService.java:128)
02-20 14:33:15.673  2900  4335 E AndroidRuntime: 	at com.android.providers.downloads.DownloadIdleService$IdleRunnable.run(DownloadIdleService.java:67)
02-20 14:33:15.673  2900  4335 E AndroidRuntime: 	at android.os.Handler.handleCallback(Handler.java:751)
02-20 14:33:15.673  2900  4335 E AndroidRuntime: 	at android.os.Handler.dispatchMessage(Handler.java:95)
02-20 14:33:15.673  2900  4335 E AndroidRuntime: 	at android.os.Looper.loop(Looper.java:154)
02-20 14:33:15.673  2900  4335 E AndroidRuntime: 	at android.os.HandlerThread.run(HandlerThread.java:61)
02-20 14:33:15.735   566  1174 I chatty  : uid=1000(system) Binder:566_8 expire 3 lines
02-20 14:33:15.765   566   579 I chatty  : uid=1000(system) android.bg expire 1 line
02-20 14:33:46.099  4447  4463 E AndroidRuntime: FATAL EXCEPTION: sAsyncHandlerThread
02-20 14:33:46.099  4447  4463 E AndroidRuntime: Process: android.process.media, PID: 4447
02-20 14:33:46.099  4447  4463 E AndroidRuntime: java.lang.IllegalArgumentException: Unknown URL 0
02-20 14:33:46.099  4447  4463 E AndroidRuntime: 	at android.content.ContentResolver.delete(ContentResolver.java:1367)
02-20 14:33:46.099  4447  4463 E AndroidRuntime: 	at com.android.providers.downloads.DownloadProvider.delete(DownloadProvider.java:1263)
02-20 14:33:46.099  4447  4463 E AndroidRuntime: 	at android.content.ContentProvider$Transport.delete(ContentProvider.java:340)
02-20 14:33:46.099  4447  4463 E AndroidRuntime: 	at android.content.ContentResolver.delete(ContentResolver.java:1371)
02-20 14:33:46.099  4447  4463 E AndroidRuntime: 	at com.android.providers.downloads.DownloadIdleService.cleanStale(DownloadIdleService.java:128)
02-20 14:33:46.099  4447  4463 E AndroidRuntime: 	at com.android.providers.downloads.DownloadIdleService$IdleRunnable.run(DownloadIdleService.java:67)
02-20 14:33:46.099  4447  4463 E AndroidRuntime: 	at android.os.Handler.handleCallback(Handler.java:751)
02-20 14:33:46.099  4447  4463 E AndroidRuntime: 	at android.os.Handler.dispatchMessage(Handler.java:95)
02-20 14:33:46.099  4447  4463 E AndroidRuntime: 	at android.os.Looper.loop(Looper.java:154)
02-20 14:33:46.099  4447  4463 E AndroidRuntime: 	at android.os.HandlerThread.run(HandlerThread.java:61)
02-20 14:33:46.190   566  3371 I chatty  : uid=1000(system) Binder:566_E expire 5 lines
02-20 14:34:46.373  4486  4504 E AndroidRuntime: FATAL EXCEPTION: sAsyncHandlerThread
02-20 14:34:46.373  4486  4504 E AndroidRuntime: Process: android.process.media, PID: 4486
02-20 14:34:46.373  4486  4504 E AndroidRuntime: java.lang.IllegalArgumentException: Unknown URL 0
02-20 14:34:46.373  4486  4504 E AndroidRuntime: 	at android.content.ContentResolver.delete(ContentResolver.java:1367)
02-20 14:34:46.373  4486  4504 E AndroidRuntime: 	at com.android.providers.downloads.DownloadProvider.delete(DownloadProvider.java:1263)
02-20 14:34:46.373  4486  4504 E AndroidRuntime: 	at android.content.ContentProvider$Transport.delete(ContentProvider.java:340)
02-20 14:34:46.373  4486  4504 E AndroidRuntime: 	at android.content.ContentResolver.delete(ContentResolver.java:1371)
02-20 14:34:46.373  4486  4504 E AndroidRuntime: 	at com.android.providers.downloads.DownloadIdleService.cleanStale(DownloadIdleService.java:128)
02-20 14:34:46.373  4486  4504 E AndroidRuntime: 	at com.android.providers.downloads.DownloadIdleService$IdleRunnable.run(DownloadIdleService.java:67)
02-20 14:34:46.373  4486  4504 E AndroidRuntime: 	at android.os.Handler.handleCallback(Handler.java:751)
02-20 14:34:46.373  4486  4504 E AndroidRuntime: 	at android.os.Handler.dispatchMessage(Handler.java:95)
02-20 14:34:46.373  4486  4504 E AndroidRuntime: 	at android.os.Looper.loop(Looper.java:154)
02-20 14:34:46.373  4486  4504 E AndroidRuntime: 	at android.os.HandlerThread.run(HandlerThread.java:61)
02-20 14:34:46.455   566 23805 I chatty  : uid=1000(system) Binder:566_10 expire 6 lines
02-20 14:36:46.622  4538  4554 E AndroidRuntime: FATAL EXCEPTION: sAsyncHandlerThread
02-20 14:36:46.622  4538  4554 E AndroidRuntime: Process: android.process.media, PID: 4538
02-20 14:36:46.622  4538  4554 E AndroidRuntime: java.lang.IllegalArgumentException: Unknown URL 0
02-20 14:36:46.622  4538  4554 E AndroidRuntime: 	at android.content.ContentResolver.delete(ContentResolver.java:1367)
02-20 14:36:46.622  4538  4554 E AndroidRuntime: 	at com.android.providers.downloads.DownloadProvider.delete(DownloadProvider.java:1263)
02-20 14:36:46.622  4538  4554 E AndroidRuntime: 	at android.content.ContentProvider$Transport.delete(ContentProvider.java:340)
02-20 14:36:46.622  4538  4554 E AndroidRuntime: 	at android.content.ContentResolver.delete(ContentResolver.java:1371)
02-20 14:36:46.622  4538  4554 E AndroidRuntime: 	at com.android.providers.downloads.DownloadIdleService.cleanStale(DownloadIdleService.java:128)
02-20 14:36:46.622  4538  4554 E AndroidRuntime: 	at com.android.providers.downloads.DownloadIdleService$IdleRunnable.run(DownloadIdleService.java:67)
02-20 14:36:46.622  4538  4554 E AndroidRuntime: 	at android.os.Handler.handleCallback(Handler.java:751)
02-20 14:36:46.622  4538  4554 E AndroidRuntime: 	at android.os.Handler.dispatchMessage(Handler.java:95)
02-20 14:36:46.622  4538  4554 E AndroidRuntime: 	at android.os.Looper.loop(Looper.java:154)
02-20 14:36:46.622  4538  4554 E AndroidRuntime: 	at android.os.HandlerThread.run(HandlerThread.java:61)
02-20 14:40:46.795  4622  4638 E AndroidRuntime: FATAL EXCEPTION: sAsyncHandlerThread
02-20 14:40:46.795  4622  4638 E AndroidRuntime: Process: android.process.media, PID: 4622
02-20 14:40:46.795  4622  4638 E AndroidRuntime: java.lang.IllegalArgumentException: Unknown URL 0
02-20 14:40:46.795  4622  4638 E AndroidRuntime: 	at android.content.ContentResolver.delete(ContentResolver.java:1367)
02-20 14:40:46.795  4622  4638 E AndroidRuntime: 	at com.android.providers.downloads.DownloadProvider.delete(DownloadProvider.java:1263)
02-20 14:40:46.795  4622  4638 E AndroidRuntime: 	at android.content.ContentProvider$Transport.delete(ContentProvider.java:340)
02-20 14:40:46.795  4622  4638 E AndroidRuntime: 	at android.content.ContentResolver.delete(ContentResolver.java:1371)
02-20 14:40:46.795  4622  4638 E AndroidRuntime: 	at com.android.providers.downloads.DownloadIdleService.cleanStale(DownloadIdleService.java:128)
02-20 14:40:46.795  4622  4638 E AndroidRuntime: 	at com.android.providers.downloads.DownloadIdleService$IdleRunnable.run(DownloadIdleService.java:67)
02-20 14:40:46.795  4622  4638 E AndroidRuntime: 	at android.os.Handler.handleCallback(Handler.java:751)
02-20 14:40:46.795  4622  4638 E AndroidRuntime: 	at android.os.Handler.dispatchMessage(Handler.java:95)
02-20 14:40:46.795  4622  4638 E AndroidRuntime: 	at android.os.Looper.loop(Looper.java:154)
02-20 14:40:46.795  4622  4638 E AndroidRuntime: 	at android.os.HandlerThread.run(HandlerThread.java:61)
02-20 14:44:07.079   566   566 I chatty  : uid=1000 system_server expire 241 lines
02-20 14:46:27.988   566   583 I chatty  : uid=1000(system) batterystats-sy expire 4 lines
02-20 14:47:47.179   566  3371 I chatty  : uid=1000(system) Binder:566_E expire 4 lines
02-20 14:48:47.151  4763  4780 E AndroidRuntime: FATAL EXCEPTION: sAsyncHandlerThread
02-20 14:48:47.151  4763  4780 E AndroidRuntime: Process: android.process.media, PID: 4763
02-20 14:48:47.151  4763  4780 E AndroidRuntime: java.lang.IllegalArgumentException: Unknown URL 0
02-20 14:48:47.151  4763  4780 E AndroidRuntime: 	at android.content.ContentResolver.delete(ContentResolver.java:1367)
02-20 14:48:47.151  4763  4780 E AndroidRuntime: 	at com.android.providers.downloads.DownloadProvider.delete(DownloadProvider.java:1263)
02-20 14:48:47.151  4763  4780 E AndroidRuntime: 	at android.content.ContentProvider$Transport.delete(ContentProvider.java:340)
02-20 14:48:47.151  4763  4780 E AndroidRuntime: 	at android.content.ContentResolver.delete(ContentResolver.java:1371)
02-20 14:48:47.151  4763  4780 E AndroidRuntime: 	at com.android.providers.downloads.DownloadIdleService.cleanStale(DownloadIdleService.java:128)
02-20 14:48:47.151  4763  4780 E AndroidRuntime: 	at com.android.providers.downloads.DownloadIdleService$IdleRunnable.run(DownloadIdleService.java:67)
02-20 14:48:47.151  4763  4780 E AndroidRuntime: 	at android.os.Handler.handleCallback(Handler.java:751)
02-20 14:48:47.151  4763  4780 E AndroidRuntime: 	at android.os.Handler.dispatchMessage(Handler.java:95)
02-20 14:48:47.151  4763  4780 E AndroidRuntime: 	at android.os.Looper.loop(Looper.java:154)
02-20 14:48:47.151  4763  4780 E AndroidRuntime: 	at android.os.HandlerThread.run(HandlerThread.java:61)
02-20 14:48:47.265   566  1172 I chatty  : uid=1000(system) Binder:566_7 expire 3 lines
02-20 14:50:47.078   566   599 I chatty  : uid=1000(system) AlarmManager expire 1 line
02-20 14:50:47.085   566   580 I chatty  : uid=1000(system) ActivityManager expire 1 line
02-20 14:53:02.703   566   579 I chatty  : uid=1000(system) android.bg expire 1 line
02-20 15:04:00.923   566   566 I chatty  : uid=1000 system_server expire 90 lines
02-20 15:04:47.677  5037  5053 E AndroidRuntime: FATAL EXCEPTION: sAsyncHandlerThread
02-20 15:04:47.677  5037  5053 E AndroidRuntime: Process: android.process.media, PID: 5037
02-20 15:04:47.677  5037  5053 E AndroidRuntime: java.lang.IllegalArgumentException: Unknown URL 0
02-20 15:04:47.677  5037  5053 E AndroidRuntime: 	at android.content.ContentResolver.delete(ContentResolver.java:1367)
02-20 15:04:47.677  5037  5053 E AndroidRuntime: 	at com.android.providers.downloads.DownloadProvider.delete(DownloadProvider.java:1263)
02-20 15:04:47.677  5037  5053 E AndroidRuntime: 	at android.content.ContentProvider$Transport.delete(ContentProvider.java:340)
02-20 15:04:47.677  5037  5053 E AndroidRuntime: 	at android.content.ContentResolver.delete(ContentResolver.java:1371)
02-20 15:04:47.677  5037  5053 E AndroidRuntime: 	at com.android.providers.downloads.DownloadIdleService.cleanStale(DownloadIdleService.java:128)
02-20 15:04:47.677  5037  5053 E AndroidRuntime: 	at com.android.providers.downloads.DownloadIdleService$IdleRunnable.run(DownloadIdleService.java:67)
02-20 15:04:47.677  5037  5053 E AndroidRuntime: 	at android.os.Handler.handleCallback(Handler.java:751)
02-20 15:04:47.677  5037  5053 E AndroidRuntime: 	at android.os.Handler.dispatchMessage(Handler.java:95)
02-20 15:04:47.677  5037  5053 E AndroidRuntime: 	at android.os.Looper.loop(Looper.java:154)
02-20 15:04:47.677  5037  5053 E AndroidRuntime: 	at android.os.HandlerThread.run(HandlerThread.java:61)
02-20 15:04:47.755   566  1201 I chatty  : uid=1000(system) Binder:566_9 expire 3 lines
02-20 15:09:57.468   566   580 I chatty  : uid=1000(system) ActivityManager expire 10 lines
02-20 15:11:18.722   566  1204 I chatty  : uid=1000(system) Binder:566_A expire 6 lines
02-20 15:11:18.745   566  3370 I chatty  : uid=1000(system) Binder:566_D expire 5 lines
02-20 15:11:18.770   566  1144 I chatty  : uid=1000(system) Binder:566_5 expire 3 lines
02-20 15:11:18.775   566  2500 I chatty  : uid=1000(system) Binder:566_C expire 3 lines
02-20 15:11:18.784   566  3371 I chatty  : uid=1000(system) Binder:566_E expire 3 lines
02-20 15:11:18.852   566 23805 I chatty  : uid=1000(system) Binder:566_10 expire 5 lines
02-20 15:11:18.855   566  1172 I chatty  : uid=1000(system) Binder:566_7 expire 2 lines
02-20 15:11:18.861   566   637 I chatty  : uid=1000(system) ConnectivitySer expire 4 lines
02-20 15:11:19.471  5456  5456 W ContextImpl: Calling a method in the system process without a qualified user: android.app.ContextImpl.startService:1385 android.content.ContextWrapper.startService:613 com.lge.tr069c.acse.modus.TRService.onCreate:83 android.app.ActivityThread.handleCreateService:3162 android.app.ActivityThread.-wrap5:-1 
02-20 15:11:19.492  5456  5456 W ContextImpl: Calling a method in the system process without a qualified user: android.app.ContextImpl.bindService:1449 android.content.ContextWrapper.bindService:636 com.lge.tr069c.model.TvControlClient.connect:94 com.lge.tr069c.model.TvControlClient.onCreate:75 android.app.ActivityThread.handleCreateService:3162 
02-20 15:11:20.083  5456  5456 W ContextImpl: Calling a method in the system process without a qualified user: android.app.ContextImpl.sendBroadcast:905 android.content.ContextWrapper.sendBroadcast:421 com.lge.tr069c.model.device.deviceInfo.AdditionalDeviceInfoImp.NetflixESNInit:303 com.lge.tr069c.model.device.deviceInfo.AdditionalDeviceInfoImp.initialize:147 com.lge.tr069c.model.device.DeviceInfoImp.addAdditionalDeviceInfo:260 
02-20 15:11:20.338   566   587 I chatty  : uid=1000(system) android.io expire 2 lines
02-20 15:11:20.896   566  3446 I chatty  : uid=1000(system) Binder:566_F expire 1 line
02-20 15:11:20.980   566  1174 I chatty  : uid=1000(system) Binder:566_8 expire 3 lines
02-20 15:11:22.479   566   566 I chatty  : uid=1000 system_server expire 105 lines
02-20 15:11:28.764   566   580 I chatty  : uid=1000(system) ActivityManager expire 3 lines
02-20 15:11:29.415   566   858 I chatty  : uid=1000(system) Binder:566_4 expire 1 line
02-20 15:16:28.005   566   583 I chatty  : uid=1000(system) batterystats-sy expire 4 lines
02-20 15:17:47.029   566   599 I chatty  : uid=1000(system) AlarmManager expire 1 line
02-20 15:17:47.688   566   578 I chatty  : uid=1000(system) Binder:566_2 expire 1 line
02-20 15:19:54.493   566   566 I chatty  : uid=1000 system_server expire 238 lines
02-20 15:20:47.531   566   580 I chatty  : uid=1000(system) ActivityManager expire 2 lines
02-20 15:20:47.545   566   579 I chatty  : uid=1000(system) android.bg expire 2 lines
02-20 15:23:32.041   566  1144 I chatty  : uid=1000(system) Binder:566_5 expire 2 lines
02-20 15:32:48.243   566   599 I chatty  : uid=1000(system) AlarmManager expire 1 line
02-20 15:36:49.016  6083  6101 E AndroidRuntime: FATAL EXCEPTION: sAsyncHandlerThread
02-20 15:36:49.016  6083  6101 E AndroidRuntime: Process: android.process.media, PID: 6083
02-20 15:36:49.016  6083  6101 E AndroidRuntime: java.lang.IllegalArgumentException: Unknown URL 0
02-20 15:36:49.016  6083  6101 E AndroidRuntime: 	at android.content.ContentResolver.delete(ContentResolver.java:1367)
02-20 15:36:49.016  6083  6101 E AndroidRuntime: 	at com.android.providers.downloads.DownloadProvider.delete(DownloadProvider.java:1263)
02-20 15:36:49.016  6083  6101 E AndroidRuntime: 	at android.content.ContentProvider$Transport.delete(ContentProvider.java:340)
02-20 15:36:49.016  6083  6101 E AndroidRuntime: 	at android.content.ContentResolver.delete(ContentResolver.java:1371)
02-20 15:36:49.016  6083  6101 E AndroidRuntime: 	at com.android.providers.downloads.DownloadIdleService.cleanStale(DownloadIdleService.java:128)
02-20 15:36:49.016  6083  6101 E AndroidRuntime: 	at com.android.providers.downloads.DownloadIdleService$IdleRunnable.run(DownloadIdleService.java:67)
02-20 15:36:49.016  6083  6101 E AndroidRuntime: 	at android.os.Handler.handleCallback(Handler.java:751)
02-20 15:36:49.016  6083  6101 E AndroidRuntime: 	at android.os.Handler.dispatchMessage(Handler.java:95)
02-20 15:36:49.016  6083  6101 E AndroidRuntime: 	at android.os.Looper.loop(Looper.java:154)
02-20 15:36:49.016  6083  6101 E AndroidRuntime: 	at android.os.HandlerThread.run(HandlerThread.java:61)
02-20 15:36:49.074   566  1201 I chatty  : uid=1000(system) Binder:566_9 expire 4 lines
02-20 15:37:29.287   566  2459 I chatty  : uid=1000(system) Binder:566_B expire 1 line
02-20 15:37:29.370   566  1174 I chatty  : uid=1000(system) Binder:566_8 expire 1 line
02-20 15:37:29.370   566   691 I chatty  : uid=1000(system) Binder:566_3 expire 2 lines
02-20 15:37:29.388   566   637 I chatty  : uid=1000(system) ConnectivitySer expire 1 line
02-20 15:37:31.093   566  1051 I chatty  : uid=1000(system) backup expire 1 line
02-20 15:39:18.500   566   566 I chatty  : uid=1000 system_server expire 249 lines
02-20 15:46:28.027   566   583 I chatty  : uid=1000(system) batterystats-sy expire 4 lines
02-20 15:50:53.391   566   580 I chatty  : uid=1000(system) ActivityManager expire 1 line
02-20 15:56:49.288   566   579 I chatty  : uid=1000(system) android.bg expire 1 line
02-20 16:00:02.748   566   566 I chatty  : uid=1000 system_server expire 250 lines
02-20 16:15:31.592   566   599 I chatty  : uid=1000(system) AlarmManager expire 1 line
02-20 16:16:28.034   566   583 I chatty  : uid=1000(system) batterystats-sy expire 4 lines
02-20 16:20:47.049   566   566 I chatty  : uid=1000 system_server expire 244 lines
02-20 16:21:00.009   566   580 I chatty  : uid=1000(system) ActivityManager expire 1 line
02-20 16:27:31.656   566   579 I chatty  : uid=1000(system) android.bg expire 1 line
02-20 16:37:15.670   566  1145 I chatty  : uid=1000(system) Binder:566_6 expire 4 lines
02-20 16:40:49.225  6192  7262 E AndroidRuntime: FATAL EXCEPTION: sAsyncHandlerThread
02-20 16:40:49.225  6192  7262 E AndroidRuntime: Process: android.process.media, PID: 6192
02-20 16:40:49.225  6192  7262 E AndroidRuntime: java.lang.IllegalArgumentException: Unknown URL 0
02-20 16:40:49.225  6192  7262 E AndroidRuntime: 	at android.content.ContentResolver.delete(ContentResolver.java:1367)
02-20 16:40:49.225  6192  7262 E AndroidRuntime: 	at com.android.providers.downloads.DownloadProvider.delete(DownloadProvider.java:1263)
02-20 16:40:49.225  6192  7262 E AndroidRuntime: 	at android.content.ContentProvider$Transport.delete(ContentProvider.java:340)
02-20 16:40:49.225  6192  7262 E AndroidRuntime: 	at android.content.ContentResolver.delete(ContentResolver.java:1371)
02-20 16:40:49.225  6192  7262 E AndroidRuntime: 	at com.android.providers.downloads.DownloadIdleService.cleanStale(DownloadIdleService.java:128)
02-20 16:40:49.225  6192  7262 E AndroidRuntime: 	at com.android.providers.downloads.DownloadIdleService$IdleRunnable.run(DownloadIdleService.java:67)
02-20 16:40:49.225  6192  7262 E AndroidRuntime: 	at android.os.Handler.handleCallback(Handler.java:751)
02-20 16:40:49.225  6192  7262 E AndroidRuntime: 	at android.os.Handler.dispatchMessage(Handler.java:95)
02-20 16:40:49.225  6192  7262 E AndroidRuntime: 	at android.os.Looper.loop(Looper.java:154)
02-20 16:40:49.225  6192  7262 E AndroidRuntime: 	at android.os.HandlerThread.run(HandlerThread.java:61)
02-20 16:40:49.294   566  3446 I chatty  : uid=1000(system) Binder:566_F expire 3 lines
02-20 16:40:51.125   566   566 I chatty  : uid=1000 system_server expire 235 lines
02-20 16:46:28.027   566   583 I chatty  : uid=1000(system) batterystats-sy expire 4 lines
02-20 16:52:00.006   566   580 I chatty  : uid=1000(system) ActivityManager expire 1 line
02-20 16:57:15.248   566   579 I chatty  : uid=1000(system) android.bg expire 1 line
02-20 16:57:15.445   566   599 I chatty  : uid=1000(system) AlarmManager expire 1 line
02-20 17:00:15.075   566   566 I chatty  : uid=1000 system_server expire 230 lines
02-20 17:16:28.031   566   583 I chatty  : uid=1000(system) batterystats-sy expire 4 lines
02-20 17:18:08.811   566   566 I chatty  : uid=1000 system_server expire 195 lines
02-20 17:19:07.144   566  2459 I chatty  : uid=1000(system) Binder:566_B expire 7 lines
02-20 17:19:07.161   566   691 I chatty  : uid=1000(system) Binder:566_3 expire 1 line
02-20 17:19:07.165   566  1201 I chatty  : uid=1000(system) Binder:566_9 expire 5 lines
02-20 17:19:07.203   566  1174 I chatty  : uid=1000(system) Binder:566_8 expire 1 line
02-20 17:19:07.203   566  1172 I chatty  : uid=1000(system) Binder:566_7 expire 1 line
02-20 17:19:07.299   566  3370 I chatty  : uid=1000(system) Binder:566_D expire 3 lines
02-20 17:19:07.319   566   637 I chatty  : uid=1000(system) ConnectivitySer expire 4 lines
02-20 17:19:08.330   566   580 I chatty  : uid=1000(system) ActivityManager expire 5 lines
02-20 17:21:21.126   566  2500 I chatty  : uid=1000(system) Binder:566_C expire 2 lines
02-20 17:21:21.159   566 23805 I chatty  : uid=1000(system) Binder:566_10 expire 2 lines
02-20 17:23:25.596   566   858 I chatty  : uid=1000(system) Binder:566_4 expire 1 line
02-20 17:23:25.680   566  3371 I chatty  : uid=1000(system) Binder:566_E expire 2 lines
02-20 17:26:14.985   566   579 I chatty  : uid=1000(system) android.bg expire 1 line
02-20 17:34:12.003   566   566 I chatty  : uid=1000 system_server expire 217 lines
02-20 17:37:24.181   566   599 I chatty  : uid=1000(system) AlarmManager expire 1 line
02-20 17:46:28.026   566   583 I chatty  : uid=1000(system) batterystats-sy expire 4 lines
02-20 17:52:05.579   566   566 I chatty  : uid=1000 system_server expire 163 lines
02-20 17:52:15.125   566   580 I chatty  : uid=1000(system) ActivityManager expire 1 line
02-20 17:55:15.048   566   579 I chatty  : uid=1000(system) android.bg expire 1 line
02-20 18:01:43.668   566  1174 I chatty  : uid=1000(system) Binder:566_8 expire 3 lines
02-20 18:01:43.903   566   588 I chatty  : uid=1000(system) android.display expire 5 lines
02-20 18:01:44.955   566  7979 I chatty  : uid=1000(system) Binder:566_11 expire 2 lines
02-20 18:01:50.249   566  1204 I chatty  : uid=1000(system) Binder:566_A expire 3 lines
02-20 18:01:50.503   566  3370 I chatty  : uid=1000(system) Binder:566_D expire 3 lines
02-20 18:01:54.306   566   858 I chatty  : uid=1000(system) Binder:566_4 expire 2 lines
02-20 18:01:54.306   566   586 I chatty  : uid=1000(system) android.fg expire 1 line
02-20 18:01:54.309   566   590 I chatty  : uid=1000(system) PowerManagerSer expire 1 line
02-20 18:01:54.429   566   578 I chatty  : uid=1000(system) Binder:566_2 expire 2 lines
02-20 18:01:54.430   566  2459 I chatty  : uid=1000(system) Binder:566_B expire 4 lines
02-20 18:01:54.431   566  2500 I chatty  : uid=1000(system) Binder:566_C expire 4 lines
02-20 18:01:54.445   566   637 I chatty  : uid=1000(system) ConnectivitySer expire 3 lines
02-20 18:05:37.381  1248 14702 E ActivityThread: Failed to find provider info for com.google.android.katniss.search.WidgetInfoProvider
02-20 18:05:37.382  1248 14703 E ActivityThread: Failed to find provider info for com.google.android.katniss.search.WidgetInfoProvider
02-20 18:05:38.433   566   566 I chatty  : uid=1000 system_server expire 13 lines
02-20 18:05:53.694   566  1145 I chatty  : uid=1000(system) Binder:566_6 expire 1 line
02-20 18:05:56.951   566  1144 I chatty  : uid=1000(system) Binder:566_5 expire 3 lines
02-20 18:06:38.803   566   566 I chatty  : uid=1000 system_server expire 59 lines
02-20 18:10:57.304   566   590 I chatty  : uid=1000(system) PowerManagerSer expire 4 lines
02-20 18:10:57.306   566   586 I chatty  : uid=1000(system) android.fg expire 3 lines
02-20 18:10:57.790   566  1174 I chatty  : uid=1000(system) Binder:566_8 expire 5 lines
02-20 18:11:24.331   566   691 I chatty  : uid=1000(system) Binder:566_3 expire 3 lines
02-20 18:11:24.346   566  3370 I chatty  : uid=1000(system) Binder:566_D expire 1 line
02-20 18:11:24.347   566  2500 I chatty  : uid=1000(system) Binder:566_C expire 2 lines
02-20 18:11:24.348   566   578 I chatty  : uid=1000(system) Binder:566_2 expire 2 lines
02-20 18:11:24.401   566  3371 I chatty  : uid=1000(system) Binder:566_E expire 3 lines
02-20 18:11:24.468   566 23805 I chatty  : uid=1000(system) Binder:566_10 expire 4 lines
02-20 18:11:24.471   566  1201 I chatty  : uid=1000(system) Binder:566_9 expire 4 lines
02-20 18:11:24.473   566   637 I chatty  : uid=1000(system) ConnectivitySer expire 5 lines
02-20 18:11:24.627   566   580 I chatty  : uid=1000(system) ActivityManager expire 8 lines
02-20 18:11:24.978 23770 23770 W ContextImpl: Calling a method in the system process without a qualified user: android.app.ContextImpl.startService:1385 android.content.ContextWrapper.startService:613 com.lge.tr069c.acse.modus.TRService.onCreate:83 android.app.ActivityThread.handleCreateService:3162 android.app.ActivityThread.-wrap5:-1 
02-20 18:11:24.999 23770 23770 W ContextImpl: Calling a method in the system process without a qualified user: android.app.ContextImpl.bindService:1449 android.content.ContextWrapper.bindService:636 com.lge.tr069c.model.TvControlClient.connect:94 com.lge.tr069c.model.TvControlClient.onCreate:75 android.app.ActivityThread.handleCreateService:3162 
