02-21 10:15:57.756   558   569 I WindowManager: Destroying surface Surface(name=Toast) called by com.android.server.wm.WindowStateAnimator.destroySurface:2016 com.android.server.wm.WindowStateAnimator.destroySurfaceLocked:882 com.android.server.wm.WindowState.removeLocked:1456 com.android.server.wm.WindowManagerService.removeWindowInnerLocked:2484 com.android.server.wm.WindowManagerService.removeWindowLocked:2442 com.android.server.wm.WindowManagerService.removeWindowLocked:2311 com.android.server.wm.WindowManagerService.removeWindow:2306 com.android.server.wm.Session.remove:202 
02-21 10:16:01.261   558  1197 I WindowManager: Destroying surface Surface(name=Toast) called by com.android.server.wm.WindowStateAnimator.destroySurface:2016 com.android.server.wm.WindowStateAnimator.destroySurfaceLocked:882 com.android.server.wm.WindowState.removeLocked:1456 com.android.server.wm.WindowManagerService.removeWindowInnerLocked:2484 com.android.server.wm.WindowManagerService.removeWindowLocked:2442 com.android.server.wm.WindowManagerService.removeWindowLocked:2311 com.android.server.wm.WindowManagerService.removeWindow:2306 com.android.server.wm.Session.remove:202 
02-21 10:16:04.763   558  1213 I WindowManager: Destroying surface Surface(name=Toast) called by com.android.server.wm.WindowStateAnimator.destroySurface:2016 com.android.server.wm.WindowStateAnimator.destroySurfaceLocked:882 com.android.server.wm.WindowState.removeLocked:1456 com.android.server.wm.WindowManagerService.removeWindowInnerLocked:2484 com.android.server.wm.WindowManagerService.removeWindowLocked:2442 com.android.server.wm.WindowManagerService.removeWindowLocked:2311 com.android.server.wm.WindowManagerService.removeWindow:2306 com.android.server.wm.Session.remove:202 
02-21 10:16:08.265   558   570 I WindowManager: Destroying surface Surface(name=Toast) called by com.android.server.wm.WindowStateAnimator.destroySurface:2016 com.android.server.wm.WindowStateAnimator.destroySurfaceLocked:882 com.android.server.wm.WindowState.removeLocked:1456 com.android.server.wm.WindowManagerService.removeWindowInnerLocked:2484 com.android.server.wm.WindowManagerService.removeWindowLocked:2442 com.android.server.wm.WindowManagerService.removeWindowLocked:2311 com.android.server.wm.WindowManagerService.removeWindow:2306 com.android.server.wm.Session.remove:202 
02-21 10:16:09.755   558   558 D ZenLog  : intercepted: 0|com.google.android.youtube.tv|-1144053160|null|10058,alarmsOnly
02-21 10:16:09.756   558   558 V NotificationService: pkg=com.google.android.youtube.tv canInterrupt=false intercept=true
02-21 10:16:11.768   558  1138 I WindowManager: Destroying surface Surface(name=Toast) called by com.android.server.wm.WindowStateAnimator.destroySurface:2016 com.android.server.wm.WindowStateAnimator.destroySurfaceLocked:882 com.android.server.wm.WindowState.removeLocked:1456 com.android.server.wm.WindowManagerService.removeWindowInnerLocked:2484 com.android.server.wm.WindowManagerService.removeWindowLocked:2442 com.android.server.wm.WindowManagerService.removeWindowLocked:2311 com.android.server.wm.WindowManagerService.removeWindow:2306 com.android.server.wm.Session.remove:202 
02-21 10:16:15.270   558   807 I WindowManager: Destroying surface Surface(name=Toast) called by com.android.server.wm.WindowStateAnimator.destroySurface:2016 com.android.server.wm.WindowStateAnimator.destroySurfaceLocked:882 com.android.server.wm.WindowState.removeLocked:1456 com.android.server.wm.WindowManagerService.removeWindowInnerLocked:2484 com.android.server.wm.WindowManagerService.removeWindowLocked:2442 com.android.server.wm.WindowManagerService.removeWindowLocked:2311 com.android.server.wm.WindowManagerService.removeWindow:2306 com.android.server.wm.Session.remove:202 
02-21 10:16:18.772   558  1214 I WindowManager: Destroying surface Surface(name=Toast) called by com.android.server.wm.WindowStateAnimator.destroySurface:2016 com.android.server.wm.WindowStateAnimator.destroySurfaceLocked:882 com.android.server.wm.WindowState.removeLocked:1456 com.android.server.wm.WindowManagerService.removeWindowInnerLocked:2484 com.android.server.wm.WindowManagerService.removeWindowLocked:2442 com.android.server.wm.WindowManagerService.removeWindowLocked:2311 com.android.server.wm.WindowManagerService.removeWindow:2306 com.android.server.wm.Session.remove:202 
02-21 10:16:22.275   558  1173 I WindowManager: Destroying surface Surface(name=Toast) called by com.android.server.wm.WindowStateAnimator.destroySurface:2016 com.android.server.wm.WindowStateAnimator.destroySurfaceLocked:882 com.android.server.wm.WindowState.removeLocked:1456 com.android.server.wm.WindowManagerService.removeWindowInnerLocked:2484 com.android.server.wm.WindowManagerService.removeWindowLocked:2442 com.android.server.wm.WindowManagerService.removeWindowLocked:2311 com.android.server.wm.WindowManagerService.removeWindow:2306 com.android.server.wm.Session.remove:202 
02-21 10:16:25.776   558   569 I WindowManager: Destroying surface Surface(name=Toast) called by com.android.server.wm.WindowStateAnimator.destroySurface:2016 com.android.server.wm.WindowStateAnimator.destroySurfaceLocked:882 com.android.server.wm.WindowState.removeLocked:1456 com.android.server.wm.WindowManagerService.removeWindowInnerLocked:2484 com.android.server.wm.WindowManagerService.removeWindowLocked:2442 com.android.server.wm.WindowManagerService.removeWindowLocked:2311 com.android.server.wm.WindowManagerService.removeWindow:2306 com.android.server.wm.Session.remove:202 
02-21 10:16:29.277   558   807 I WindowManager: Destroying surface Surface(name=Toast) called by com.android.server.wm.WindowStateAnimator.destroySurface:2016 com.android.server.wm.WindowStateAnimator.destroySurfaceLocked:882 com.android.server.wm.WindowState.removeLocked:1456 com.android.server.wm.WindowManagerService.removeWindowInnerLocked:2484 com.android.server.wm.WindowManagerService.removeWindowLocked:2442 com.android.server.wm.WindowManagerService.removeWindowLocked:2311 com.android.server.wm.WindowManagerService.removeWindow:2306 com.android.server.wm.Session.remove:202 
02-21 10:16:32.779   558  1199 I WindowManager: Destroying surface Surface(name=Toast) called by com.android.server.wm.WindowStateAnimator.destroySurface:2016 com.android.server.wm.WindowStateAnimator.destroySurfaceLocked:882 com.android.server.wm.WindowState.removeLocked:1456 com.android.server.wm.WindowManagerService.removeWindowInnerLocked:2484 com.android.server.wm.WindowManagerService.removeWindowLocked:2442 com.android.server.wm.WindowManagerService.removeWindowLocked:2311 com.android.server.wm.WindowManagerService.removeWindow:2306 com.android.server.wm.Session.remove:202 
02-21 10:16:36.284   558  1213 I WindowManager: Destroying surface Surface(name=Toast) called by com.android.server.wm.WindowStateAnimator.destroySurface:2016 com.android.server.wm.WindowStateAnimator.destroySurfaceLocked:882 com.android.server.wm.WindowState.removeLocked:1456 com.android.server.wm.WindowManagerService.removeWindowInnerLocked:2484 com.android.server.wm.WindowManagerService.removeWindowLocked:2442 com.android.server.wm.WindowManagerService.removeWindowLocked:2311 com.android.server.wm.WindowManagerService.removeWindow:2306 com.android.server.wm.Session.remove:202 
02-21 10:16:39.787   558  1197 I WindowManager: Destroying surface Surface(name=Toast) called by com.android.server.wm.WindowStateAnimator.destroySurface:2016 com.android.server.wm.WindowStateAnimator.destroySurfaceLocked:882 com.android.server.wm.WindowState.removeLocked:1456 com.android.server.wm.WindowManagerService.removeWindowInnerLocked:2484 com.android.server.wm.WindowManagerService.removeWindowLocked:2442 com.android.server.wm.WindowManagerService.removeWindowLocked:2311 com.android.server.wm.WindowManagerService.removeWindow:2306 com.android.server.wm.Session.remove:202 
02-21 10:16:43.290   558  1212 I WindowManager: Destroying surface Surface(name=Toast) called by com.android.server.wm.WindowStateAnimator.destroySurface:2016 com.android.server.wm.WindowStateAnimator.destroySurfaceLocked:882 com.android.server.wm.WindowState.removeLocked:1456 com.android.server.wm.WindowManagerService.removeWindowInnerLocked:2484 com.android.server.wm.WindowManagerService.removeWindowLocked:2442 com.android.server.wm.WindowManagerService.removeWindowLocked:2311 com.android.server.wm.WindowManagerService.removeWindow:2306 com.android.server.wm.Session.remove:202 
02-21 10:16:46.793   558  1784 I WindowManager: Destroying surface Surface(name=Toast) called by com.android.server.wm.WindowStateAnimator.destroySurface:2016 com.android.server.wm.WindowStateAnimator.destroySurfaceLocked:882 com.android.server.wm.WindowState.removeLocked:1456 com.android.server.wm.WindowManagerService.removeWindowInnerLocked:2484 com.android.server.wm.WindowManagerService.removeWindowLocked:2442 com.android.server.wm.WindowManagerService.removeWindowLocked:2311 com.android.server.wm.WindowManagerService.removeWindow:2306 com.android.server.wm.Session.remove:202 
02-21 10:16:50.293   558  1137 I WindowManager: Destroying surface Surface(name=Toast) called by com.android.server.wm.WindowStateAnimator.destroySurface:2016 com.android.server.wm.WindowStateAnimator.destroySurfaceLocked:882 com.android.server.wm.WindowState.removeLocked:1456 com.android.server.wm.WindowManagerService.removeWindowInnerLocked:2484 com.android.server.wm.WindowManagerService.removeWindowLocked:2442 com.android.server.wm.WindowManagerService.removeWindowLocked:2311 com.android.server.wm.WindowManagerService.removeWindow:2306 com.android.server.wm.Session.remove:202 
02-21 10:19:33.615   558   571 I UsageStatsService: User[0] Flushing usage stats to disk
02-21 10:20:46.291   558   569 I ActivityManager: START u0 {act=android.intent.action.MAIN cat=[android.intent.category.LAUNCHER] flg=0x10200000 cmp=io.appium.settings/.Settings} from uid 0 on display 0
02-21 10:20:46.318   558   569 I ActivityManager: Start proc 11058:io.appium.settings/u0a61 for activity io.appium.settings/.Settings
02-21 10:20:46.866   558   572 W ActivityManager: Activity pause timeout for ActivityRecord{9443a6d u0 io.appium.settings/.Settings t27}
02-21 10:20:48.302   558   572 I ActivityManager: Killing 3285:com.google.android.gms.unstable/u0a10 (adj 906): empty for 21884s
02-21 10:20:48.332   558  1213 I WindowManager: Destroying surface Surface(name=io.appium.settings/io.appium.settings.Settings) called by com.android.server.wm.WindowStateAnimator.destroySurface:2016 com.android.server.wm.WindowStateAnimator.destroySurfaceLocked:882 com.android.server.wm.WindowState.removeLocked:1456 com.android.server.wm.WindowManagerService.removeWindowInnerLocked:2484 com.android.server.wm.WindowManagerService.removeWindowLocked:2442 com.android.server.wm.WindowManagerService.removeWindowLocked:2311 com.android.server.wm.WindowManagerService.removeWindow:2306 com.android.server.wm.Session.remove:202 
02-21 10:20:48.368   558   585 D ActivityManager: cleanUpApplicationRecord -- 3285
02-21 10:20:49.220  9784  9999 W ContextImpl: Calling a method in the system process without a qualified user: android.app.ContextImpl.sendBroadcast:905 android.content.ContextWrapper.sendBroadcast:421 <bottom of call stack> <bottom of call stack> <bottom of call stack> 
02-21 10:20:52.090   558  1047 V KeyValueBackupJob: Scheduling k/v pass in 246 minutes
02-21 10:20:53.585   558  1173 I ActivityManager: Force stopping io.appium.unlock appid=10062 user=0: from pid 11162
02-21 10:20:54.757   558   807 I ActivityManager: START u0 {act=android.intent.action.MAIN cat=[android.intent.category.LAUNCHER] flg=0x10200000 cmp=io.appium.unlock/.Unlock} from uid 0 on display 0
02-21 10:20:54.773   558   807 I ActivityManager: Start proc 11183:io.appium.unlock/u0a62 for activity io.appium.unlock/.Unlock
02-21 10:20:54.838   558   570 I PowerManagerService: Waking up from sleep (uid 10062)...
02-21 10:20:54.839   558   581 I DisplayPowerController: Blocking screen on until initial contents have been drawn.
02-21 10:20:54.839   558   581 I WindowManager: Screen turning on...
02-21 10:20:54.839   558   558 I WindowManager: Started waking up...
02-21 10:20:54.840   558   581 D ActivityManager: awakeFromSleepingLocked: previously pausing activity didn't pause
02-21 10:20:54.848   558   581 W KeyguardServiceDelegate: onScreenTurningOn(): no keyguard service!
02-21 10:20:54.851   558   579 I DisplayManagerService: Display device changed state: " ", ON
02-21 10:20:54.875   558   591 V WiredAccessoryManager: Headset UEVENT: {SUBSYSTEM=switch, SEQNUM=1383, ACTION=change, SWITCH_STATE=0, SWITCH_NAME=hdmi, DEVPATH=/devices/virtual/switch/hdmi}
02-21 10:20:54.876   558   591 V WiredAccessoryManager: newName=hdmi newState=0 headsetState=0 prev headsetState=16
02-21 10:20:54.900   558   572 I ActivityManager: Start proc 11200:com.amazon.amazonvideo.livingroom/u0a31 for broadcast com.amazon.amazonvideo.livingroom/com.amazon.video.rubyandroidlibrary.PlugEventListener
02-21 10:20:54.904   558   558 V WiredAccessoryManager: headsetName:  disconnected
02-21 10:20:54.935   558   569 I ActivityManager: moveTaskToBack: TaskRecord{137e5d9 #28 A=io.appium.unlock U=0 StackId=1 sz=1}
02-21 10:20:54.952   558   591 V WiredAccessoryManager: Headset UEVENT: {SUBSYSTEM=switch, SEQNUM=1384, ACTION=change, SWITCH_STATE=1, SWITCH_NAME=hdmi, DEVPATH=/devices/virtual/switch/hdmi}
02-21 10:20:54.952   558   591 V WiredAccessoryManager: newName=hdmi newState=16 headsetState=16 prev headsetState=0
02-21 10:20:54.953   558   558 V WiredAccessoryManager: headsetName:  connected
02-21 10:20:55.174   558   585 W InputMethodManagerService: Window already focused, ignoring focus gain of: com.android.internal.view.IInputMethodClient$Stub$Proxy@d373b38 attribute=null, token = android.os.BinderProxy@87ce183
02-21 10:20:55.209   558  1137 W ActivityManager: Unable to start service Intent { act=com.google.android.gms.beacon.internal.IBleService.START pkg=com.google.android.gms } U=0: not found
02-21 10:20:55.209   558  1199 W ActivityManager: Unbind failed: could not find connection for android.os.BinderProxy@9df7711
02-21 10:20:55.310   558   570 I ActivityManager: Activity reported stop, but no longer stopping: ActivityRecord{e4d4b4 u0 io.appium.unlock/.Unlock t28 f}
02-21 10:20:55.849   558   573 W WindowManager: Keyguard drawn timeout. Setting mKeyguardDrawComplete
02-21 10:20:56.337   558   579 I WindowManager: All windows ready for display!
02-21 10:20:56.351   558  1173 I ActivityManager: Start proc 11282:com.google.android.tts/u0a46 for service com.google.android.tts/.service.GoogleTTSService
02-21 10:20:56.355   558   573 W WindowManager: Setting mWindowManagerDrawComplete
02-21 10:20:56.355   558   573 D WindowManager: finishScreenTurningOn: mAwake=true, mScreenOnEarly=true, mScreenOnFully=false, mKeyguardDrawComplete=true, mWindowManagerDrawComplete=true
02-21 10:20:56.356   558   573 I WindowManager: Finished screen turning on...
02-21 10:20:56.356   558   581 I DisplayPowerController: Unblocked screen on after 1517 ms
02-21 10:20:56.358   558   558 I WindowManager: Finished waking up...
02-21 10:20:56.494  9784  9999 W ContextImpl: Calling a method in the system process without a qualified user: android.app.ContextImpl.sendBroadcast:905 android.content.ContextWrapper.sendBroadcast:421 <bottom of call stack> <bottom of call stack> <bottom of call stack> 
02-21 10:20:56.555   558  1197 I WindowManager: Destroying surface Surface(name=SurfaceView - com.ifeelsmart.smartui/com.ifeelsmart.common.IFSNativeActivityImpl) called by com.android.server.wm.WindowStateAnimator.destroyDeferredSurfaceLocked:911 com.android.server.wm.WindowManagerService.performDeferredDestroyWindow:3121 com.android.server.wm.Session.performDeferredDestroy:234 android.view.IWindowSession$Stub.onTransact:398 com.android.server.wm.Session.onTransact:145 android.os.Binder.execTransact:565 <bottom of call stack> <bottom of call stack> 
02-21 10:20:56.766   558   558 V HdmiControlService: On standby-action cleared:4
02-21 10:20:56.766   558   558 V HdmiControlService: onStandbyCompleted
02-21 10:20:56.941   558  1174 I ActivityManager: Killing 5999:com.android.vending/u0a27 (adj 906): empty for 21892s
02-21 10:20:56.958   558  1173 D ActivityManager: cleanUpApplicationRecord -- 5999
02-21 10:20:58.197   558  1213 W ActivityManager: Unable to start service Intent { act=com.google.android.gms.beacon.internal.IBleService.START pkg=com.google.android.gms } U=0: not found
02-21 10:20:58.200   558   570 W ActivityManager: Unbind failed: could not find connection for android.os.BinderProxy@8819a7c
02-21 10:20:58.799  9784  9999 W ContextImpl: Calling a method in the system process without a qualified user: android.app.ContextImpl.sendBroadcast:905 android.content.ContextWrapper.sendBroadcast:421 <bottom of call stack> <bottom of call stack> <bottom of call stack> 
02-21 10:20:58.945   558   558 I OneTouchPlayAction: -- buildTextViewOn <return> :: HDMI_CONTROL_AUTO_WAKEUP_ENABLED, false --
02-21 10:20:58.979   558   579 I WindowManager: Destroying surface Surface(name=Toast) called by com.android.server.wm.WindowStateAnimator.destroySurface:2016 com.android.server.wm.WindowStateAnimator.destroySurfaceLocked:882 com.android.server.wm.WindowState.destroyOrSaveSurface:2100 com.android.server.wm.WindowSurfacePlacer.performSurfacePlacementInner:429 com.android.server.wm.WindowSurfacePlacer.performSurfacePlacementLoop:232 com.android.server.wm.WindowSurfacePlacer.performSurfacePlacement:180 com.android.server.wm.WindowManagerService$H.handleMessage:8086 android.os.Handler.dispatchMessage:102 
02-21 10:21:02.493   558   579 I WindowManager: Destroying surface Surface(name=Toast) called by com.android.server.wm.WindowStateAnimator.destroySurface:2016 com.android.server.wm.WindowStateAnimator.destroySurfaceLocked:882 com.android.server.wm.WindowState.destroyOrSaveSurface:2100 com.android.server.wm.WindowSurfacePlacer.performSurfacePlacementInner:429 com.android.server.wm.WindowSurfacePlacer.performSurfacePlacementLoop:232 com.android.server.wm.WindowSurfacePlacer.performSurfacePlacement:180 com.android.server.wm.WindowManagerService$H.handleMessage:8086 android.os.Handler.dispatchMessage:102 
02-21 10:21:05.961   558   579 I WindowManager: Destroying surface Surface(name=Toast) called by com.android.server.wm.WindowStateAnimator.destroySurface:2016 com.android.server.wm.WindowStateAnimator.destroySurfaceLocked:882 com.android.server.wm.WindowState.destroyOrSaveSurface:2100 com.android.server.wm.WindowSurfacePlacer.performSurfacePlacementInner:429 com.android.server.wm.WindowSurfacePlacer.performSurfacePlacementLoop:232 com.android.server.wm.WindowSurfacePlacer.performSurfacePlacement:180 com.android.server.wm.WindowManagerService$H.handleMessage:8086 android.os.Handler.dispatchMessage:102 
02-21 10:21:09.463   558   579 I WindowManager: Destroying surface Surface(name=Toast) called by com.android.server.wm.WindowStateAnimator.destroySurface:2016 com.android.server.wm.WindowStateAnimator.destroySurfaceLocked:882 com.android.server.wm.WindowState.destroyOrSaveSurface:2100 com.android.server.wm.WindowSurfacePlacer.performSurfacePlacementInner:429 com.android.server.wm.WindowSurfacePlacer.performSurfacePlacementLoop:232 com.android.server.wm.WindowSurfacePlacer.performSurfacePlacement:180 com.android.server.wm.WindowManagerService$H.handleMessage:8086 android.os.Handler.dispatchMessage:102 
02-21 10:21:12.983   558   579 I WindowManager: Destroying surface Surface(name=Toast) called by com.android.server.wm.WindowStateAnimator.destroySurface:2016 com.android.server.wm.WindowStateAnimator.destroySurfaceLocked:882 com.android.server.wm.WindowState.destroyOrSaveSurface:2100 com.android.server.wm.WindowSurfacePlacer.performSurfacePlacementInner:429 com.android.server.wm.WindowSurfacePlacer.performSurfacePlacementLoop:232 com.android.server.wm.WindowSurfacePlacer.performSurfacePlacement:180 com.android.server.wm.WindowManagerService$H.handleMessage:8086 android.os.Handler.dispatchMessage:102 
02-21 10:21:15.183   558  1213 I ActivityManager: START u0 {act=android.intent.action.MAIN cat=[android.intent.category.LAUNCHER] flg=0x10200000 cmp=io.appium.unlock/.Unlock} from uid 0 on display 0
02-21 10:21:15.373   558  1212 I ActivityManager: Killing 6100:android.process.acore/u0a4 (adj 906): empty for 21909s
02-21 10:21:15.435   558  1199 I ActivityManager: moveTaskToBack: TaskRecord{a7936f3 #29 A=io.appium.unlock U=0 StackId=1 sz=1}
02-21 10:21:15.506   558  1784 I WindowManager: Failed to capture screenshot of Token{e269680 ActivityRecord{588703 u0 io.appium.unlock/.Unlock t29}} appWin=Window{321d1f1 u0 Starting io.appium.unlock} drawState=3
02-21 10:21:15.556   558   579 I WindowManager: Destroying surface Surface(name=Starting io.appium.unlock) called by com.android.server.wm.WindowStateAnimator.destroySurface:2016 com.android.server.wm.WindowStateAnimator.destroySurfaceLocked:882 com.android.server.wm.WindowState.removeLocked:1456 com.android.server.wm.WindowManagerService.removeWindowInnerLocked:2484 com.android.server.wm.WindowManagerService.removeWindowLocked:2442 com.android.server.wm.WindowManagerService.removeWindowLocked:2311 com.android.server.wm.WindowManagerService.removeWindow:2306 com.android.server.wm.Session.remove:202 
02-21 10:21:15.582   558  1199 W InputMethodManagerService: Window already focused, ignoring focus gain of: com.android.internal.view.IInputMethodClient$Stub$Proxy@7b975ae attribute=null, token = android.os.BinderProxy@87ce183
02-21 10:21:15.693   558   585 D ActivityManager: cleanUpApplicationRecord -- 6100
02-21 10:21:15.699   558   574 E libprocessgroup: failed to kill 1 processes for processgroup 6100
02-21 10:21:15.717   558  1212 I ActivityManager: Activity reported stop, but no longer stopping: ActivityRecord{588703 u0 io.appium.unlock/.Unlock t29 f}
02-21 10:21:16.470   558   579 I WindowManager: Destroying surface Surface(name=Toast) called by com.android.server.wm.WindowStateAnimator.destroySurface:2016 com.android.server.wm.WindowStateAnimator.destroySurfaceLocked:882 com.android.server.wm.WindowState.destroyOrSaveSurface:2100 com.android.server.wm.WindowSurfacePlacer.performSurfacePlacementInner:429 com.android.server.wm.WindowSurfacePlacer.performSurfacePlacementLoop:232 com.android.server.wm.WindowSurfacePlacer.performSurfacePlacement:180 com.android.server.wm.WindowManagerService$H.handleMessage:8086 android.os.Handler.dispatchMessage:102 
02-21 10:21:25.454   558   572 I ActivityManager: Killing 7682:com.android.providers.tv/u0a29 (adj 906): empty for 14509s
02-21 10:21:25.570   558   861 D ActivityManager: cleanUpApplicationRecord -- 7682
02-21 10:21:26.935   558  1137 I ActivityManager: Force stopping com.ifeelsmart.smartui appid=1000 user=0: from pid 11381
02-21 10:21:27.202   558  1137 I ActivityManager: START u0 {act=android.intent.action.MAIN cat=[android.intent.category.LAUNCHER] flg=0x10200000 cmp=com.ifeelsmart.smartui/com.ifeelsmart.common.IFSNativeActivity} from uid 0 on display 0
02-21 10:21:27.449   558   585 W InputMethodManagerService: Window already focused, ignoring focus gain of: com.android.internal.view.IInputMethodClient$Stub$Proxy@12b3eba attribute=null, token = android.os.BinderProxy@87ce183
02-21 10:21:46.928   558   585 I ActivityManager: Force stopping com.ifeelsmart.smartui appid=1000 user=0: from pid 11392
02-21 10:21:47.190   558  1213 I ActivityManager: START u0 {act=android.intent.action.MAIN cat=[android.intent.category.LAUNCHER] flg=0x10200000 cmp=com.ifeelsmart.smartui/com.ifeelsmart.common.IFSNativeActivity} from uid 0 on display 0
02-21 10:21:47.284   558  1212 W InputMethodManagerService: Window already focused, ignoring focus gain of: com.android.internal.view.IInputMethodClient$Stub$Proxy@f96d947 attribute=null, token = android.os.BinderProxy@87ce183
02-21 10:22:07.007   558  1197 I ActivityManager: Force stopping com.ifeelsmart.smartui appid=1000 user=0: from pid 11415
02-21 10:22:08.745   558   558 I HdmiCecLocalDevicePlayback: oneTouchPlay already in progress
02-21 10:22:08.772   558   598 I ActivityManager: START u0 {act=android.intent.action.MAIN cat=[android.intent.category.HOME] flg=0x10200000 cmp=com.google.android.leanbacklauncher/.MainActivity (has extras)} from uid 1000 on display 0
02-21 10:22:09.030   558  1173 W WindowManager: Attempted to remove non-existing token: android.os.Binder@abdc1ab
02-21 10:22:09.543  9784  9999 W ContextImpl: Calling a method in the system process without a qualified user: android.app.ContextImpl.sendBroadcast:905 android.content.ContextWrapper.sendBroadcast:421 <bottom of call stack> <bottom of call stack> <bottom of call stack> 
02-21 10:22:10.609   558  1197 I ActivityManager: Force stopping io.appium.unlock appid=10062 user=0: from pid 11443
02-21 10:22:10.609   558  1197 I ActivityManager: Killing 11183:io.appium.unlock/u0a62 (adj 900): stop io.appium.unlock
02-21 10:22:10.610   558  1197 D ActivityManager: cleanUpApplicationRecord -- 11183
02-21 10:23:39.911   558   579 I WindowManager: Destroying surface Surface(name=Toast) called by com.android.server.wm.WindowStateAnimator.destroySurface:2016 com.android.server.wm.WindowStateAnimator.destroySurfaceLocked:882 com.android.server.wm.WindowState.destroyOrSaveSurface:2100 com.android.server.wm.WindowSurfacePlacer.performSurfacePlacementInner:429 com.android.server.wm.WindowSurfacePlacer.performSurfacePlacementLoop:232 com.android.server.wm.WindowSurfacePlacer.performSurfacePlacement:180 com.android.server.wm.WindowManagerService$H.handleMessage:8086 android.os.Handler.dispatchMessage:102 
02-21 10:23:43.414   558   579 I WindowManager: Destroying surface Surface(name=Toast) called by com.android.server.wm.WindowStateAnimator.destroySurface:2016 com.android.server.wm.WindowStateAnimator.destroySurfaceLocked:882 com.android.server.wm.WindowState.destroyOrSaveSurface:2100 com.android.server.wm.WindowSurfacePlacer.performSurfacePlacementInner:429 com.android.server.wm.WindowSurfacePlacer.performSurfacePlacementLoop:232 com.android.server.wm.WindowSurfacePlacer.performSurfacePlacement:180 com.android.server.wm.WindowManagerService$H.handleMessage:8086 android.os.Handler.dispatchMessage:102 
02-21 10:23:46.918   558   579 I WindowManager: Destroying surface Surface(name=Toast) called by com.android.server.wm.WindowStateAnimator.destroySurface:2016 com.android.server.wm.WindowStateAnimator.destroySurfaceLocked:882 com.android.server.wm.WindowState.destroyOrSaveSurface:2100 com.android.server.wm.WindowSurfacePlacer.performSurfacePlacementInner:429 com.android.server.wm.WindowSurfacePlacer.performSurfacePlacementLoop:232 com.android.server.wm.WindowSurfacePlacer.performSurfacePlacement:180 com.android.server.wm.WindowManagerService$H.handleMessage:8086 android.os.Handler.dispatchMessage:102 
02-21 10:23:50.421   558   579 I WindowManager: Destroying surface Surface(name=Toast) called by com.android.server.wm.WindowStateAnimator.destroySurface:2016 com.android.server.wm.WindowStateAnimator.destroySurfaceLocked:882 com.android.server.wm.WindowState.destroyOrSaveSurface:2100 com.android.server.wm.WindowSurfacePlacer.performSurfacePlacementInner:429 com.android.server.wm.WindowSurfacePlacer.performSurfacePlacementLoop:232 com.android.server.wm.WindowSurfacePlacer.performSurfacePlacement:180 com.android.server.wm.WindowManagerService$H.handleMessage:8086 android.os.Handler.dispatchMessage:102 
02-21 10:23:53.925   558   579 I WindowManager: Destroying surface Surface(name=Toast) called by com.android.server.wm.WindowStateAnimator.destroySurface:2016 com.android.server.wm.WindowStateAnimator.destroySurfaceLocked:882 com.android.server.wm.WindowState.destroyOrSaveSurface:2100 com.android.server.wm.WindowSurfacePlacer.performSurfacePlacementInner:429 com.android.server.wm.WindowSurfacePlacer.performSurfacePlacementLoop:232 com.android.server.wm.WindowSurfacePlacer.performSurfacePlacement:180 com.android.server.wm.WindowManagerService$H.handleMessage:8086 android.os.Handler.dispatchMessage:102 
02-21 10:23:57.428   558   579 I WindowManager: Destroying surface Surface(name=Toast) called by com.android.server.wm.WindowStateAnimator.destroySurface:2016 com.android.server.wm.WindowStateAnimator.destroySurfaceLocked:882 com.android.server.wm.WindowState.destroyOrSaveSurface:2100 com.android.server.wm.WindowSurfacePlacer.performSurfacePlacementInner:429 com.android.server.wm.WindowSurfacePlacer.performSurfacePlacementLoop:232 com.android.server.wm.WindowSurfacePlacer.performSurfacePlacement:180 com.android.server.wm.WindowManagerService$H.handleMessage:8086 android.os.Handler.dispatchMessage:102 
02-21 10:27:39.917   558   579 I WindowManager: Destroying surface Surface(name=Toast) called by com.android.server.wm.WindowStateAnimator.destroySurface:2016 com.android.server.wm.WindowStateAnimator.destroySurfaceLocked:882 com.android.server.wm.WindowState.destroyOrSaveSurface:2100 com.android.server.wm.WindowSurfacePlacer.performSurfacePlacementInner:429 com.android.server.wm.WindowSurfacePlacer.performSurfacePlacementLoop:232 com.android.server.wm.WindowSurfacePlacer.performSurfacePlacement:180 com.android.server.wm.WindowManagerService$H.handleMessage:8086 android.os.Handler.dispatchMessage:102 
02-21 10:27:43.405   558   579 I WindowManager: Destroying surface Surface(name=Toast) called by com.android.server.wm.WindowStateAnimator.destroySurface:2016 com.android.server.wm.WindowStateAnimator.destroySurfaceLocked:882 com.android.server.wm.WindowState.destroyOrSaveSurface:2100 com.android.server.wm.WindowSurfacePlacer.performSurfacePlacementInner:429 com.android.server.wm.WindowSurfacePlacer.performSurfacePlacementLoop:232 com.android.server.wm.WindowSurfacePlacer.performSurfacePlacement:180 com.android.server.wm.WindowManagerService$H.handleMessage:8086 android.os.Handler.dispatchMessage:102 
02-21 10:27:46.908   558   579 I WindowManager: Destroying surface Surface(name=Toast) called by com.android.server.wm.WindowStateAnimator.destroySurface:2016 com.android.server.wm.WindowStateAnimator.destroySurfaceLocked:882 com.android.server.wm.WindowState.destroyOrSaveSurface:2100 com.android.server.wm.WindowSurfacePlacer.performSurfacePlacementInner:429 com.android.server.wm.WindowSurfacePlacer.performSurfacePlacementLoop:232 com.android.server.wm.WindowSurfacePlacer.performSurfacePlacement:180 com.android.server.wm.WindowManagerService$H.handleMessage:8086 android.os.Handler.dispatchMessage:102 
02-21 10:27:50.411   558   579 I WindowManager: Destroying surface Surface(name=Toast) called by com.android.server.wm.WindowStateAnimator.destroySurface:2016 com.android.server.wm.WindowStateAnimator.destroySurfaceLocked:882 com.android.server.wm.WindowState.destroyOrSaveSurface:2100 com.android.server.wm.WindowSurfacePlacer.performSurfacePlacementInner:429 com.android.server.wm.WindowSurfacePlacer.performSurfacePlacementLoop:232 com.android.server.wm.WindowSurfacePlacer.performSurfacePlacement:180 com.android.server.wm.WindowManagerService$H.handleMessage:8086 android.os.Handler.dispatchMessage:102 
02-21 10:27:53.915   558   579 I WindowManager: Destroying surface Surface(name=Toast) called by com.android.server.wm.WindowStateAnimator.destroySurface:2016 com.android.server.wm.WindowStateAnimator.destroySurfaceLocked:882 com.android.server.wm.WindowState.destroyOrSaveSurface:2100 com.android.server.wm.WindowSurfacePlacer.performSurfacePlacementInner:429 com.android.server.wm.WindowSurfacePlacer.performSurfacePlacementLoop:232 com.android.server.wm.WindowSurfacePlacer.performSurfacePlacement:180 com.android.server.wm.WindowManagerService$H.handleMessage:8086 android.os.Handler.dispatchMessage:102 
02-21 10:27:57.418   558   579 I WindowManager: Destroying surface Surface(name=Toast) called by com.android.server.wm.WindowStateAnimator.destroySurface:2016 com.android.server.wm.WindowStateAnimator.destroySurfaceLocked:882 com.android.server.wm.WindowState.destroyOrSaveSurface:2100 com.android.server.wm.WindowSurfacePlacer.performSurfacePlacementInner:429 com.android.server.wm.WindowSurfacePlacer.performSurfacePlacementLoop:232 com.android.server.wm.WindowSurfacePlacer.performSurfacePlacement:180 com.android.server.wm.WindowManagerService$H.handleMessage:8086 android.os.Handler.dispatchMessage:102 
02-21 10:31:39.907   558   579 I WindowManager: Destroying surface Surface(name=Toast) called by com.android.server.wm.WindowStateAnimator.destroySurface:2016 com.android.server.wm.WindowStateAnimator.destroySurfaceLocked:882 com.android.server.wm.WindowState.destroyOrSaveSurface:2100 com.android.server.wm.WindowSurfacePlacer.performSurfacePlacementInner:429 com.android.server.wm.WindowSurfacePlacer.performSurfacePlacementLoop:232 com.android.server.wm.WindowSurfacePlacer.performSurfacePlacement:180 com.android.server.wm.WindowManagerService$H.handleMessage:8086 android.os.Handler.dispatchMessage:102 
02-21 10:31:43.411   558   579 I WindowManager: Destroying surface Surface(name=Toast) called by com.android.server.wm.WindowStateAnimator.destroySurface:2016 com.android.server.wm.WindowStateAnimator.destroySurfaceLocked:882 com.android.server.wm.WindowState.destroyOrSaveSurface:2100 com.android.server.wm.WindowSurfacePlacer.performSurfacePlacementInner:429 com.android.server.wm.WindowSurfacePlacer.performSurfacePlacementLoop:232 com.android.server.wm.WindowSurfacePlacer.performSurfacePlacement:180 com.android.server.wm.WindowManagerService$H.handleMessage:8086 android.os.Handler.dispatchMessage:102 
02-21 10:31:46.914   558   579 I WindowManager: Destroying surface Surface(name=Toast) called by com.android.server.wm.WindowStateAnimator.destroySurface:2016 com.android.server.wm.WindowStateAnimator.destroySurfaceLocked:882 com.android.server.wm.WindowState.destroyOrSaveSurface:2100 com.android.server.wm.WindowSurfacePlacer.performSurfacePlacementInner:429 com.android.server.wm.WindowSurfacePlacer.performSurfacePlacementLoop:232 com.android.server.wm.WindowSurfacePlacer.performSurfacePlacement:180 com.android.server.wm.WindowManagerService$H.handleMessage:8086 android.os.Handler.dispatchMessage:102 
02-21 10:31:50.418   558   579 I WindowManager: Destroying surface Surface(name=Toast) called by com.android.server.wm.WindowStateAnimator.destroySurface:2016 com.android.server.wm.WindowStateAnimator.destroySurfaceLocked:882 com.android.server.wm.WindowState.destroyOrSaveSurface:2100 com.android.server.wm.WindowSurfacePlacer.performSurfacePlacementInner:429 com.android.server.wm.WindowSurfacePlacer.performSurfacePlacementLoop:232 com.android.server.wm.WindowSurfacePlacer.performSurfacePlacement:180 com.android.server.wm.WindowManagerService$H.handleMessage:8086 android.os.Handler.dispatchMessage:102 
02-21 10:31:53.921   558   579 I WindowManager: Destroying surface Surface(name=Toast) called by com.android.server.wm.WindowStateAnimator.destroySurface:2016 com.android.server.wm.WindowStateAnimator.destroySurfaceLocked:882 com.android.server.wm.WindowState.destroyOrSaveSurface:2100 com.android.server.wm.WindowSurfacePlacer.performSurfacePlacementInner:429 com.android.server.wm.WindowSurfacePlacer.performSurfacePlacementLoop:232 com.android.server.wm.WindowSurfacePlacer.performSurfacePlacement:180 com.android.server.wm.WindowManagerService$H.handleMessage:8086 android.os.Handler.dispatchMessage:102 
02-21 10:31:57.425   558   579 I WindowManager: Destroying surface Surface(name=Toast) called by com.android.server.wm.WindowStateAnimator.destroySurface:2016 com.android.server.wm.WindowStateAnimator.destroySurfaceLocked:882 com.android.server.wm.WindowState.destroyOrSaveSurface:2100 com.android.server.wm.WindowSurfacePlacer.performSurfacePlacementInner:429 com.android.server.wm.WindowSurfacePlacer.performSurfacePlacementLoop:232 com.android.server.wm.WindowSurfacePlacer.performSurfacePlacement:180 com.android.server.wm.WindowManagerService$H.handleMessage:8086 android.os.Handler.dispatchMessage:102 
02-21 10:35:39.914   558   579 I WindowManager: Destroying surface Surface(name=Toast) called by com.android.server.wm.WindowStateAnimator.destroySurface:2016 com.android.server.wm.WindowStateAnimator.destroySurfaceLocked:882 com.android.server.wm.WindowState.destroyOrSaveSurface:2100 com.android.server.wm.WindowSurfacePlacer.performSurfacePlacementInner:429 com.android.server.wm.WindowSurfacePlacer.performSurfacePlacementLoop:232 com.android.server.wm.WindowSurfacePlacer.performSurfacePlacement:180 com.android.server.wm.WindowManagerService$H.handleMessage:8086 android.os.Handler.dispatchMessage:102 
02-21 10:35:43.417   558   579 I WindowManager: Destroying surface Surface(name=Toast) called by com.android.server.wm.WindowStateAnimator.destroySurface:2016 com.android.server.wm.WindowStateAnimator.destroySurfaceLocked:882 com.android.server.wm.WindowState.destroyOrSaveSurface:2100 com.android.server.wm.WindowSurfacePlacer.performSurfacePlacementInner:429 com.android.server.wm.WindowSurfacePlacer.performSurfacePlacementLoop:232 com.android.server.wm.WindowSurfacePlacer.performSurfacePlacement:180 com.android.server.wm.WindowManagerService$H.handleMessage:8086 android.os.Handler.dispatchMessage:102 
02-21 10:35:46.921   558   579 I WindowManager: Destroying surface Surface(name=Toast) called by com.android.server.wm.WindowStateAnimator.destroySurface:2016 com.android.server.wm.WindowStateAnimator.destroySurfaceLocked:882 com.android.server.wm.WindowState.destroyOrSaveSurface:2100 com.android.server.wm.WindowSurfacePlacer.performSurfacePlacementInner:429 com.android.server.wm.WindowSurfacePlacer.performSurfacePlacementLoop:232 com.android.server.wm.WindowSurfacePlacer.performSurfacePlacement:180 com.android.server.wm.WindowManagerService$H.handleMessage:8086 android.os.Handler.dispatchMessage:102 
02-21 10:35:50.424   558   579 I WindowManager: Destroying surface Surface(name=Toast) called by com.android.server.wm.WindowStateAnimator.destroySurface:2016 com.android.server.wm.WindowStateAnimator.destroySurfaceLocked:882 com.android.server.wm.WindowState.destroyOrSaveSurface:2100 com.android.server.wm.WindowSurfacePlacer.performSurfacePlacementInner:429 com.android.server.wm.WindowSurfacePlacer.performSurfacePlacementLoop:232 com.android.server.wm.WindowSurfacePlacer.performSurfacePlacement:180 com.android.server.wm.WindowManagerService$H.handleMessage:8086 android.os.Handler.dispatchMessage:102 
02-21 10:35:53.911   558   579 I WindowManager: Destroying surface Surface(name=Toast) called by com.android.server.wm.WindowStateAnimator.destroySurface:2016 com.android.server.wm.WindowStateAnimator.destroySurfaceLocked:882 com.android.server.wm.WindowState.destroyOrSaveSurface:2100 com.android.server.wm.WindowSurfacePlacer.performSurfacePlacementInner:429 com.android.server.wm.WindowSurfacePlacer.performSurfacePlacementLoop:232 com.android.server.wm.WindowSurfacePlacer.performSurfacePlacement:180 com.android.server.wm.WindowManagerService$H.handleMessage:8086 android.os.Handler.dispatchMessage:102 
02-21 10:35:57.414   558   579 I WindowManager: Destroying surface Surface(name=Toast) called by com.android.server.wm.WindowStateAnimator.destroySurface:2016 com.android.server.wm.WindowStateAnimator.destroySurfaceLocked:882 com.android.server.wm.WindowState.destroyOrSaveSurface:2100 com.android.server.wm.WindowSurfacePlacer.performSurfacePlacementInner:429 com.android.server.wm.WindowSurfacePlacer.performSurfacePlacementLoop:232 com.android.server.wm.WindowSurfacePlacer.performSurfacePlacement:180 com.android.server.wm.WindowManagerService$H.handleMessage:8086 android.os.Handler.dispatchMessage:102 
02-21 10:39:39.905   558   579 I WindowManager: Destroying surface Surface(name=Toast) called by com.android.server.wm.WindowStateAnimator.destroySurface:2016 com.android.server.wm.WindowStateAnimator.destroySurfaceLocked:882 com.android.server.wm.WindowState.destroyOrSaveSurface:2100 com.android.server.wm.WindowSurfacePlacer.performSurfacePlacementInner:429 com.android.server.wm.WindowSurfacePlacer.performSurfacePlacementLoop:232 com.android.server.wm.WindowSurfacePlacer.performSurfacePlacement:180 com.android.server.wm.WindowManagerService$H.handleMessage:8086 android.os.Handler.dispatchMessage:102 
02-21 10:39:43.407   558   579 I WindowManager: Destroying surface Surface(name=Toast) called by com.android.server.wm.WindowStateAnimator.destroySurface:2016 com.android.server.wm.WindowStateAnimator.destroySurfaceLocked:882 com.android.server.wm.WindowState.destroyOrSaveSurface:2100 com.android.server.wm.WindowSurfacePlacer.performSurfacePlacementInner:429 com.android.server.wm.WindowSurfacePlacer.performSurfacePlacementLoop:232 com.android.server.wm.WindowSurfacePlacer.performSurfacePlacement:180 com.android.server.wm.WindowManagerService$H.handleMessage:8086 android.os.Handler.dispatchMessage:102 
02-21 10:39:46.911   558   579 I WindowManager: Destroying surface Surface(name=Toast) called by com.android.server.wm.WindowStateAnimator.destroySurface:2016 com.android.server.wm.WindowStateAnimator.destroySurfaceLocked:882 com.android.server.wm.WindowState.destroyOrSaveSurface:2100 com.android.server.wm.WindowSurfacePlacer.performSurfacePlacementInner:429 com.android.server.wm.WindowSurfacePlacer.performSurfacePlacementLoop:232 com.android.server.wm.WindowSurfacePlacer.performSurfacePlacement:180 com.android.server.wm.WindowManagerService$H.handleMessage:8086 android.os.Handler.dispatchMessage:102 
02-21 10:39:50.414   558   579 I WindowManager: Destroying surface Surface(name=Toast) called by com.android.server.wm.WindowStateAnimator.destroySurface:2016 com.android.server.wm.WindowStateAnimator.destroySurfaceLocked:882 com.android.server.wm.WindowState.destroyOrSaveSurface:2100 com.android.server.wm.WindowSurfacePlacer.performSurfacePlacementInner:429 com.android.server.wm.WindowSurfacePlacer.performSurfacePlacementLoop:232 com.android.server.wm.WindowSurfacePlacer.performSurfacePlacement:180 com.android.server.wm.WindowManagerService$H.handleMessage:8086 android.os.Handler.dispatchMessage:102 
02-21 10:39:53.918   558   579 I WindowManager: Destroying surface Surface(name=Toast) called by com.android.server.wm.WindowStateAnimator.destroySurface:2016 com.android.server.wm.WindowStateAnimator.destroySurfaceLocked:882 com.android.server.wm.WindowState.destroyOrSaveSurface:2100 com.android.server.wm.WindowSurfacePlacer.performSurfacePlacementInner:429 com.android.server.wm.WindowSurfacePlacer.performSurfacePlacementLoop:232 com.android.server.wm.WindowSurfacePlacer.performSurfacePlacement:180 com.android.server.wm.WindowManagerService$H.handleMessage:8086 android.os.Handler.dispatchMessage:102 
02-21 10:39:57.421   558   579 I WindowManager: Destroying surface Surface(name=Toast) called by com.android.server.wm.WindowStateAnimator.destroySurface:2016 com.android.server.wm.WindowStateAnimator.destroySurfaceLocked:882 com.android.server.wm.WindowState.destroyOrSaveSurface:2100 com.android.server.wm.WindowSurfacePlacer.performSurfacePlacementInner:429 com.android.server.wm.WindowSurfacePlacer.performSurfacePlacementLoop:232 com.android.server.wm.WindowSurfacePlacer.performSurfacePlacement:180 com.android.server.wm.WindowManagerService$H.handleMessage:8086 android.os.Handler.dispatchMessage:102 
02-21 10:40:46.721   558   571 I UsageStatsService: User[0] Flushing usage stats to disk
02-21 10:42:49.790   558   647 E NativeCrashListener: Unable to read from debuggerd
02-21 10:42:49.799   558   576 I BootReceiver: Copying /data/tombstones/tombstone_09 to DropBox (SYSTEM_TOMBSTONE)
02-21 10:42:49.894   558  1137 I WindowManager: WIN DEATH: Window{8341f00 u0 com.ifeelsmart.smartui/com.ifeelsmart.common.IFSNativeActivityImpl}
02-21 10:42:49.895   558  1137 W WindowManager: Force-removing child win Window{8befdfb u0 SurfaceView - com.ifeelsmart.smartui/com.ifeelsmart.common.IFSNativeActivityImpl} from container Window{8341f00 u0 com.ifeelsmart.smartui/com.ifeelsmart.common.IFSNativeActivityImpl}
02-21 10:42:49.896   558   570 I ActivityManager: Process com.ifeelsmart.smartui (pid 9784) has died
02-21 10:42:49.896   558   570 D ActivityManager: cleanUpApplicationRecord -- 9784
02-21 10:42:49.896   558   570 W ActivityManager: Re-adding persistent process ProcessRecord{68cfe7b 9784:com.ifeelsmart.smartui/1000}
02-21 10:42:49.899   558  1137 I WindowManager: Destroying surface Surface(name=com.ifeelsmart.smartui/com.ifeelsmart.common.IFSNativeActivityImpl) called by com.android.server.wm.WindowStateAnimator.destroySurface:2016 com.android.server.wm.WindowStateAnimator.destroySurfaceLocked:882 com.android.server.wm.WindowState.destroySavedSurface:2112 com.android.server.wm.AppWindowToken.destroySavedSurfaces:506 com.android.server.wm.WindowState.clearHasSavedSurface:2150 com.android.server.wm.WindowStateAnimator.destroySurfaceLocked:848 com.android.server.wm.WindowState.destroySavedSurface:2112 com.android.server.wm.AppWindowToken.destroySavedSurfaces:506 
02-21 10:42:49.901   558  1137 I WindowManager: Destroying surface Surface(name=SurfaceView - com.ifeelsmart.smartui/com.ifeelsmart.common.IFSNativeActivityImpl) called by com.android.server.wm.WindowStateAnimator.destroySurface:2016 com.android.server.wm.WindowStateAnimator.destroySurfaceLocked:882 com.android.server.wm.WindowState.destroySavedSurface:2112 com.android.server.wm.AppWindowToken.destroySavedSurfaces:506 com.android.server.wm.WindowState.clearHasSavedSurface:2150 com.android.server.wm.WindowStateAnimator.destroySurfaceLocked:848 com.android.server.wm.WindowState.removeLocked:1456 com.android.server.wm.WindowManagerService.removeWindowInnerLocked:2484 
02-21 10:42:49.904   558  1137 I WindowManager: Destroying surface Surface(name=SurfaceView - com.ifeelsmart.smartui/com.ifeelsmart.common.IFSNativeActivityImpl) called by com.android.server.wm.WindowStateAnimator.destroySurface:2016 com.android.server.wm.WindowStateAnimator.destroySurfaceLocked:882 com.android.server.wm.WindowState.removeLocked:1456 com.android.server.wm.WindowManagerService.removeWindowInnerLocked:2484 com.android.server.wm.WindowManagerService.removeWindowInnerLocked:2463 com.android.server.wm.WindowManagerService.removeWindowLocked:2442 com.android.server.wm.WindowState$DeathRecipient.binderDied:1787 android.os.BinderProxy.sendDeathNotice:688 
02-21 10:42:49.906   558  1137 W WindowManager: Force-removing child win Window{c210e56 u0 SurfaceView - com.ifeelsmart.smartui/com.ifeelsmart.common.IFSNativeActivityImpl} from container Window{8341f00 u0 com.ifeelsmart.smartui/com.ifeelsmart.common.IFSNativeActivityImpl}
02-21 10:42:49.908   558   570 I ActivityManager: Start proc 11773:com.ifeelsmart.smartui/1000 for restart com.ifeelsmart.smartui
02-21 10:42:49.917   558  1174 W WindowManager: Failed looking up window
02-21 10:42:49.917   558  1174 W WindowManager: java.lang.IllegalArgumentException: Requested window android.os.BinderProxy@9e2cd7e does not exist
02-21 10:42:49.917   558  1174 W WindowManager: 	at com.android.server.wm.WindowManagerService.windowForClientLocked(WindowManagerService.java:9107)
02-21 10:42:49.917   558  1174 W WindowManager: 	at com.android.server.wm.WindowManagerService.windowForClientLocked(WindowManagerService.java:9098)
02-21 10:42:49.917   558  1174 W WindowManager: 	at com.android.server.wm.WindowState$DeathRecipient.binderDied(WindowState.java:1784)
02-21 10:42:49.917   558  1174 W WindowManager: 	at android.os.BinderProxy.sendDeathNotice(Binder.java:688)
02-21 10:42:49.917   558  1174 I WindowManager: WIN DEATH: null
02-21 10:42:49.923   558   807 W WindowManager: Failed looking up window
02-21 10:42:49.923   558   807 W WindowManager: java.lang.IllegalArgumentException: Requested window android.os.BinderProxy@da212df does not exist
02-21 10:42:49.923   558   807 W WindowManager: 	at com.android.server.wm.WindowManagerService.windowForClientLocked(WindowManagerService.java:9107)
02-21 10:42:49.923   558   807 W WindowManager: 	at com.android.server.wm.WindowManagerService.windowForClientLocked(WindowManagerService.java:9098)
02-21 10:42:49.923   558   807 W WindowManager: 	at com.android.server.wm.WindowState$DeathRecipient.binderDied(WindowState.java:1784)
02-21 10:42:49.923   558   807 W WindowManager: 	at android.os.BinderProxy.sendDeathNotice(Binder.java:688)
02-21 10:42:49.923   558   807 I WindowManager: WIN DEATH: null
02-21 10:42:56.672   558  1199 I ActivityManager: Force stopping com.ifeelsmart.smartui appid=1000 user=0: from pid 11866
02-21 10:42:56.673   558  1199 I ActivityManager:   Force finishing activity ActivityRecord{a98af1f u0 com.ifeelsmart.smartui/com.ifeelsmart.common.IFSNativeActivityImpl t26}
02-21 10:42:56.927   558   585 I ActivityManager: START u0 {act=android.intent.action.MAIN cat=[android.intent.category.LAUNCHER] flg=0x10200000 cmp=com.ifeelsmart.smartui/com.ifeelsmart.common.IFSNativeActivity} from uid 0 on display 0
02-21 10:42:57.740   558   861 I ActivityManager: START u0 {act=android.intent.action.MAIN cat=[android.intent.category.LAUNCHER] cmp=com.ifeelsmart.smartui/com.ifeelsmart.common.IFSNativeActivityImpl} from uid 1000 on display 0
02-21 10:42:57.963   558   570 W InputMethodManagerService: Focus gain on non-focused client com.android.internal.view.IInputMethodClient$Stub$Proxy@4420f9a (uid=1000 pid=11773)
02-21 10:42:58.777 11773 11773 W ContextImpl: Calling a method in the system process without a qualified user: android.app.ContextImpl.sendBroadcast:905 android.content.ContextWrapper.sendBroadcast:421 com.ifeelsmart.common.IFSTIFController.enableDisableParentalControl:881 com.ifeelsmart.common.IFSTIFController.init:588 com.ifeelsmart.common.IFSControllerManager.init:155 
