02-20 20:18:14.003  9784  9999 W ContextImpl: Calling a method in the system process without a qualified user: android.app.ContextImpl.sendBroadcast:905 android.content.ContextWrapper.sendBroadcast:421 <bottom of call stack> <bottom of call stack> <bottom of call stack> 
02-20 20:18:14.190   558  1784 I chatty  : uid=1000(system) Binder:558_F expire 2 lines
02-20 20:18:16.749  9784  9999 W ContextImpl: Calling a method in the system process without a qualified user: android.app.ContextImpl.sendBroadcast:905 android.content.ContextWrapper.sendBroadcast:421 <bottom of call stack> <bottom of call stack> <bottom of call stack> 
02-20 20:18:39.276   558  1214 I chatty  : uid=1000(system) Binder:558_E expire 4 lines
02-20 20:18:43.366   558  1199 I chatty  : uid=1000(system) Binder:558_B expire 3 lines
02-20 20:20:24.581   558   579 I chatty  : uid=1000(system) android.display expire 12 lines
02-20 20:20:54.851   558   569 I chatty  : uid=1000(system) Binder:558_1 expire 1 line
02-20 20:20:58.887   558   807 I chatty  : uid=1000(system) Binder:558_4 expire 2 lines
02-20 20:23:09.130   558  1138 I chatty  : uid=1000(system) Binder:558_7 expire 1 line
02-20 20:23:13.188   558  1212 I chatty  : uid=1000(system) Binder:558_C expire 1 line
02-20 20:24:38.093  9784  9999 W ContextImpl: Calling a method in the system process without a qualified user: android.app.ContextImpl.sendBroadcast:905 android.content.ContextWrapper.sendBroadcast:421 <bottom of call stack> <bottom of call stack> <bottom of call stack> 
02-20 20:24:38.270   558   558 I chatty  : uid=1000 system_server expire 10 lines
02-20 20:24:40.797  9784  9999 W ContextImpl: Calling a method in the system process without a qualified user: android.app.ContextImpl.sendBroadcast:905 android.content.ContextWrapper.sendBroadcast:421 <bottom of call stack> <bottom of call stack> <bottom of call stack> 
02-20 20:25:23.484   558   861 I chatty  : uid=1000(system) Binder:558_5 expire 1 line
02-20 20:27:40.019   558   579 I chatty  : uid=1000(system) android.display expire 18 lines
02-20 20:31:01.115  9784  9999 W ContextImpl: Calling a method in the system process without a qualified user: android.app.ContextImpl.sendBroadcast:905 android.content.ContextWrapper.sendBroadcast:421 <bottom of call stack> <bottom of call stack> <bottom of call stack> 
02-20 20:31:03.753  9784  9999 W ContextImpl: Calling a method in the system process without a qualified user: android.app.ContextImpl.sendBroadcast:905 android.content.ContextWrapper.sendBroadcast:421 <bottom of call stack> <bottom of call stack> <bottom of call stack> 
02-20 20:32:04.540   558  1199 I chatty  : uid=1000(system) Binder:558_B expire 1 line
02-20 20:32:08.816   558  1197 I chatty  : uid=1000(system) Binder:558_A expire 4 lines
02-20 20:32:12.835   558  1212 I chatty  : uid=1000(system) Binder:558_C expire 1 line
02-20 20:34:19.165   558  1784 I chatty  : uid=1000(system) Binder:558_F expire 1 line
02-20 20:34:23.131   558   807 I chatty  : uid=1000(system) Binder:558_4 expire 1 line
02-20 20:35:39.227   558   571 I chatty  : uid=1000(system) android.bg expire 1 line
02-20 20:36:33.528   558  1213 I chatty  : uid=1000(system) Binder:558_D expire 2 lines
02-20 20:36:37.568   558  1137 I chatty  : uid=1000(system) Binder:558_6 expire 2 lines
02-20 20:36:41.817   558   570 I chatty  : uid=1000(system) Binder:558_2 expire 2 lines
02-20 20:37:23.591   558   591 I chatty  : uid=1000(system) UEventObserver expire 12 lines
02-20 20:37:23.591   558   558 I chatty  : uid=1000 system_server expire 12 lines
02-20 20:37:24.975  9784  9999 W ContextImpl: Calling a method in the system process without a qualified user: android.app.ContextImpl.sendBroadcast:905 android.content.ContextWrapper.sendBroadcast:421 <bottom of call stack> <bottom of call stack> <bottom of call stack> 
02-20 20:37:24.984   558  1138 I chatty  : uid=1000(system) Binder:558_7 expire 1 line
02-20 20:37:27.749  9784  9999 W ContextImpl: Calling a method in the system process without a qualified user: android.app.ContextImpl.sendBroadcast:905 android.content.ContextWrapper.sendBroadcast:421 <bottom of call stack> <bottom of call stack> <bottom of call stack> 
02-20 20:38:47.836   558  1173 I chatty  : uid=1000(system) Binder:558_8 expire 1 line
02-20 20:38:52.005   558   585 I chatty  : uid=1000(system) Binder:558_3 expire 2 lines
02-20 20:39:39.937   558   579 I chatty  : uid=1000(system) android.display expire 6 lines
02-20 20:39:59.070  9784  9999 W ContextImpl: Calling a method in the system process without a qualified user: android.app.ContextImpl.sendBroadcast:905 android.content.ContextWrapper.sendBroadcast:421 <bottom of call stack> <bottom of call stack> <bottom of call stack> 
02-20 20:40:02.759  9784  9999 W ContextImpl: Calling a method in the system process without a qualified user: android.app.ContextImpl.sendBroadcast:905 android.content.ContextWrapper.sendBroadcast:421 <bottom of call stack> <bottom of call stack> <bottom of call stack> 
02-20 20:43:16.700   558  1214 I chatty  : uid=1000(system) Binder:558_E expire 1 line
02-20 20:43:24.922   558   861 I chatty  : uid=1000(system) Binder:558_5 expire 1 line
02-20 20:43:48.577   558   558 I chatty  : uid=1000 system_server expire 12 lines
02-20 20:43:50.120  9784  9999 W ContextImpl: Calling a method in the system process without a qualified user: android.app.ContextImpl.sendBroadcast:905 android.content.ContextWrapper.sendBroadcast:421 <bottom of call stack> <bottom of call stack> <bottom of call stack> 
02-20 20:43:51.413   558   861 I chatty  : uid=1000(system) Binder:558_5 expire 2 lines
02-20 20:43:53.853  9784  9999 W ContextImpl: Calling a method in the system process without a qualified user: android.app.ContextImpl.sendBroadcast:905 android.content.ContextWrapper.sendBroadcast:421 <bottom of call stack> <bottom of call stack> <bottom of call stack> 
02-20 20:45:02.404   558   575 I chatty  : uid=1000(system) batterystats-sy expire 4 lines
02-20 20:45:31.261   558  1137 I chatty  : uid=1000(system) Binder:558_6 expire 2 lines
02-20 20:45:35.305   558   570 I chatty  : uid=1000(system) Binder:558_2 expire 1 line
02-20 20:45:39.307   558   585 I chatty  : uid=1000(system) Binder:558_3 expire 1 line
02-20 20:45:43.290   558   572 I chatty  : uid=1000(system) ActivityManager expire 1 line
02-20 20:45:43.856   558   579 I chatty  : uid=1000(system) android.display expire 12 lines
02-20 20:47:45.793   558   807 I chatty  : uid=1000(system) Binder:558_4 expire 1 line
02-20 20:47:49.886   558  1213 I chatty  : uid=1000(system) Binder:558_D expire 1 line
02-20 20:47:54.179   558  1784 I chatty  : uid=1000(system) Binder:558_F expire 1 line
02-20 20:50:00.572   558  1197 I chatty  : uid=1000(system) Binder:558_A expire 3 lines
02-20 20:50:04.818   558  1212 I chatty  : uid=1000(system) Binder:558_C expire 1 line
02-20 20:50:12.586   558   591 I chatty  : uid=1000(system) UEventObserver expire 8 lines
02-20 20:50:14.049  9784  9999 W ContextImpl: Calling a method in the system process without a qualified user: android.app.ContextImpl.sendBroadcast:905 android.content.ContextWrapper.sendBroadcast:421 <bottom of call stack> <bottom of call stack> <bottom of call stack> 
02-20 20:50:14.406   558  1199 I chatty  : uid=1000(system) Binder:558_B expire 1 line
02-20 20:50:16.741  9784  9999 W ContextImpl: Calling a method in the system process without a qualified user: android.app.ContextImpl.sendBroadcast:905 android.content.ContextWrapper.sendBroadcast:421 <bottom of call stack> <bottom of call stack> <bottom of call stack> 
02-20 20:51:39.960   558   579 I chatty  : uid=1000(system) android.display expire 12 lines
02-20 20:52:24.324   558   569 I chatty  : uid=1000(system) Binder:558_1 expire 1 line
02-20 20:54:30.704   558  1214 I chatty  : uid=1000(system) Binder:558_E expire 2 lines
02-20 20:56:36.624   558   558 I chatty  : uid=1000 system_server expire 12 lines
02-20 20:56:38.129  9784  9999 W ContextImpl: Calling a method in the system process without a qualified user: android.app.ContextImpl.sendBroadcast:905 android.content.ContextWrapper.sendBroadcast:421 <bottom of call stack> <bottom of call stack> <bottom of call stack> 
02-20 20:56:38.335   558  1173 I chatty  : uid=1000(system) Binder:558_8 expire 1 line
02-20 20:56:40.857  9784  9999 W ContextImpl: Calling a method in the system process without a qualified user: android.app.ContextImpl.sendBroadcast:905 android.content.ContextWrapper.sendBroadcast:421 <bottom of call stack> <bottom of call stack> <bottom of call stack> 
02-20 20:56:45.312   558   807 I chatty  : uid=1000(system) Binder:558_4 expire 3 lines
02-20 20:56:49.476   558   585 I chatty  : uid=1000(system) Binder:558_3 expire 2 lines
02-20 20:56:53.832   558  1213 I chatty  : uid=1000(system) Binder:558_D expire 4 lines
02-20 20:59:08.836   558  1138 I chatty  : uid=1000(system) Binder:558_7 expire 2 lines
02-20 20:59:35.019   558  1137 I chatty  : uid=1000(system) Binder:558_6 expire 3 lines
02-20 20:59:35.875   558   571 I chatty  : uid=1000(system) android.bg expire 1 line
02-20 20:59:40.018   558   579 I chatty  : uid=1000(system) android.display expire 18 lines
02-20 21:01:18.605   558   591 I chatty  : uid=1000(system) UEventObserver expire 8 lines
02-20 21:01:19.376   558   569 I chatty  : uid=1000(system) Binder:558_1 expire 1 line
02-20 21:01:19.799  9784  9999 W ContextImpl: Calling a method in the system process without a qualified user: android.app.ContextImpl.sendBroadcast:905 android.content.ContextWrapper.sendBroadcast:421 <bottom of call stack> <bottom of call stack> <bottom of call stack> 
02-20 21:01:22.268  9784  9999 W ContextImpl: Calling a method in the system process without a qualified user: android.app.ContextImpl.sendBroadcast:905 android.content.ContextWrapper.sendBroadcast:421 <bottom of call stack> <bottom of call stack> <bottom of call stack> 
02-20 21:05:44.692   558  1197 I chatty  : uid=1000(system) Binder:558_A expire 1 line
02-20 21:05:48.928   558   861 I chatty  : uid=1000(system) Binder:558_5 expire 1 line
02-20 21:05:53.139   558  1212 I chatty  : uid=1000(system) Binder:558_C expire 1 line
02-20 21:08:09.415   558  1199 I chatty  : uid=1000(system) Binder:558_B expire 1 line
02-20 21:09:23.605   558   558 I chatty  : uid=1000 system_server expire 12 lines
02-20 21:09:25.040  9784  9999 W ContextImpl: Calling a method in the system process without a qualified user: android.app.ContextImpl.sendBroadcast:905 android.content.ContextWrapper.sendBroadcast:421 <bottom of call stack> <bottom of call stack> <bottom of call stack> 
02-20 21:09:26.378   558  1174 I chatty  : uid=1000(system) Binder:558_9 expire 1 line
02-20 21:09:28.859  9784  9999 W ContextImpl: Calling a method in the system process without a qualified user: android.app.ContextImpl.sendBroadcast:905 android.content.ContextWrapper.sendBroadcast:421 <bottom of call stack> <bottom of call stack> <bottom of call stack> 
02-20 21:10:15.772   558  1199 I chatty  : uid=1000(system) Binder:558_B expire 2 lines
02-20 21:10:19.953   558   807 I chatty  : uid=1000(system) Binder:558_4 expire 1 line
02-20 21:10:23.755   558  1197 I chatty  : uid=1000(system) Binder:558_A expire 2 lines
02-20 21:11:39.972   558   579 I chatty  : uid=1000(system) android.display expire 18 lines
02-20 21:12:30.171   558  1138 I chatty  : uid=1000(system) Binder:558_7 expire 1 line
02-20 21:12:34.358   558  1213 I chatty  : uid=1000(system) Binder:558_D expire 1 line
02-20 21:14:34.930   558   570 I chatty  : uid=1000(system) Binder:558_2 expire 2 lines
02-20 21:14:48.554   558   861 I chatty  : uid=1000(system) Binder:558_5 expire 1 line
02-20 21:14:52.679   558   585 I chatty  : uid=1000(system) Binder:558_3 expire 2 lines
02-20 21:15:02.436   558   575 I chatty  : uid=1000(system) batterystats-sy expire 4 lines
02-20 21:15:43.504   558   572 I chatty  : uid=1000(system) ActivityManager expire 1 line
02-20 21:15:47.650   558   591 I chatty  : uid=1000(system) UEventObserver expire 8 lines
02-20 21:15:49.119   558   569 I chatty  : uid=1000(system) Binder:558_1 expire 1 line
02-20 21:15:49.131  9784  9999 W ContextImpl: Calling a method in the system process without a qualified user: android.app.ContextImpl.sendBroadcast:905 android.content.ContextWrapper.sendBroadcast:421 <bottom of call stack> <bottom of call stack> <bottom of call stack> 
02-20 21:15:51.860  9784  9999 W ContextImpl: Calling a method in the system process without a qualified user: android.app.ContextImpl.sendBroadcast:905 android.content.ContextWrapper.sendBroadcast:421 <bottom of call stack> <bottom of call stack> <bottom of call stack> 
02-20 21:16:58.560   558  1137 I chatty  : uid=1000(system) Binder:558_6 expire 2 lines
02-20 21:17:02.707   558  1173 I chatty  : uid=1000(system) Binder:558_8 expire 2 lines
02-20 21:17:06.602   558  1214 I chatty  : uid=1000(system) Binder:558_E expire 1 line
02-20 21:21:18.605   558   558 I chatty  : uid=1000 system_server expire 12 lines
02-20 21:21:20.104  9784  9999 W ContextImpl: Calling a method in the system process without a qualified user: android.app.ContextImpl.sendBroadcast:905 android.content.ContextWrapper.sendBroadcast:421 <bottom of call stack> <bottom of call stack> <bottom of call stack> 
02-20 21:21:22.755  9784  9999 W ContextImpl: Calling a method in the system process without a qualified user: android.app.ContextImpl.sendBroadcast:905 android.content.ContextWrapper.sendBroadcast:421 <bottom of call stack> <bottom of call stack> <bottom of call stack> 
02-20 21:21:27.352   558   570 I chatty  : uid=1000(system) Binder:558_2 expire 2 lines
02-20 21:21:31.525   558   569 I chatty  : uid=1000(system) Binder:558_1 expire 4 lines
02-20 21:21:35.541   558   861 I chatty  : uid=1000(system) Binder:558_5 expire 2 lines
02-20 21:23:36.154   558   571 I chatty  : uid=1000(system) android.bg expire 1 line
02-20 21:23:39.957   558   579 I chatty  : uid=1000(system) android.display expire 12 lines
02-20 21:23:41.462   558   807 I chatty  : uid=1000(system) Binder:558_4 expire 1 line
02-20 21:23:45.784   558  1784 I chatty  : uid=1000(system) Binder:558_F expire 1 line
02-20 21:25:56.057   558  1213 I chatty  : uid=1000(system) Binder:558_D expire 1 line
02-20 21:26:00.132   558  1137 I chatty  : uid=1000(system) Binder:558_6 expire 1 line
02-20 21:26:04.118   558  1174 I chatty  : uid=1000(system) Binder:558_9 expire 1 line
02-20 21:26:06.607   558   591 I chatty  : uid=1000(system) UEventObserver expire 12 lines
02-20 21:26:07.940  9784  9999 W ContextImpl: Calling a method in the system process without a qualified user: android.app.ContextImpl.sendBroadcast:905 android.content.ContextWrapper.sendBroadcast:421 <bottom of call stack> <bottom of call stack> <bottom of call stack> 
02-20 21:26:10.644  9784  9999 W ContextImpl: Calling a method in the system process without a qualified user: android.app.ContextImpl.sendBroadcast:905 android.content.ContextWrapper.sendBroadcast:421 <bottom of call stack> <bottom of call stack> <bottom of call stack> 
02-20 21:28:10.846   558  1173 I chatty  : uid=1000(system) Binder:558_8 expire 1 line
02-20 21:28:18.985   558  1212 I chatty  : uid=1000(system) Binder:558_C expire 1 line
02-20 21:28:34.601   558   558 I chatty  : uid=1000 system_server expire 12 lines
02-20 21:28:35.963  9784  9999 W ContextImpl: Calling a method in the system process without a qualified user: android.app.ContextImpl.sendBroadcast:905 android.content.ContextWrapper.sendBroadcast:421 <bottom of call stack> <bottom of call stack> <bottom of call stack> 
02-20 21:28:58.461  9784  9999 W ContextImpl: Calling a method in the system process without a qualified user: android.app.ContextImpl.sendBroadcast:905 android.content.ContextWrapper.sendBroadcast:421 <bottom of call stack> <bottom of call stack> <bottom of call stack> 
02-20 21:28:58.933  9784  9999 W ContextImpl: Calling a method in the system process without a qualified user: android.app.ContextImpl.sendBroadcast:905 android.content.ContextWrapper.sendBroadcast:421 <bottom of call stack> <bottom of call stack> <bottom of call stack> 
02-20 21:29:01.659  9784  9999 W ContextImpl: Calling a method in the system process without a qualified user: android.app.ContextImpl.sendBroadcast:905 android.content.ContextWrapper.sendBroadcast:421 <bottom of call stack> <bottom of call stack> <bottom of call stack> 
02-20 21:30:25.068   558  1174 I chatty  : uid=1000(system) Binder:558_9 expire 1 line
02-20 21:30:29.371   558  1784 I chatty  : uid=1000(system) Binder:558_F expire 1 line
02-20 21:30:33.326   558  1197 I chatty  : uid=1000(system) Binder:558_A expire 3 lines
02-20 21:31:39.913   558   579 I chatty  : uid=1000(system) android.display expire 26 lines
02-20 21:32:39.555   558  1213 I chatty  : uid=1000(system) Binder:558_D expire 1 line
02-20 21:32:47.730   558   569 I chatty  : uid=1000(system) Binder:558_1 expire 2 lines
02-20 21:34:58.471   558  1138 I chatty  : uid=1000(system) Binder:558_7 expire 2 lines
02-20 21:35:02.374   558  1137 I chatty  : uid=1000(system) Binder:558_6 expire 1 line
02-20 21:37:08.637   558   570 I chatty  : uid=1000(system) Binder:558_2 expire 2 lines
02-20 21:37:12.570   558   807 I chatty  : uid=1000(system) Binder:558_4 expire 3 lines
02-20 21:39:22.746   558  1199 I chatty  : uid=1000(system) Binder:558_B expire 3 lines
02-20 21:39:27.033   558   585 I chatty  : uid=1000(system) Binder:558_3 expire 1 line
02-20 21:41:37.412   558  1173 I chatty  : uid=1000(system) Binder:558_8 expire 2 lines
02-20 21:43:59.985   558   861 I chatty  : uid=1000(system) Binder:558_5 expire 2 lines
02-20 21:45:02.424   558   575 I chatty  : uid=1000(system) batterystats-sy expire 4 lines
02-20 21:45:43.982   558   572 I chatty  : uid=1000(system) ActivityManager expire 1 line
02-20 21:47:35.968   558   571 I chatty  : uid=1000(system) android.bg expire 1 line
02-20 21:47:46.946   558   579 I chatty  : uid=1000(system) android.display expire 28 lines
02-20 21:48:21.826   558  1137 I chatty  : uid=1000(system) Binder:558_6 expire 1 line
02-20 21:48:25.867   558  1174 I chatty  : uid=1000(system) Binder:558_9 expire 5 lines
02-20 21:50:36.198   558  1213 I chatty  : uid=1000(system) Binder:558_D expire 2 lines
02-20 21:50:44.430   558   570 I chatty  : uid=1000(system) Binder:558_2 expire 1 line
02-20 21:52:54.914   558  1784 I chatty  : uid=1000(system) Binder:558_F expire 3 lines
02-20 21:52:58.854   558   861 I chatty  : uid=1000(system) Binder:558_5 expire 2 lines
02-20 21:57:19.887   558  1199 I chatty  : uid=1000(system) Binder:558_B expire 3 lines
02-20 21:57:24.061   558  1197 I chatty  : uid=1000(system) Binder:558_A expire 2 lines
02-20 21:57:28.317   558  1214 I chatty  : uid=1000(system) Binder:558_E expire 1 line
02-20 22:00:00.001   558   558 I chatty  : uid=1000 system_server expire 6 lines
02-20 22:00:00.053   558  1047 I chatty  : uid=1000(system) backup expire 1 line
02-20 22:01:49.270   558   807 I chatty  : uid=1000(system) Binder:558_4 expire 1 line
02-20 22:04:04.531   558  1138 I chatty  : uid=1000(system) Binder:558_7 expire 2 lines
02-20 22:04:08.657   558  1137 I chatty  : uid=1000(system) Binder:558_6 expire 2 lines
02-20 22:04:12.686   558  1213 I chatty  : uid=1000(system) Binder:558_D expire 1 line
02-20 22:06:22.971   558   585 I chatty  : uid=1000(system) Binder:558_3 expire 1 line
02-20 22:06:27.089   558  1784 I chatty  : uid=1000(system) Binder:558_F expire 2 lines
02-20 22:07:36.034   558   571 I chatty  : uid=1000(system) android.bg expire 2 lines
02-20 22:07:39.921   558   579 I chatty  : uid=1000(system) android.display expire 24 lines
02-20 22:08:33.215   558  1214 I chatty  : uid=1000(system) Binder:558_E expire 1 line
02-20 22:08:37.362   558  1199 I chatty  : uid=1000(system) Binder:558_B expire 3 lines
02-20 22:10:47.753   558   807 I chatty  : uid=1000(system) Binder:558_4 expire 2 lines
02-20 22:10:51.852   558  1173 I chatty  : uid=1000(system) Binder:558_8 expire 1 line
02-20 22:13:02.519   558  1197 I chatty  : uid=1000(system) Binder:558_A expire 2 lines
02-20 22:13:11.032   558  1174 I chatty  : uid=1000(system) Binder:558_9 expire 2 lines
02-20 22:15:02.452   558   580 I chatty  : uid=1000(system) CpuTracker expire 1 line
02-20 22:15:02.463   558   575 I chatty  : uid=1000(system) batterystats-sy expire 4 lines
02-20 22:15:15.506   558   558 I chatty  : uid=1000 system_server expire 1 line
02-20 22:15:21.271   558   570 I chatty  : uid=1000(system) Binder:558_2 expire 2 lines
02-20 22:15:44.970   558   572 I chatty  : uid=1000(system) ActivityManager expire 1 line
02-20 22:17:31.667   558  1212 I chatty  : uid=1000(system) Binder:558_C expire 1 line
02-20 22:17:39.775   558   569 I chatty  : uid=1000(system) Binder:558_1 expire 7 lines
02-20 22:22:05.139   558   807 I chatty  : uid=1000(system) Binder:558_4 expire 6 lines
02-20 22:23:39.931   558   579 I chatty  : uid=1000(system) android.display expire 30 lines
02-20 22:24:19.685   558  1173 I chatty  : uid=1000(system) Binder:558_8 expire 3 lines
02-20 22:24:23.504   558  1214 I chatty  : uid=1000(system) Binder:558_E expire 1 line
02-20 22:26:29.867   558   861 I chatty  : uid=1000(system) Binder:558_5 expire 2 lines
02-20 22:26:38.066   558   570 I chatty  : uid=1000(system) Binder:558_2 expire 2 lines
02-20 22:28:44.393   558  1174 I chatty  : uid=1000(system) Binder:558_9 expire 1 line
02-20 22:28:48.551   558  1784 I chatty  : uid=1000(system) Binder:558_F expire 2 lines
02-20 22:30:59.076   558  1213 I chatty  : uid=1000(system) Binder:558_D expire 2 lines
02-20 22:31:35.979   558   571 I chatty  : uid=1000(system) android.bg expire 1 line
02-20 22:37:46.024   558   585 I chatty  : uid=1000(system) Binder:558_3 expire 1 line
02-20 22:42:11.941   558  1212 I chatty  : uid=1000(system) Binder:558_C expire 1 line
02-20 22:42:15.920   558  1199 I chatty  : uid=1000(system) Binder:558_B expire 1 line
02-20 22:44:26.184   558  1174 I chatty  : uid=1000(system) Binder:558_9 expire 4 lines
02-20 22:44:30.175   558  1213 I chatty  : uid=1000(system) Binder:558_D expire 1 line
02-20 22:44:34.362   558  1197 I chatty  : uid=1000(system) Binder:558_A expire 2 lines
02-20 22:45:02.497   558   575 I chatty  : uid=1000(system) batterystats-sy expire 4 lines
02-20 22:45:45.068   558   572 I chatty  : uid=1000(system) ActivityManager expire 1 line
02-20 22:45:45.607   558   579 I chatty  : uid=1000(system) android.display expire 30 lines
02-20 22:46:40.603   558   861 I chatty  : uid=1000(system) Binder:558_5 expire 3 lines
02-20 22:48:59.446   558  1784 I chatty  : uid=1000(system) Binder:558_F expire 2 lines
02-20 22:49:03.437   558   570 I chatty  : uid=1000(system) Binder:558_2 expire 4 lines
02-20 22:51:36.035   558   571 I chatty  : uid=1000(system) android.bg expire 1 line
02-20 22:53:32.547   558   569 I chatty  : uid=1000(system) Binder:558_1 expire 2 lines
02-20 22:55:38.955   558   807 I chatty  : uid=1000(system) Binder:558_4 expire 1 line
02-20 22:55:47.230   558  1138 I chatty  : uid=1000(system) Binder:558_7 expire 1 line
02-20 22:57:57.838   558  1214 I chatty  : uid=1000(system) Binder:558_E expire 2 lines
02-20 23:00:13.544   558  1173 I chatty  : uid=1000(system) Binder:558_8 expire 4 lines
02-20 23:00:17.415   558   585 I chatty  : uid=1000(system) Binder:558_3 expire 5 lines
02-20 23:02:24.086   558  1174 I chatty  : uid=1000(system) Binder:558_9 expire 2 lines
02-20 23:02:32.106   558   807 I chatty  : uid=1000(system) Binder:558_4 expire 4 lines
02-20 23:03:39.947   558   579 I chatty  : uid=1000(system) android.display expire 26 lines
02-20 23:06:57.557   558  1137 I chatty  : uid=1000(system) Binder:558_6 expire 2 lines
02-20 23:09:07.569   558  1199 I chatty  : uid=1000(system) Binder:558_B expire 2 lines
02-20 23:09:15.666   558  1213 I chatty  : uid=1000(system) Binder:558_D expire 1 line
02-20 23:11:21.993   558  1212 I chatty  : uid=1000(system) Binder:558_C expire 2 lines
02-20 23:15:02.520   558   575 I chatty  : uid=1000(system) batterystats-sy expire 4 lines
02-20 23:15:35.911   558   571 I chatty  : uid=1000(system) android.bg expire 1 line
02-20 23:15:46.139   558   572 I chatty  : uid=1000(system) ActivityManager expire 1 line
02-20 23:16:00.334   558   861 I chatty  : uid=1000(system) Binder:558_5 expire 1 line
02-20 23:18:06.978   558   570 I chatty  : uid=1000(system) Binder:558_2 expire 3 lines
02-20 23:19:46.947   558   579 I chatty  : uid=1000(system) android.display expire 28 lines
02-20 23:20:21.373   558  1212 I chatty  : uid=1000(system) Binder:558_C expire 1 line
02-20 23:20:25.577   558  1213 I chatty  : uid=1000(system) Binder:558_D expire 2 lines
02-20 23:20:29.765   558   861 I chatty  : uid=1000(system) Binder:558_5 expire 1 line
02-20 23:22:35.983   558  1199 I chatty  : uid=1000(system) Binder:558_B expire 4 lines
02-20 23:22:44.249   558   807 I chatty  : uid=1000(system) Binder:558_4 expire 4 lines
02-20 23:24:50.869   558   585 I chatty  : uid=1000(system) Binder:558_3 expire 1 line
02-20 23:24:54.865   558   569 I chatty  : uid=1000(system) Binder:558_1 expire 2 lines
02-20 23:24:58.957   558  1138 I chatty  : uid=1000(system) Binder:558_7 expire 1 line
02-20 23:27:09.359   558  1137 I chatty  : uid=1000(system) Binder:558_6 expire 2 lines
02-20 23:27:13.640   558  1174 I chatty  : uid=1000(system) Binder:558_9 expire 1 line
02-20 23:30:00.001   558   558 I chatty  : uid=1000 system_server expire 4 lines
02-20 23:31:42.690   558  1173 I chatty  : uid=1000(system) Binder:558_8 expire 2 lines
02-20 23:35:36.109   558   571 I chatty  : uid=1000(system) android.bg expire 1 line
02-20 23:36:08.858   558  1197 I chatty  : uid=1000(system) Binder:558_A expire 1 line
02-20 23:38:18.744   558  1214 I chatty  : uid=1000(system) Binder:558_E expire 2 lines
02-20 23:38:22.621   558  1174 I chatty  : uid=1000(system) Binder:558_9 expire 3 lines
02-20 23:38:26.822   558  1212 I chatty  : uid=1000(system) Binder:558_C expire 3 lines
02-20 23:39:39.944   558   579 I chatty  : uid=1000(system) android.display expire 30 lines
02-20 23:40:32.907   558  1784 I chatty  : uid=1000(system) Binder:558_F expire 1 line
02-20 23:40:37.064   558  1213 I chatty  : uid=1000(system) Binder:558_D expire 2 lines
02-20 23:40:41.047   558  1173 I chatty  : uid=1000(system) Binder:558_8 expire 3 lines
02-20 23:42:51.569   558   585 I chatty  : uid=1000(system) Binder:558_3 expire 4 lines
02-20 23:45:02.537   558   575 I chatty  : uid=1000(system) batterystats-sy expire 4 lines
02-20 23:46:00.005   558   572 I chatty  : uid=1000(system) ActivityManager expire 1 line
02-20 23:49:31.134   558   570 I chatty  : uid=1000(system) Binder:558_2 expire 1 line
02-20 23:51:45.517   558   807 I chatty  : uid=1000(system) Binder:558_4 expire 1 line
02-20 23:51:49.661   558  1199 I chatty  : uid=1000(system) Binder:558_B expire 1 line
02-20 23:53:59.870   558  1137 I chatty  : uid=1000(system) Binder:558_6 expire 1 line
02-20 23:54:08.087   558   569 I chatty  : uid=1000(system) Binder:558_1 expire 3 lines
02-20 23:56:14.286   558   807 I chatty  : uid=1000(system) Binder:558_4 expire 2 lines
02-20 23:56:18.492   558  1784 I chatty  : uid=1000(system) Binder:558_F expire 3 lines
02-20 23:58:33.254   558  1214 I chatty  : uid=1000(system) Binder:558_E expire 1 line
02-20 23:58:37.149   558  1213 I chatty  : uid=1000(system) Binder:558_D expire 1 line
02-20 23:59:35.969   558   571 I chatty  : uid=1000(system) android.bg expire 1 line
02-20 23:59:39.940   558   579 I chatty  : uid=1000(system) android.display expire 26 lines
02-21 00:00:44.073   558   570 I chatty  : uid=1000(system) Binder:558_2 expire 5 lines
02-21 00:00:47.886   558  1212 I chatty  : uid=1000(system) Binder:558_C expire 3 lines
02-21 00:00:51.930   558  1174 I chatty  : uid=1000(system) Binder:558_9 expire 1 line
02-21 00:02:58.138   558   861 I chatty  : uid=1000(system) Binder:558_5 expire 3 lines
02-21 00:05:21.230   558  1137 I chatty  : uid=1000(system) Binder:558_6 expire 2 lines
02-21 00:07:31.479   558  1197 I chatty  : uid=1000(system) Binder:558_A expire 2 lines
02-21 00:09:45.710   558  1138 I chatty  : uid=1000(system) Binder:558_7 expire 1 line
02-21 00:14:11.732   558  1199 I chatty  : uid=1000(system) Binder:558_B expire 1 line
02-21 00:15:02.555   558   575 I chatty  : uid=1000(system) batterystats-sy expire 4 lines
02-21 00:15:46.960   558   579 I chatty  : uid=1000(system) android.display expire 30 lines
02-21 00:16:00.015   558   572 I chatty  : uid=1000(system) ActivityManager expire 1 line
02-21 00:16:26.077   558  1137 I chatty  : uid=1000(system) Binder:558_6 expire 2 lines
02-21 00:16:30.140   558  1214 I chatty  : uid=1000(system) Binder:558_E expire 2 lines
02-21 00:16:34.414   558  1173 I chatty  : uid=1000(system) Binder:558_8 expire 3 lines
02-21 00:18:40.476   558   807 I chatty  : uid=1000(system) Binder:558_4 expire 2 lines
02-21 00:18:44.714   558  1174 I chatty  : uid=1000(system) Binder:558_9 expire 2 lines
02-21 00:18:48.733   558  1138 I chatty  : uid=1000(system) Binder:558_7 expire 1 line
02-21 00:19:36.141   558   571 I chatty  : uid=1000(system) android.bg expire 1 line
02-21 00:20:55.669   558   570 I chatty  : uid=1000(system) Binder:558_2 expire 5 lines
02-21 00:25:32.442   558  1199 I chatty  : uid=1000(system) Binder:558_B expire 4 lines
02-21 00:27:42.511   558  1784 I chatty  : uid=1000(system) Binder:558_F expire 1 line
02-21 00:27:46.925   558  1197 I chatty  : uid=1000(system) Binder:558_A expire 1 line
02-21 00:30:00.964   558  1213 I chatty  : uid=1000(system) Binder:558_D expire 1 line
02-21 00:32:15.901   558   585 I chatty  : uid=1000(system) Binder:558_3 expire 1 line
02-21 00:34:21.910   558   569 I chatty  : uid=1000(system) Binder:558_1 expire 1 line
02-21 00:34:25.991   558   861 I chatty  : uid=1000(system) Binder:558_5 expire 4 lines
02-21 00:35:46.937   558   579 I chatty  : uid=1000(system) android.display expire 29 lines
02-21 00:36:36.048   558   585 I chatty  : uid=1000(system) Binder:558_3 expire 3 lines
02-21 00:36:40.049   558   807 I chatty  : uid=1000(system) Binder:558_4 expire 3 lines
02-21 00:36:44.137   558  1212 I chatty  : uid=1000(system) Binder:558_C expire 2 lines
02-21 00:38:50.398   558  1197 I chatty  : uid=1000(system) Binder:558_A expire 3 lines
02-21 00:41:04.802   558  1174 I chatty  : uid=1000(system) Binder:558_9 expire 1 line
02-21 00:41:12.873   558   570 I chatty  : uid=1000(system) Binder:558_2 expire 1 line
02-21 00:43:35.973   558   571 I chatty  : uid=1000(system) android.bg expire 1 line
02-21 00:45:02.578   558   575 I chatty  : uid=1000(system) batterystats-sy expire 4 lines
02-21 00:46:00.021   558   572 I chatty  : uid=1000(system) ActivityManager expire 2 lines
02-21 00:47:47.770   558  1173 I chatty  : uid=1000(system) Binder:558_8 expire 2 lines
02-21 00:47:51.747   558  1214 I chatty  : uid=1000(system) Binder:558_E expire 1 line
02-21 00:47:55.913   558  1213 I chatty  : uid=1000(system) Binder:558_D expire 2 lines
02-21 00:50:06.037   558   569 I chatty  : uid=1000(system) Binder:558_1 expire 1 line
02-21 00:52:21.579   558  1137 I chatty  : uid=1000(system) Binder:558_6 expire 2 lines
02-21 00:55:43.454   558   579 I chatty  : uid=1000(system) android.display expire 29 lines
02-21 00:56:46.677   558   570 I chatty  : uid=1000(system) Binder:558_2 expire 3 lines
02-21 00:56:50.772   558  1197 I chatty  : uid=1000(system) Binder:558_A expire 3 lines
02-21 00:56:54.931   558  1784 I chatty  : uid=1000(system) Binder:558_F expire 2 lines
02-21 00:59:01.091   558   585 I chatty  : uid=1000(system) Binder:558_3 expire 4 lines
02-21 00:59:09.334   558  1213 I chatty  : uid=1000(system) Binder:558_D expire 2 lines
02-21 01:01:15.727   558  1174 I chatty  : uid=1000(system) Binder:558_9 expire 1 line
02-21 01:01:23.859   558  1173 I chatty  : uid=1000(system) Binder:558_8 expire 2 lines
02-21 01:03:34.285   558  1212 I chatty  : uid=1000(system) Binder:558_C expire 4 lines
02-21 01:03:38.408   558   807 I chatty  : uid=1000(system) Binder:558_4 expire 1 line
02-21 01:05:17.073   558   571 I chatty  : uid=1000(system) android.bg expire 1 line
02-21 01:05:44.849   558   861 I chatty  : uid=1000(system) Binder:558_5 expire 3 lines
02-21 01:14:45.237   558   569 I chatty  : uid=1000(system) Binder:558_1 expire 1 line
02-21 01:14:53.433   558  1138 I chatty  : uid=1000(system) Binder:558_7 expire 1 line
02-21 01:15:02.636   558   575 I chatty  : uid=1000(system) batterystats-sy expire 4 lines
02-21 01:15:15.600   558   558 I chatty  : uid=1000 system_server expire 3 lines
02-21 01:15:40.064   558   579 I chatty  : uid=1000(system) android.display expire 30 lines
02-21 01:16:59.973   558  1212 I chatty  : uid=1000(system) Binder:558_C expire 2 lines
02-21 01:17:00.043   558   572 I chatty  : uid=1000(system) ActivityManager expire 1 line
02-21 01:17:00.275   558   571 I chatty  : uid=1000(system) android.bg expire 2 lines
02-21 01:17:04.001   558  1784 I chatty  : uid=1000(system) Binder:558_F expire 3 lines
02-21 01:17:07.959   558   807 I chatty  : uid=1000(system) Binder:558_4 expire 2 lines
02-21 01:19:18.784   558  1199 I chatty  : uid=1000(system) Binder:558_B expire 1 line
02-21 01:19:23.069   558  1174 I chatty  : uid=1000(system) Binder:558_9 expire 1 line
02-21 01:21:29.103   558  1138 I chatty  : uid=1000(system) Binder:558_7 expire 2 lines
02-21 01:21:33.179   558   585 I chatty  : uid=1000(system) Binder:558_3 expire 3 lines
02-21 01:21:37.124   558  1137 I chatty  : uid=1000(system) Binder:558_6 expire 1 line
02-21 01:23:47.783   558  1197 I chatty  : uid=1000(system) Binder:558_A expire 2 lines
02-21 01:25:58.622   558   569 I chatty  : uid=1000(system) Binder:558_1 expire 1 line
02-21 01:28:18.016   558  1173 I chatty  : uid=1000(system) Binder:558_8 expire 1 line
02-21 01:28:21.991   558  1214 I chatty  : uid=1000(system) Binder:558_E expire 1 line
02-21 01:30:32.361   558   861 I chatty  : uid=1000(system) Binder:558_5 expire 3 lines
02-21 01:32:42.741   558  1784 I chatty  : uid=1000(system) Binder:558_F expire 4 lines
02-21 01:32:46.825   558  1174 I chatty  : uid=1000(system) Binder:558_9 expire 2 lines
02-21 01:32:51.093   558   807 I chatty  : uid=1000(system) Binder:558_4 expire 1 line
02-21 01:34:57.104   558  1137 I chatty  : uid=1000(system) Binder:558_6 expire 1 line
02-21 01:35:01.310   558  1173 I chatty  : uid=1000(system) Binder:558_8 expire 4 lines
02-21 01:35:05.385   558  1199 I chatty  : uid=1000(system) Binder:558_B expire 1 line
02-21 01:35:31.489  1367  3278 E ActivityThread: Failed to find provider info for com.google.android.wearable.settings
02-21 01:35:31.660   558   569 I chatty  : uid=1000(system) Binder:558_1 expire 3 lines
02-21 01:35:37.109  1367  3278 E ActivityThread: Failed to find provider info for com.google.android.wearable.settings
02-21 01:35:38.444   558  1212 I chatty  : uid=1000(system) Binder:558_C expire 3 lines
02-21 01:35:39.240   558   558 I chatty  : uid=1000 system_server expire 1 line
02-21 01:35:40.027   558   579 I chatty  : uid=1000(system) android.display expire 23 lines
02-21 01:35:40.404   558  1213 I chatty  : uid=1000(system) Binder:558_D expire 2 lines
02-21 01:36:08.019   558   572 I chatty  : uid=1000(system) ActivityManager expire 3 lines
02-21 01:39:26.141   558   570 I chatty  : uid=1000(system) Binder:558_2 expire 2 lines
02-21 01:39:34.291   558   585 I chatty  : uid=1000(system) Binder:558_3 expire 1 line
02-21 01:41:44.726   558  1197 I chatty  : uid=1000(system) Binder:558_A expire 1 line
02-21 01:43:55.108   558  1138 I chatty  : uid=1000(system) Binder:558_7 expire 1 line
02-21 01:45:02.575   558   575 I chatty  : uid=1000(system) batterystats-sy expire 4 lines
02-21 01:47:57.462   558   579 I chatty  : uid=1000(system) android.display expire 26 lines
02-21 01:48:24.721   558  1212 I chatty  : uid=1000(system) Binder:558_C expire 5 lines
02-21 01:48:28.634   558   585 I chatty  : uid=1000(system) Binder:558_3 expire 1 line
02-21 01:48:32.793   558   569 I chatty  : uid=1000(system) Binder:558_1 expire 5 lines
02-21 01:50:39.114   558  1197 I chatty  : uid=1000(system) Binder:558_A expire 3 lines
02-21 01:50:47.485   558  1214 I chatty  : uid=1000(system) Binder:558_E expire 2 lines
02-21 01:51:35.969   558   571 I chatty  : uid=1000(system) android.bg expire 1 line
02-21 01:52:53.727   558  1199 I chatty  : uid=1000(system) Binder:558_B expire 3 lines
02-21 01:53:01.965   558   861 I chatty  : uid=1000(system) Binder:558_5 expire 2 lines
02-21 01:55:12.675   558  1213 I chatty  : uid=1000(system) Binder:558_D expire 3 lines
02-21 01:57:27.435   558   570 I chatty  : uid=1000(system) Binder:558_2 expire 1 line
02-21 01:59:37.769   558  1137 I chatty  : uid=1000(system) Binder:558_6 expire 3 lines
02-21 02:03:35.881   558   558 I chatty  : uid=1000 system_server expire 2 lines
02-21 02:04:15.836   558   807 I chatty  : uid=1000(system) Binder:558_4 expire 1 line
02-21 02:08:45.003   558  1173 I chatty  : uid=1000(system) Binder:558_8 expire 3 lines
02-21 02:09:24.967   558   579 I chatty  : uid=1000(system) android.display expire 27 lines
02-21 02:10:51.123   558   569 I chatty  : uid=1000(system) Binder:558_1 expire 4 lines
02-21 02:10:59.237   558   585 I chatty  : uid=1000(system) Binder:558_3 expire 2 lines
02-21 02:13:05.559   558  1137 I chatty  : uid=1000(system) Binder:558_6 expire 1 line
02-21 02:13:09.500   558  1213 I chatty  : uid=1000(system) Binder:558_D expire 1 line
02-21 02:13:13.539   558  1138 I chatty  : uid=1000(system) Binder:558_7 expire 2 lines
02-21 02:13:17.269   558   571 I chatty  : uid=1000(system) android.bg expire 1 line
02-21 02:15:02.601   558   575 I chatty  : uid=1000(system) batterystats-sy expire 4 lines
02-21 02:15:24.031   558   807 I chatty  : uid=1000(system) Binder:558_4 expire 1 line
02-21 02:15:42.464   558   558 I chatty  : uid=1000 system_server expire 8 lines
02-21 02:17:42.303   558  1199 I chatty  : uid=1000(system) Binder:558_B expire 1 line
02-21 02:18:00.007   558   572 I chatty  : uid=1000(system) ActivityManager expire 2 lines
02-21 02:19:57.055   558  1212 I chatty  : uid=1000(system) Binder:558_C expire 1 line
02-21 02:22:03.257   558   861 I chatty  : uid=1000(system) Binder:558_5 expire 1 line
02-21 02:22:07.426   558  1197 I chatty  : uid=1000(system) Binder:558_A expire 3 lines
02-21 02:23:54.005   558   579 I chatty  : uid=1000(system) android.display expire 26 lines
02-21 02:24:18.176   558  1173 I chatty  : uid=1000(system) Binder:558_8 expire 5 lines
02-21 02:24:22.498   558  1212 I chatty  : uid=1000(system) Binder:558_C expire 2 lines
02-21 02:24:26.688   558  1138 I chatty  : uid=1000(system) Binder:558_7 expire 2 lines
02-21 02:26:33.029   558   569 I chatty  : uid=1000(system) Binder:558_1 expire 4 lines
02-21 02:26:41.105   558   861 I chatty  : uid=1000(system) Binder:558_5 expire 3 lines
02-21 02:28:47.536   558  1199 I chatty  : uid=1000(system) Binder:558_B expire 2 lines
02-21 02:28:55.648   558  1784 I chatty  : uid=1000(system) Binder:558_F expire 3 lines
02-21 02:31:05.804   558  1214 I chatty  : uid=1000(system) Binder:558_E expire 1 line
02-21 02:35:36.418   558   571 I chatty  : uid=1000(system) android.bg expire 1 line
02-21 02:35:38.860   558  1174 I chatty  : uid=1000(system) Binder:558_9 expire 3 lines
02-21 02:37:53.425   558  1137 I chatty  : uid=1000(system) Binder:558_6 expire 2 lines
02-21 02:42:18.052   558   807 I chatty  : uid=1000(system) Binder:558_4 expire 1 line
02-21 02:45:02.586   558   575 I chatty  : uid=1000(system) batterystats-sy expire 4 lines
02-21 02:45:21.138   558   579 I chatty  : uid=1000(system) android.display expire 30 lines
02-21 02:46:43.064   558  1199 I chatty  : uid=1000(system) Binder:558_B expire 1 line
02-21 02:46:51.127   558   807 I chatty  : uid=1000(system) Binder:558_4 expire 1 line
02-21 02:49:00.019   558   572 I chatty  : uid=1000(system) ActivityManager expire 1 line
02-21 02:49:01.042   558   861 I chatty  : uid=1000(system) Binder:558_5 expire 1 line
02-21 02:49:05.232   558  1214 I chatty  : uid=1000(system) Binder:558_E expire 2 lines
02-21 02:50:00.014   558   580 I chatty  : uid=1000(system) CpuTracker expire 4 lines
02-21 02:51:11.440   558  1784 I chatty  : uid=1000(system) Binder:558_F expire 1 line
02-21 02:51:15.697   558  1138 I chatty  : uid=1000(system) Binder:558_7 expire 1 line
02-21 02:51:19.648   558  1213 I chatty  : uid=1000(system) Binder:558_D expire 2 lines
02-21 02:53:26.111   558  1174 I chatty  : uid=1000(system) Binder:558_9 expire 1 line
02-21 02:53:30.071   558  1197 I chatty  : uid=1000(system) Binder:558_A expire 2 lines
02-21 02:53:34.116   558   569 I chatty  : uid=1000(system) Binder:558_1 expire 3 lines
02-21 02:55:40.156   558   570 I chatty  : uid=1000(system) Binder:558_2 expire 1 line
02-21 02:55:44.198   558  1173 I chatty  : uid=1000(system) Binder:558_8 expire 3 lines
02-21 03:00:13.298   558  1212 I chatty  : uid=1000(system) Binder:558_C expire 1 line
02-21 03:01:18.063   558   571 I chatty  : uid=1000(system) android.bg expire 1 line
02-21 03:02:28.036   558  1784 I chatty  : uid=1000(system) Binder:558_F expire 2 lines
02-21 03:02:32.198   558  1137 I chatty  : uid=1000(system) Binder:558_6 expire 2 lines
02-21 03:03:39.923   558   579 I chatty  : uid=1000(system) android.display expire 30 lines
02-21 03:04:42.745   558  1174 I chatty  : uid=1000(system) Binder:558_9 expire 2 lines
02-21 03:06:53.311   558  1213 I chatty  : uid=1000(system) Binder:558_D expire 1 line
02-21 03:07:01.596   558   569 I chatty  : uid=1000(system) Binder:558_1 expire 2 lines
02-21 03:09:08.022   558   585 I chatty  : uid=1000(system) Binder:558_3 expire 3 lines
02-21 03:09:12.114   558  1214 I chatty  : uid=1000(system) Binder:558_E expire 1 line
02-21 03:09:16.072   558  1138 I chatty  : uid=1000(system) Binder:558_7 expire 2 lines
02-21 03:11:22.596   558  1197 I chatty  : uid=1000(system) Binder:558_A expire 1 line
02-21 03:11:30.623   558   807 I chatty  : uid=1000(system) Binder:558_4 expire 2 lines
02-21 03:13:40.890   558  1212 I chatty  : uid=1000(system) Binder:558_C expire 1 line
02-21 03:13:45.040   558  1199 I chatty  : uid=1000(system) Binder:558_B expire 2 lines
02-21 03:15:02.609   558   575 I chatty  : uid=1000(system) batterystats-sy expire 4 lines
02-21 03:15:55.534   558   861 I chatty  : uid=1000(system) Binder:558_5 expire 1 line
02-21 03:18:06.075   558  1173 I chatty  : uid=1000(system) Binder:558_8 expire 1 line
02-21 03:19:35.891   558   572 I chatty  : uid=1000(system) ActivityManager expire 1 line
02-21 03:20:20.383   558   807 I chatty  : uid=1000(system) Binder:558_4 expire 1 line
02-21 03:20:24.500   558  1213 I chatty  : uid=1000(system) Binder:558_D expire 2 lines
02-21 03:20:28.605   558   585 I chatty  : uid=1000(system) Binder:558_3 expire 1 line
02-21 03:22:35.184   558  1784 I chatty  : uid=1000(system) Binder:558_F expire 2 lines
02-21 03:22:39.368   558  1174 I chatty  : uid=1000(system) Binder:558_9 expire 4 lines
02-21 03:22:43.633   558  1197 I chatty  : uid=1000(system) Binder:558_A expire 3 lines
02-21 03:23:35.976   558   571 I chatty  : uid=1000(system) android.bg expire 1 line
02-21 03:23:39.934   558   579 I chatty  : uid=1000(system) android.display expire 30 lines
02-21 03:24:53.838   558  1212 I chatty  : uid=1000(system) Binder:558_C expire 2 lines
02-21 03:24:57.981   558  1199 I chatty  : uid=1000(system) Binder:558_B expire 1 line
02-21 03:27:04.548   558  1138 I chatty  : uid=1000(system) Binder:558_7 expire 3 lines
02-21 03:27:12.522   558   570 I chatty  : uid=1000(system) Binder:558_2 expire 2 lines
02-21 03:29:19.077   558   569 I chatty  : uid=1000(system) Binder:558_1 expire 2 lines
02-21 03:29:23.122   558   861 I chatty  : uid=1000(system) Binder:558_5 expire 3 lines
02-21 03:38:23.035   558  1173 I chatty  : uid=1000(system) Binder:558_8 expire 5 lines
02-21 03:42:48.029   558  1214 I chatty  : uid=1000(system) Binder:558_E expire 3 lines
02-21 03:42:52.117   558   807 I chatty  : uid=1000(system) Binder:558_4 expire 3 lines
02-21 03:42:56.033   558  1174 I chatty  : uid=1000(system) Binder:558_9 expire 1 line
02-21 03:43:36.057   558   571 I chatty  : uid=1000(system) android.bg expire 1 line
02-21 03:45:02.181   558  1137 I chatty  : uid=1000(system) Binder:558_6 expire 1 line
02-21 03:45:02.626   558   575 I chatty  : uid=1000(system) batterystats-sy expire 4 lines
02-21 03:45:06.065   558  1138 I chatty  : uid=1000(system) Binder:558_7 expire 3 lines
02-21 03:45:10.257   558   585 I chatty  : uid=1000(system) Binder:558_3 expire 1 line
02-21 03:45:21.136   558   579 I chatty  : uid=1000(system) android.display expire 30 lines
02-21 03:47:16.922   558  1197 I chatty  : uid=1000(system) Binder:558_A expire 2 lines
02-21 03:50:00.010   558   572 I chatty  : uid=1000(system) ActivityManager expire 1 line
02-21 03:51:49.791   558  1212 I chatty  : uid=1000(system) Binder:558_C expire 1 line
02-21 03:51:54.101   558  1784 I chatty  : uid=1000(system) Binder:558_F expire 1 line
02-21 03:54:00.758   558  1213 I chatty  : uid=1000(system) Binder:558_D expire 1 line
02-21 03:54:09.019   558   569 I chatty  : uid=1000(system) Binder:558_1 expire 1 line
02-21 03:56:42.121   558  1047 I chatty  : uid=1000(system) backup expire 1 line
02-21 04:03:39.917   558   579 I chatty  : uid=1000(system) android.display expire 36 lines
02-21 04:05:17.097   558   571 I chatty  : uid=1000(system) android.bg expire 3 lines
02-21 04:15:02.641   558   575 I chatty  : uid=1000(system) batterystats-sy expire 4 lines
02-21 04:15:15.688   558   558 I chatty  : uid=1000 system_server expire 1 line
02-21 04:16:02.293   558   590 I chatty  : uid=1000(system) AlarmManager expire 2 lines
02-21 04:16:02.424   558  1197 I chatty  : uid=1000(system) Binder:558_A expire 2 lines
02-21 04:16:04.796   558  1213 I chatty  : uid=1000(system) Binder:558_D expire 4 lines
02-21 04:16:11.580   558  1174 I chatty  : uid=1000(system) Binder:558_9 expire 1 line
02-21 04:16:11.609   558   570 I chatty  : uid=1000(system) Binder:558_2 expire 1 line
02-21 04:16:36.198   558  1138 I chatty  : uid=1000(system) Binder:558_7 expire 2 lines
02-21 04:16:36.253   558   585 I chatty  : uid=1000(system) Binder:558_3 expire 1 line
02-21 04:21:00.054   558   572 I chatty  : uid=1000(system) ActivityManager expire 5 lines
02-21 04:27:39.940   558   579 I chatty  : uid=1000(system) android.display expire 54 lines
02-21 04:45:02.667   558   575 I chatty  : uid=1000(system) batterystats-sy expire 4 lines
02-21 04:47:35.945   558   571 I chatty  : uid=1000(system) android.bg expire 3 lines
02-21 05:03:39.927   558   579 I chatty  : uid=1000(system) android.display expire 53 lines
02-21 05:15:02.685   558   575 I chatty  : uid=1000(system) batterystats-sy expire 4 lines
02-21 05:22:00.005   558   572 I chatty  : uid=1000(system) ActivityManager expire 2 lines
02-21 05:35:57.447   558   579 I chatty  : uid=1000(system) android.display expire 55 lines
02-21 05:45:02.700   558   575 I chatty  : uid=1000(system) batterystats-sy expire 4 lines
02-21 05:55:35.967   558   571 I chatty  : uid=1000(system) android.bg expire 3 lines
02-21 06:15:02.714   558   575 I chatty  : uid=1000(system) batterystats-sy expire 8 lines
02-21 06:15:44.505   558   590 I chatty  : uid=1000(system) AlarmManager expire 4 lines
02-21 06:15:48.570   558   579 I chatty  : uid=1000(system) android.display expire 49 lines
02-21 06:15:55.038   558   558 I chatty  : uid=1000 system_server expire 1 line
02-21 06:15:55.059   558  1212 I chatty  : uid=1000(system) Binder:558_C expire 1 line
02-21 06:22:00.017   558   572 I chatty  : uid=1000(system) ActivityManager expire 3 lines
02-21 06:47:43.416   558   579 I chatty  : uid=1000(system) android.display expire 53 lines
02-21 06:59:35.898   558   571 I chatty  : uid=1000(system) android.bg expire 2 lines
02-21 07:00:00.006   558   558 I chatty  : uid=1000 system_server expire 7 lines
02-21 07:15:02.742   558   575 I chatty  : uid=1000(system) batterystats-sy expire 8 lines
02-21 07:23:00.193   558   571 I chatty  : uid=1000(system) android.bg expire 2 lines
02-21 07:23:39.921   558   579 I chatty  : uid=1000(system) android.display expire 48 lines
02-21 07:52:15.299   558   861 I chatty  : uid=1000(system) Binder:558_5 expire 2 lines
02-21 07:52:15.307   558   558 I chatty  : uid=1000 system_server expire 4 lines
02-21 07:52:15.616   558  1137 I chatty  : uid=1000(system) Binder:558_6 expire 1 line
02-21 07:52:15.815  9784  9999 W ContextImpl: Calling a method in the system process without a qualified user: android.app.ContextImpl.sendBroadcast:905 android.content.ContextWrapper.sendBroadcast:421 <bottom of call stack> <bottom of call stack> <bottom of call stack> 
02-21 07:52:16.099   558   581 I chatty  : uid=1000(system) PowerManagerSer expire 1 line
02-21 07:52:16.111   558   579 I chatty  : uid=1000(system) android.display expire 1 line
02-21 07:55:35.872   558   572 I chatty  : uid=1000(system) ActivityManager expire 3 lines
02-21 07:55:39.380   558  1214 I chatty  : uid=1000(system) Binder:558_E expire 1 line
02-21 07:55:42.883   558   569 I chatty  : uid=1000(system) Binder:558_1 expire 2 lines
02-21 07:55:46.385   558  1199 I chatty  : uid=1000(system) Binder:558_B expire 3 lines
02-21 07:55:49.889   558  1137 I chatty  : uid=1000(system) Binder:558_6 expire 4 lines
02-21 07:55:53.393   558  1174 I chatty  : uid=1000(system) Binder:558_9 expire 5 lines
02-21 07:55:56.893   558   807 I chatty  : uid=1000(system) Binder:558_4 expire 6 lines
02-21 08:05:18.271   558   571 I chatty  : uid=1000(system) android.bg expire 2 lines
02-21 08:07:35.875   558   558 I chatty  : uid=1000 system_server expire 3 lines
02-21 08:07:36.330   558  1214 I chatty  : uid=1000(system) Binder:558_E expire 2 lines
02-21 08:07:39.833   558  1138 I chatty  : uid=1000(system) Binder:558_7 expire 5 lines
02-21 08:07:46.837   558  1784 I chatty  : uid=1000(system) Binder:558_F expire 2 lines
