02-20 18:11:25.578 23770 23770 W ContextImpl: Calling a method in the system process without a qualified user: android.app.ContextImpl.sendBroadcast:905 android.content.ContextWrapper.sendBroadcast:421 com.lge.tr069c.model.device.deviceInfo.AdditionalDeviceInfoImp.NetflixESNInit:303 com.lge.tr069c.model.device.deviceInfo.AdditionalDeviceInfoImp.initialize:147 com.lge.tr069c.model.device.DeviceInfoImp.addAdditionalDeviceInfo:260 
02-20 18:11:25.881   566   587 I chatty  : uid=1000(system) android.io expire 2 lines
02-20 18:11:29.917   566   566 I chatty  : uid=1000 system_server expire 36 lines
02-20 18:11:35.039   566  2459 I chatty  : uid=1000(system) Binder:566_B expire 4 lines
02-20 18:14:25.764   566   577 I chatty  : uid=1000(system) Binder:566_1 expire 2 lines
02-20 18:14:26.385   566  1172 I chatty  : uid=1000(system) Binder:566_7 expire 4 lines
02-20 18:14:27.205  1098  1634 W ContextImpl: Calling a method in the system process without a qualified user: android.app.ContextImpl.sendBroadcast:905 android.content.ContextWrapper.sendBroadcast:421 <bottom of call stack> <bottom of call stack> <bottom of call stack> 
02-20 18:14:27.531  1098  1634 W ContextImpl: Calling a method in the system process without a qualified user: android.app.ContextImpl.sendBroadcast:905 android.content.ContextWrapper.sendBroadcast:421 <bottom of call stack> <bottom of call stack> <bottom of call stack> 
02-20 18:14:27.729  1098  1634 W ContextImpl: Calling a method in the system process without a qualified user: android.app.ContextImpl.sendBroadcast:905 android.content.ContextWrapper.sendBroadcast:421 <bottom of call stack> <bottom of call stack> <bottom of call stack> 
02-20 18:14:28.108  1098  1098 W ViewRootImpl[IFSNativeActivityImpl]: Dropping event due to no window focus: KeyEvent { action=ACTION_DOWN, keyCode=KEYCODE_F11, scanCode=0, metaState=0, flags=0x0, repeatCount=0, eventTime=32280007, downTime=32280007, deviceId=-1, source=0x0 }
02-20 18:14:28.109   566   607 I chatty  : uid=1000(system) InputDispatcher expire 8 lines
02-20 18:14:28.115   566   858 I chatty  : uid=1000(system) Binder:566_4 expire 2 lines
02-20 18:14:28.116  1098  1098 W ViewRootImpl[IFSNativeActivityImpl]: Cancelling event due to no window focus: KeyEvent { action=ACTION_UP, keyCode=KEYCODE_F11, scanCode=0, metaState=0, flags=0x20, repeatCount=0, eventTime=32280309, downTime=32280309, deviceId=-1, source=0x0 }
02-20 18:14:28.291   566   588 I chatty  : uid=1000(system) android.display expire 1 line
02-20 18:14:30.307  1098  1634 W ContextImpl: Calling a method in the system process without a qualified user: android.app.ContextImpl.sendBroadcast:905 android.content.ContextWrapper.sendBroadcast:421 <bottom of call stack> <bottom of call stack> <bottom of call stack> 
02-20 18:14:30.714   566   566 I chatty  : uid=1000 system_server expire 44 lines
02-20 18:16:28.057   566   583 I chatty  : uid=1000(system) batterystats-sy expire 4 lines
02-20 18:17:09.946   566   589 I chatty  : uid=1000(system) CpuTracker expire 1 line
02-20 18:17:26.098   566  7979 I chatty  : uid=1000(system) Binder:566_11 expire 7 lines
02-20 18:18:02.729   566   566 I chatty  : uid=1000 system_server expire 189 lines
02-20 18:19:36.549   566  1144 I chatty  : uid=1000(system) Binder:566_5 expire 1 line
02-20 18:19:44.828   566   578 I chatty  : uid=1000(system) Binder:566_2 expire 1 line
02-20 18:21:27.440   566   599 I chatty  : uid=1000(system) AlarmManager expire 1 line
02-20 18:21:43.887   566   579 I chatty  : uid=1000(system) android.bg expire 2 lines
02-20 18:21:58.936   566  2500 I chatty  : uid=1000(system) Binder:566_C expire 1 line
02-20 18:22:27.560   566   580 I chatty  : uid=1000(system) ActivityManager expire 1 line
02-20 18:22:27.598   566   589 I chatty  : uid=1000(system) CpuTracker expire 1 line
02-20 18:24:05.357   566   577 I chatty  : uid=1000(system) Binder:566_1 expire 2 lines
02-20 18:24:09.611   566  1172 I chatty  : uid=1000(system) Binder:566_7 expire 2 lines
02-20 18:24:13.489   566  1174 I chatty  : uid=1000(system) Binder:566_8 expire 1 line
02-20 18:26:20.087   566   858 I chatty  : uid=1000(system) Binder:566_4 expire 1 line
02-20 18:26:28.273   566   691 I chatty  : uid=1000(system) Binder:566_3 expire 1 line
02-20 18:33:03.219   566  3370 I chatty  : uid=1000(system) Binder:566_D expire 1 line
02-20 18:33:07.405   566 23805 I chatty  : uid=1000(system) Binder:566_10 expire 1 line
02-20 18:33:11.359   566  1145 I chatty  : uid=1000(system) Binder:566_6 expire 1 line
02-20 18:33:49.926   566   566 I chatty  : uid=1000 system_server expire 180 lines
02-20 18:35:17.704   566  1204 I chatty  : uid=1000(system) Binder:566_A expire 1 line
02-20 18:35:21.782   566  1201 I chatty  : uid=1000(system) Binder:566_9 expire 6 lines
02-20 18:35:25.871   566  3371 I chatty  : uid=1000(system) Binder:566_E expire 3 lines
02-20 18:37:32.340   566  3370 I chatty  : uid=1000(system) Binder:566_D expire 2 lines
02-20 18:37:36.379   566   578 I chatty  : uid=1000(system) Binder:566_2 expire 2 lines
02-20 18:39:51.067   566  1174 I chatty  : uid=1000(system) Binder:566_8 expire 1 line
02-20 18:39:55.211   566   858 I chatty  : uid=1000(system) Binder:566_4 expire 1 line
02-20 18:42:01.385   566 23805 I chatty  : uid=1000(system) Binder:566_10 expire 2 lines
02-20 18:42:05.459   566  3446 I chatty  : uid=1000(system) Binder:566_F expire 2 lines
02-20 18:44:24.133   566  2500 I chatty  : uid=1000(system) Binder:566_C expire 1 line
02-20 18:46:28.075   566   583 I chatty  : uid=1000(system) batterystats-sy expire 4 lines
02-20 18:46:30.518   566   577 I chatty  : uid=1000(system) Binder:566_1 expire 1 line
02-20 18:46:38.618   566   691 I chatty  : uid=1000(system) Binder:566_3 expire 1 line
02-20 18:47:41.127   566   589 I chatty  : uid=1000(system) CpuTracker expire 10 lines
02-20 18:48:47.199   566   566 I chatty  : uid=1000 system_server expire 178 lines
02-20 18:48:48.722   566   577 I chatty  : uid=1000(system) Binder:566_1 expire 1 line
02-20 18:48:53.125   566  2459 I chatty  : uid=1000(system) Binder:566_B expire 1 line
02-20 18:50:59.286   566  1204 I chatty  : uid=1000(system) Binder:566_A expire 1 line
02-20 18:51:03.579   566   691 I chatty  : uid=1000(system) Binder:566_3 expire 2 lines
02-20 18:51:07.784   566  7979 I chatty  : uid=1000(system) Binder:566_11 expire 1 line
02-20 18:52:30.575   566   580 I chatty  : uid=1000(system) ActivityManager expire 1 line
02-20 18:53:14.174   566  2500 I chatty  : uid=1000(system) Binder:566_C expire 2 lines
02-20 18:53:18.423   566   858 I chatty  : uid=1000(system) Binder:566_4 expire 2 lines
02-20 18:53:22.634   566  3371 I chatty  : uid=1000(system) Binder:566_E expire 3 lines
02-20 18:55:32.646   566  3446 I chatty  : uid=1000(system) Binder:566_F expire 2 lines
02-20 18:57:43.255   566  1172 I chatty  : uid=1000(system) Binder:566_7 expire 1 line
02-20 19:00:01.854   566 23805 I chatty  : uid=1000(system) Binder:566_10 expire 1 line
02-20 19:00:05.812   566  3370 I chatty  : uid=1000(system) Binder:566_D expire 2 lines
02-20 19:02:16.324   566  1174 I chatty  : uid=1000(system) Binder:566_8 expire 1 line
02-20 19:02:21.622   566   599 I chatty  : uid=1000(system) AlarmManager expire 1 line
02-20 19:03:35.170   566   566 I chatty  : uid=1000 system_server expire 182 lines
02-20 19:04:26.791   566  1172 I chatty  : uid=1000(system) Binder:566_7 expire 4 lines
02-20 19:04:30.917   566 23805 I chatty  : uid=1000(system) Binder:566_10 expire 4 lines
02-20 19:04:34.897   566  1201 I chatty  : uid=1000(system) Binder:566_9 expire 2 lines
02-20 19:06:41.283   566  2459 I chatty  : uid=1000(system) Binder:566_B expire 1 line
02-20 19:06:49.397   566  1174 I chatty  : uid=1000(system) Binder:566_8 expire 1 line
02-20 19:08:55.727   566  3371 I chatty  : uid=1000(system) Binder:566_E expire 1 line
02-20 19:09:03.705   566   577 I chatty  : uid=1000(system) Binder:566_1 expire 2 lines
02-20 19:11:09.867   566  2500 I chatty  : uid=1000(system) Binder:566_C expire 3 lines
02-20 19:13:32.619   566   578 I chatty  : uid=1000(system) Binder:566_2 expire 1 line
02-20 19:15:38.706   566  3370 I chatty  : uid=1000(system) Binder:566_D expire 1 line
02-20 19:16:28.086   566   583 I chatty  : uid=1000(system) batterystats-sy expire 4 lines
02-20 19:17:11.158   566   589 I chatty  : uid=1000(system) CpuTracker expire 4 lines
02-20 19:18:01.324   566  1144 I chatty  : uid=1000(system) Binder:566_5 expire 3 lines
02-20 19:18:43.352   566   566 I chatty  : uid=1000 system_server expire 180 lines
02-20 19:19:23.832   566   589 I chatty  : uid=1000(system) CpuTracker expire 10 lines
02-20 19:20:07.406   566  3370 I chatty  : uid=1000(system) Binder:566_D expire 2 lines
02-20 19:20:11.575   566   578 I chatty  : uid=1000(system) Binder:566_2 expire 2 lines
02-20 19:22:21.941   566   691 I chatty  : uid=1000(system) Binder:566_3 expire 3 lines
02-20 19:22:35.474   566   580 I chatty  : uid=1000(system) ActivityManager expire 1 line
02-20 19:24:40.283   566  3446 I chatty  : uid=1000(system) Binder:566_F expire 1 line
02-20 19:24:44.474   566  1174 I chatty  : uid=1000(system) Binder:566_8 expire 1 line
02-20 19:26:54.698   566  2500 I chatty  : uid=1000(system) Binder:566_C expire 2 lines
02-20 19:26:59.498   566   577 I chatty  : uid=1000(system) Binder:566_1 expire 1 line
02-20 19:29:05.049   566   858 I chatty  : uid=1000(system) Binder:566_4 expire 2 lines
02-20 19:29:09.405   566  1201 I chatty  : uid=1000(system) Binder:566_9 expire 1 line
02-20 19:29:13.379   566  1145 I chatty  : uid=1000(system) Binder:566_6 expire 1 line
02-20 19:31:19.965   566  3371 I chatty  : uid=1000(system) Binder:566_E expire 2 lines
02-20 19:33:40.258   566   566 I chatty  : uid=1000 system_server expire 184 lines
02-20 19:33:42.601   566  1144 I chatty  : uid=1000(system) Binder:566_5 expire 3 lines
02-20 19:35:48.727   566 23805 I chatty  : uid=1000(system) Binder:566_10 expire 4 lines
02-20 19:35:52.995   566  3370 I chatty  : uid=1000(system) Binder:566_D expire 1 line
02-20 19:38:07.726   566   691 I chatty  : uid=1000(system) Binder:566_3 expire 2 lines
02-20 19:38:11.920   566  2459 I chatty  : uid=1000(system) Binder:566_B expire 1 line
02-20 19:40:18.448   566  7979 I chatty  : uid=1000(system) Binder:566_11 expire 1 line
02-20 19:40:26.659   566   578 I chatty  : uid=1000(system) Binder:566_2 expire 3 lines
02-20 19:42:37.118   566   858 I chatty  : uid=1000(system) Binder:566_4 expire 1 line
02-20 19:44:55.455   566  1201 I chatty  : uid=1000(system) Binder:566_9 expire 2 lines
02-20 19:45:29.950   566   599 I chatty  : uid=1000(system) AlarmManager expire 1 line
02-20 19:46:28.075   566   583 I chatty  : uid=1000(system) batterystats-sy expire 4 lines
02-20 19:47:09.659   566  1174 I chatty  : uid=1000(system) Binder:566_8 expire 1 line
02-20 19:48:40.392   566   589 I chatty  : uid=1000(system) CpuTracker expire 15 lines
02-20 19:48:47.177   566   566 I chatty  : uid=1000 system_server expire 171 lines
02-20 19:49:15.626   566   691 I chatty  : uid=1000(system) Binder:566_3 expire 5 lines
02-20 19:49:19.839   566   577 I chatty  : uid=1000(system) Binder:566_1 expire 3 lines
02-20 19:51:30.466   566  3370 I chatty  : uid=1000(system) Binder:566_D expire 3 lines
02-20 19:51:34.479   566  3371 I chatty  : uid=1000(system) Binder:566_E expire 2 lines
02-20 19:52:40.391   566   580 I chatty  : uid=1000(system) ActivityManager expire 1 line
02-20 19:53:49.054   566  2459 I chatty  : uid=1000(system) Binder:566_B expire 2 lines
02-20 19:53:53.159   566   578 I chatty  : uid=1000(system) Binder:566_2 expire 1 line
02-20 19:55:59.230   566  3446 I chatty  : uid=1000(system) Binder:566_F expire 2 lines
02-20 19:56:03.448   566  1201 I chatty  : uid=1000(system) Binder:566_9 expire 1 line
02-20 19:56:07.463   566  1172 I chatty  : uid=1000(system) Binder:566_7 expire 1 line
02-20 19:58:14.012   566  1174 I chatty  : uid=1000(system) Binder:566_8 expire 2 lines
02-20 20:00:22.012   566  1145 I chatty  : uid=1000(system) Binder:566_6 expire 1 line
02-20 20:00:32.872   566  2500 I chatty  : uid=1000(system) Binder:566_C expire 2 lines
02-20 20:02:54.441   566   566 I chatty  : uid=1000 system_server expire 184 lines
02-20 20:05:02.145   566   858 I chatty  : uid=1000(system) Binder:566_4 expire 4 lines
02-20 20:05:06.233   566  3370 I chatty  : uid=1000(system) Binder:566_D expire 2 lines
02-20 20:07:12.733   566 23805 I chatty  : uid=1000(system) Binder:566_10 expire 3 lines
02-20 20:07:16.579   566  1144 I chatty  : uid=1000(system) Binder:566_5 expire 2 lines
02-20 20:09:31.091   566  1201 I chatty  : uid=1000(system) Binder:566_9 expire 1 line
02-20 20:09:35.332   566  2459 I chatty  : uid=1000(system) Binder:566_B expire 2 lines
02-20 20:14:04.068   566  1172 I chatty  : uid=1000(system) Binder:566_7 expire 1 line
02-20 20:16:14.891   566   578 I chatty  : uid=1000(system) Binder:566_2 expire 1 line
02-20 20:16:18.923   566  1145 I chatty  : uid=1000(system) Binder:566_6 expire 1 line
02-20 20:16:28.099   566   583 I chatty  : uid=1000(system) batterystats-sy expire 4 lines
02-20 20:16:41.586   566   589 I chatty  : uid=1000(system) CpuTracker expire 10 lines
02-20 20:18:11.867   566   566 I chatty  : uid=1000 system_server expire 183 lines
02-20 20:18:25.597   566  3370 I chatty  : uid=1000(system) Binder:566_D expire 1 line
02-20 20:18:29.871   566  1172 I chatty  : uid=1000(system) Binder:566_7 expire 1 line
02-20 20:18:34.067   566  2500 I chatty  : uid=1000(system) Binder:566_C expire 2 lines
02-20 20:20:20.195   566   579 I chatty  : uid=1000(system) android.bg expire 1 line
02-20 20:20:40.266   566  2459 I chatty  : uid=1000(system) Binder:566_B expire 3 lines
02-20 20:22:40.577   566   580 I chatty  : uid=1000(system) ActivityManager expire 1 line
02-20 20:22:54.696   566  3371 I chatty  : uid=1000(system) Binder:566_E expire 1 line
02-20 20:22:58.759   566  1204 I chatty  : uid=1000(system) Binder:566_A expire 2 lines
02-20 20:24:04.187   566   599 I chatty  : uid=1000(system) AlarmManager expire 1 line
02-20 20:25:09.293   566   858 I chatty  : uid=1000(system) Binder:566_4 expire 2 lines
02-20 20:25:17.399   566  7979 I chatty  : uid=1000(system) Binder:566_11 expire 2 lines
02-20 20:29:45.904   566  3446 I chatty  : uid=1000(system) Binder:566_F expire 2 lines
02-20 20:31:52.826   566   577 I chatty  : uid=1000(system) Binder:566_1 expire 2 lines
02-20 20:33:28.690   566   566 I chatty  : uid=1000 system_server expire 176 lines
02-20 20:34:07.229   566   578 I chatty  : uid=1000(system) Binder:566_2 expire 3 lines
02-20 20:34:15.424   566   691 I chatty  : uid=1000(system) Binder:566_3 expire 3 lines
02-20 20:36:21.640   566  1144 I chatty  : uid=1000(system) Binder:566_5 expire 2 lines
02-20 20:36:26.000   566 23805 I chatty  : uid=1000(system) Binder:566_10 expire 1 line
02-20 20:36:30.017   566  2500 I chatty  : uid=1000(system) Binder:566_C expire 2 lines
02-20 20:38:36.203   566  1174 I chatty  : uid=1000(system) Binder:566_8 expire 3 lines
02-20 20:40:55.066   566   858 I chatty  : uid=1000(system) Binder:566_4 expire 1 line
02-20 20:41:17.498   566  7979 I chatty  : uid=1000(system) Binder:566_11 expire 5 lines
02-20 20:43:09.204   566  3370 I chatty  : uid=1000(system) Binder:566_D expire 1 line
02-20 20:43:13.163   566  1201 I chatty  : uid=1000(system) Binder:566_9 expire 1 line
02-20 20:45:19.457   566  2459 I chatty  : uid=1000(system) Binder:566_B expire 2 lines
02-20 20:46:28.101   566   583 I chatty  : uid=1000(system) batterystats-sy expire 4 lines
02-20 20:47:42.631   566   589 I chatty  : uid=1000(system) CpuTracker expire 2 lines
02-20 20:48:06.227   566   566 I chatty  : uid=1000 system_server expire 177 lines
02-20 20:49:48.476   566   691 I chatty  : uid=1000(system) Binder:566_3 expire 3 lines
02-20 20:49:52.544   566  2459 I chatty  : uid=1000(system) Binder:566_B expire 3 lines
02-20 20:49:56.714   566  2500 I chatty  : uid=1000(system) Binder:566_C expire 1 line
02-20 20:52:03.046   566  1201 I chatty  : uid=1000(system) Binder:566_9 expire 1 line
02-20 20:52:07.028   566  1144 I chatty  : uid=1000(system) Binder:566_5 expire 2 lines
02-20 20:53:00.015   566   580 I chatty  : uid=1000(system) ActivityManager expire 1 line
02-20 20:54:21.486   566  3370 I chatty  : uid=1000(system) Binder:566_D expire 11 lines
02-20 20:54:25.949   566   858 I chatty  : uid=1000(system) Binder:566_4 expire 1 line
02-20 20:56:32.287   566   578 I chatty  : uid=1000(system) Binder:566_2 expire 1 line
02-20 20:58:47.304   566 23805 I chatty  : uid=1000(system) Binder:566_10 expire 2 lines
02-20 20:58:51.440   566  1172 I chatty  : uid=1000(system) Binder:566_7 expire 1 line
02-20 20:58:55.692   566  1204 I chatty  : uid=1000(system) Binder:566_A expire 1 line
02-20 21:01:10.644   566   577 I chatty  : uid=1000(system) Binder:566_1 expire 1 line
02-20 21:02:31.466   566  1174 I chatty  : uid=1000(system) Binder:566_8 expire 3 lines
02-20 21:02:44.318   566   566 I chatty  : uid=1000 system_server expire 178 lines
02-20 21:03:00.643   566  3371 I chatty  : uid=1000(system) Binder:566_E expire 2 lines
02-20 21:03:17.113   566  1144 I chatty  : uid=1000(system) Binder:566_5 expire 2 lines
02-20 21:03:21.239   566  1145 I chatty  : uid=1000(system) Binder:566_6 expire 1 line
02-20 21:03:25.193   566  7979 I chatty  : uid=1000(system) Binder:566_11 expire 1 line
02-20 21:05:31.786   566 23805 I chatty  : uid=1000(system) Binder:566_10 expire 2 lines
02-20 21:05:35.885   566   858 I chatty  : uid=1000(system) Binder:566_4 expire 2 lines
02-20 21:06:01.278   566   599 I chatty  : uid=1000(system) AlarmManager expire 2 lines
02-20 21:07:46.388   566  1201 I chatty  : uid=1000(system) Binder:566_9 expire 1 line
02-20 21:07:50.375   566  2459 I chatty  : uid=1000(system) Binder:566_B expire 1 line
02-20 21:10:01.136   566  1204 I chatty  : uid=1000(system) Binder:566_A expire 2 lines
02-20 21:12:15.306   566   577 I chatty  : uid=1000(system) Binder:566_1 expire 1 line
02-20 21:12:19.499   566   578 I chatty  : uid=1000(system) Binder:566_2 expire 2 lines
02-20 21:12:23.464   566   691 I chatty  : uid=1000(system) Binder:566_3 expire 3 lines
02-20 21:16:28.166   566   583 I chatty  : uid=1000(system) batterystats-sy expire 4 lines
02-20 21:16:44.376   566  1172 I chatty  : uid=1000(system) Binder:566_7 expire 1 line
02-20 21:17:10.080   566   589 I chatty  : uid=1000(system) CpuTracker expire 2 lines
02-20 21:17:27.878   566   599 I chatty  : uid=1000(system) AlarmManager expire 6 lines
02-20 21:17:27.923   566   566 I chatty  : uid=1000 system_server expire 12 lines
02-20 21:17:33.002   566  1051 I chatty  : uid=1000(system) backup expire 1 line
02-20 21:17:35.037   566 23805 I chatty  : uid=1000(system) Binder:566_10 expire 6 lines
02-20 21:17:35.068   566  7979 I chatty  : uid=1000(system) Binder:566_11 expire 5 lines
02-20 21:17:36.257   566   595 I chatty  : uid=1000(system) PackageManager expire 8 lines
02-20 21:17:37.247   566  2459 I chatty  : uid=1000(system) Binder:566_B expire 4 lines
02-20 21:17:37.752   566  3446 I chatty  : uid=1000(system) Binder:566_F expire 9 lines
02-20 21:17:37.753   566  1174 I chatty  : uid=1000(system) Binder:566_8 expire 3 lines
02-20 21:17:37.755   566  2500 I chatty  : uid=1000(system) Binder:566_C expire 6 lines
02-20 21:17:37.769   566  1201 I chatty  : uid=1000(system) Binder:566_9 expire 22 lines
02-20 21:17:37.891   566   637 I chatty  : uid=1000(system) ConnectivitySer expire 4 lines
02-20 21:17:38.847   566   580 I chatty  : uid=1000(system) ActivityManager expire 15 lines
02-20 21:17:46.433  3627  3627 W ContextImpl: Calling a method in the system process without a qualified user: android.app.ContextImpl.startService:1385 android.content.ContextWrapper.startService:613 com.lge.tr069c.acse.modus.TRService.onCreate:83 android.app.ActivityThread.handleCreateService:3162 android.app.ActivityThread.-wrap5:-1 
02-20 21:17:46.566  3627  3627 W ContextImpl: Calling a method in the system process without a qualified user: android.app.ContextImpl.bindService:1449 android.content.ContextWrapper.bindService:636 com.lge.tr069c.model.TvControlClient.connect:94 com.lge.tr069c.model.TvControlClient.onCreate:75 android.app.ActivityThread.handleCreateService:3162 
02-20 21:17:52.382   566  3370 I chatty  : uid=1000(system) Binder:566_D expire 7 lines
02-20 21:17:52.648   566  1204 I chatty  : uid=1000(system) Binder:566_A expire 2 lines
02-20 21:17:53.567   566   566 I chatty  : uid=1000 system_server expire 49 lines
02-20 21:17:55.614  3627  3627 W ContextImpl: Calling a method in the system process without a qualified user: android.app.ContextImpl.sendBroadcast:905 android.content.ContextWrapper.sendBroadcast:421 com.lge.tr069c.model.device.deviceInfo.AdditionalDeviceInfoImp.NetflixESNInit:303 com.lge.tr069c.model.device.deviceInfo.AdditionalDeviceInfoImp.initialize:147 com.lge.tr069c.model.device.DeviceInfoImp.addAdditionalDeviceInfo:260 
02-20 21:17:56.717   566   577 I chatty  : uid=1000(system) Binder:566_1 expire 4 lines
02-20 21:17:57.954   566   580 I chatty  : uid=1000(system) ActivityManager expire 22 lines
02-20 21:17:59.272   566   587 I chatty  : uid=1000(system) android.io expire 2 lines
02-20 21:18:05.563   566   578 I chatty  : uid=1000(system) Binder:566_2 expire 12 lines
02-20 21:18:12.447   566  1144 I chatty  : uid=1000(system) Binder:566_5 expire 7 lines
02-20 21:18:28.161   566   858 I chatty  : uid=1000(system) Binder:566_4 expire 4 lines
02-20 21:20:15.810   566   566 I chatty  : uid=1000 system_server expire 180 lines
02-20 21:21:14.039   566  1172 I chatty  : uid=1000(system) Binder:566_7 expire 1 line
02-20 21:21:18.204   566  3446 I chatty  : uid=1000(system) Binder:566_F expire 1 line
02-20 21:21:22.079   566  1204 I chatty  : uid=1000(system) Binder:566_A expire 1 line
02-20 21:22:30.283   566   579 I chatty  : uid=1000(system) android.bg expire 2 lines
02-20 21:23:00.077   566   580 I chatty  : uid=1000(system) ActivityManager expire 1 line
02-20 21:23:33.676   566  3371 I chatty  : uid=1000(system) Binder:566_E expire 1 line
02-20 21:23:38.174   566  2459 I chatty  : uid=1000(system) Binder:566_B expire 2 lines
02-20 21:25:46.962   566   577 I chatty  : uid=1000(system) Binder:566_1 expire 2 lines
02-20 21:25:51.086   566  1174 I chatty  : uid=1000(system) Binder:566_8 expire 2 lines
02-20 21:27:57.645   566   578 I chatty  : uid=1000(system) Binder:566_2 expire 1 line
02-20 21:28:01.606   566  2500 I chatty  : uid=1000(system) Binder:566_C expire 2 lines
02-20 21:28:05.860   566  1145 I chatty  : uid=1000(system) Binder:566_6 expire 1 line
02-20 21:30:16.344   566  1144 I chatty  : uid=1000(system) Binder:566_5 expire 1 line
02-20 21:30:20.176   566  1201 I chatty  : uid=1000(system) Binder:566_9 expire 1 line
02-20 21:32:34.600   566  7979 I chatty  : uid=1000(system) Binder:566_11 expire 1 line
02-20 21:34:41.202   566  3370 I chatty  : uid=1000(system) Binder:566_D expire 1 line
02-20 21:34:49.547   566   691 I chatty  : uid=1000(system) Binder:566_3 expire 4 lines
02-20 21:35:13.862   566   566 I chatty  : uid=1000 system_server expire 181 lines
02-20 21:36:55.336   566  2459 I chatty  : uid=1000(system) Binder:566_B expire 1 line
02-20 21:36:59.339   566  7979 I chatty  : uid=1000(system) Binder:566_11 expire 2 lines
02-20 21:37:03.422   566   858 I chatty  : uid=1000(system) Binder:566_4 expire 3 lines
02-20 21:39:13.913   566   577 I chatty  : uid=1000(system) Binder:566_1 expire 1 line
02-20 21:41:24.072   566  1201 I chatty  : uid=1000(system) Binder:566_9 expire 1 line
02-20 21:41:28.159   566   578 I chatty  : uid=1000(system) Binder:566_2 expire 1 line
02-20 21:41:32.106   566  1144 I chatty  : uid=1000(system) Binder:566_5 expire 2 lines
02-20 21:42:38.085   566   579 I chatty  : uid=1000(system) android.bg expire 1 line
02-20 21:43:38.466   566  3446 I chatty  : uid=1000(system) Binder:566_F expire 1 line
02-20 21:45:56.796   566  1204 I chatty  : uid=1000(system) Binder:566_A expire 1 line
02-20 21:46:00.921   566  3370 I chatty  : uid=1000(system) Binder:566_D expire 1 line
02-20 21:46:28.125   566   583 I chatty  : uid=1000(system) batterystats-sy expire 4 lines
02-20 21:48:00.093   566   589 I chatty  : uid=1000(system) CpuTracker expire 1 line
02-20 21:48:07.066   566  1174 I chatty  : uid=1000(system) Binder:566_8 expire 1 line
02-20 21:50:11.438   566   566 I chatty  : uid=1000 system_server expire 183 lines
02-20 21:50:21.585   566 23805 I chatty  : uid=1000(system) Binder:566_10 expire 4 lines
02-20 21:50:25.508   566  1144 I chatty  : uid=1000(system) Binder:566_5 expire 2 lines
02-20 21:50:29.543   566   691 I chatty  : uid=1000(system) Binder:566_3 expire 2 lines
02-20 21:52:39.909   566  1201 I chatty  : uid=1000(system) Binder:566_9 expire 2 lines
02-20 21:53:25.701   566   580 I chatty  : uid=1000(system) ActivityManager expire 1 line
02-20 21:54:50.409   566  3371 I chatty  : uid=1000(system) Binder:566_E expire 1 line
02-20 21:54:54.806   566   858 I chatty  : uid=1000(system) Binder:566_4 expire 2 lines
02-20 21:54:58.746   566  3446 I chatty  : uid=1000(system) Binder:566_F expire 1 line
02-20 21:57:09.170   566  7979 I chatty  : uid=1000(system) Binder:566_11 expire 1 line
02-20 21:57:13.184   566   578 I chatty  : uid=1000(system) Binder:566_2 expire 1 line
02-20 21:59:23.463   566  1172 I chatty  : uid=1000(system) Binder:566_7 expire 1 line
02-20 21:59:27.438   566  1204 I chatty  : uid=1000(system) Binder:566_A expire 1 line
02-20 22:00:35.793   566   599 I chatty  : uid=1000(system) AlarmManager expire 1 line
02-20 22:01:37.573   566  2500 I chatty  : uid=1000(system) Binder:566_C expire 1 line
02-20 22:01:41.593   566   577 I chatty  : uid=1000(system) Binder:566_1 expire 1 line
02-20 22:03:47.665   566  3370 I chatty  : uid=1000(system) Binder:566_D expire 3 lines
02-20 22:04:58.581   566   566 I chatty  : uid=1000 system_server expire 181 lines
02-20 22:06:02.043   566  1145 I chatty  : uid=1000(system) Binder:566_6 expire 2 lines
02-20 22:06:06.183   566   578 I chatty  : uid=1000(system) Binder:566_2 expire 2 lines
02-20 22:06:10.326   566  3371 I chatty  : uid=1000(system) Binder:566_E expire 1 line
02-20 22:08:16.813   566  2459 I chatty  : uid=1000(system) Binder:566_B expire 2 lines
02-20 22:08:21.225   566  1174 I chatty  : uid=1000(system) Binder:566_8 expire 5 lines
02-20 22:08:25.099   566  1204 I chatty  : uid=1000(system) Binder:566_A expire 2 lines
02-20 22:10:35.941   566  3446 I chatty  : uid=1000(system) Binder:566_F expire 1 line
02-20 22:12:50.773   566  7979 I chatty  : uid=1000(system) Binder:566_11 expire 1 line
02-20 22:15:09.574   566   577 I chatty  : uid=1000(system) Binder:566_1 expire 1 line
02-20 22:16:28.131   566   583 I chatty  : uid=1000(system) batterystats-sy expire 4 lines
02-20 22:17:23.858   566  1144 I chatty  : uid=1000(system) Binder:566_5 expire 1 line
02-20 22:18:00.044   566   589 I chatty  : uid=1000(system) CpuTracker expire 1 line
02-20 22:19:38.233   566  1172 I chatty  : uid=1000(system) Binder:566_7 expire 2 lines
02-20 22:19:56.453   566   566 I chatty  : uid=1000 system_server expire 190 lines
02-20 22:20:00.066   566   589 I chatty  : uid=1000(system) CpuTracker expire 3 lines
02-20 22:21:44.771   566  1204 I chatty  : uid=1000(system) Binder:566_A expire 1 line
02-20 22:21:48.863   566  1145 I chatty  : uid=1000(system) Binder:566_6 expire 2 lines
02-20 22:23:59.181   566  3446 I chatty  : uid=1000(system) Binder:566_F expire 2 lines
02-20 22:24:00.030   566   580 I chatty  : uid=1000(system) ActivityManager expire 1 line
02-20 22:24:03.072   566  7979 I chatty  : uid=1000(system) Binder:566_11 expire 2 lines
02-20 22:24:07.223   566   577 I chatty  : uid=1000(system) Binder:566_1 expire 1 line
02-20 22:26:17.637   566  2459 I chatty  : uid=1000(system) Binder:566_B expire 2 lines
02-20 22:26:21.767   566   858 I chatty  : uid=1000(system) Binder:566_4 expire 2 lines
02-20 22:28:31.777   566  1174 I chatty  : uid=1000(system) Binder:566_8 expire 1 line
02-20 22:30:42.496   566  1201 I chatty  : uid=1000(system) Binder:566_9 expire 1 line
02-20 22:30:50.693   566   691 I chatty  : uid=1000(system) Binder:566_3 expire 1 line
02-20 22:33:04.797   566 23805 I chatty  : uid=1000(system) Binder:566_10 expire 1 line
02-20 22:35:10.954   566  1144 I chatty  : uid=1000(system) Binder:566_5 expire 1 line
02-20 22:35:44.219   566   566 I chatty  : uid=1000 system_server expire 178 lines
02-20 22:37:25.639   566   578 I chatty  : uid=1000(system) Binder:566_2 expire 6 lines
02-20 22:37:33.719   566   577 I chatty  : uid=1000(system) Binder:566_1 expire 1 line
02-20 22:39:40.330   566   858 I chatty  : uid=1000(system) Binder:566_4 expire 3 lines
02-20 22:39:44.203   566 23805 I chatty  : uid=1000(system) Binder:566_10 expire 2 lines
02-20 22:41:58.642   566  1172 I chatty  : uid=1000(system) Binder:566_7 expire 1 line
02-20 22:42:02.701   566  1204 I chatty  : uid=1000(system) Binder:566_A expire 1 line
02-20 22:43:24.552   566   599 I chatty  : uid=1000(system) AlarmManager expire 1 line
02-20 22:44:08.903   566  1145 I chatty  : uid=1000(system) Binder:566_6 expire 3 lines
02-20 22:46:23.329   566  7979 I chatty  : uid=1000(system) Binder:566_11 expire 1 line
02-20 22:46:27.324   566  3370 I chatty  : uid=1000(system) Binder:566_D expire 3 lines
02-20 22:46:28.152   566   583 I chatty  : uid=1000(system) batterystats-sy expire 4 lines
02-20 22:47:53.737   566   589 I chatty  : uid=1000(system) CpuTracker expire 2 lines
02-20 22:48:46.011   566  3446 I chatty  : uid=1000(system) Binder:566_F expire 1 line
02-20 22:50:31.889   566   566 I chatty  : uid=1000 system_server expire 181 lines
02-20 22:50:52.738   566  1204 I chatty  : uid=1000(system) Binder:566_A expire 1 line
02-20 22:50:56.667   566 23805 I chatty  : uid=1000(system) Binder:566_10 expire 4 lines
02-20 22:51:00.675   566  2500 I chatty  : uid=1000(system) Binder:566_C expire 3 lines
02-20 22:53:00.080   566   589 I chatty  : uid=1000(system) CpuTracker expire 3 lines
02-20 22:53:07.274   566  1144 I chatty  : uid=1000(system) Binder:566_5 expire 1 line
02-20 22:54:34.706   566   580 I chatty  : uid=1000(system) ActivityManager expire 4 lines
02-20 22:55:21.959   566  7979 I chatty  : uid=1000(system) Binder:566_11 expire 2 lines
02-20 22:55:26.139   566   577 I chatty  : uid=1000(system) Binder:566_1 expire 1 line
02-20 22:57:40.523   566  3371 I chatty  : uid=1000(system) Binder:566_E expire 1 line
02-20 22:59:51.756   566  1201 I chatty  : uid=1000(system) Binder:566_9 expire 2 lines
02-20 22:59:53.350   566   579 I chatty  : uid=1000(system) android.bg expire 1 line
02-20 22:59:55.670   566  1172 I chatty  : uid=1000(system) Binder:566_7 expire 1 line
02-20 22:59:59.906   566  1145 I chatty  : uid=1000(system) Binder:566_6 expire 1 line
02-20 23:02:09.948   566  1174 I chatty  : uid=1000(system) Binder:566_8 expire 1 line
02-20 23:04:24.681   566   691 I chatty  : uid=1000(system) Binder:566_3 expire 4 lines
02-20 23:05:39.869   566   566 I chatty  : uid=1000 system_server expire 180 lines
02-20 23:06:35.298   566  2459 I chatty  : uid=1000(system) Binder:566_B expire 1 line
02-20 23:06:39.458   566  7979 I chatty  : uid=1000(system) Binder:566_11 expire 2 lines
02-20 23:08:30.862   566  3371 I chatty  : uid=1000(system) Binder:566_E expire 1 line
02-20 23:08:49.729   566  1145 I chatty  : uid=1000(system) Binder:566_6 expire 2 lines
02-20 23:08:53.986   566   578 I chatty  : uid=1000(system) Binder:566_2 expire 1 line
02-20 23:08:57.762   566  3370 I chatty  : uid=1000(system) Binder:566_D expire 1 line
02-20 23:11:07.982   566  3446 I chatty  : uid=1000(system) Binder:566_F expire 3 lines
02-20 23:11:12.145   566  1144 I chatty  : uid=1000(system) Binder:566_5 expire 3 lines
02-20 23:13:19.438   566  1204 I chatty  : uid=1000(system) Binder:566_A expire 2 lines
02-20 23:13:27.437   566 23805 I chatty  : uid=1000(system) Binder:566_10 expire 1 line
02-20 23:15:42.206   566  2500 I chatty  : uid=1000(system) Binder:566_C expire 2 lines
02-20 23:16:28.155   566   583 I chatty  : uid=1000(system) batterystats-sy expire 4 lines
02-20 23:17:27.238   566   589 I chatty  : uid=1000(system) CpuTracker expire 1 line
02-20 23:20:08.279   566  1174 I chatty  : uid=1000(system) Binder:566_8 expire 1 line
02-20 23:20:39.927   566   566 I chatty  : uid=1000 system_server expire 185 lines
02-20 23:22:18.526   566 23805 I chatty  : uid=1000(system) Binder:566_10 expire 2 lines
02-20 23:22:22.406   566  7979 I chatty  : uid=1000(system) Binder:566_11 expire 4 lines
02-20 23:22:26.658   566  1204 I chatty  : uid=1000(system) Binder:566_A expire 1 line
02-20 23:24:33.510   566  3446 I chatty  : uid=1000(system) Binder:566_F expire 2 lines
02-20 23:24:36.830   566   580 I chatty  : uid=1000(system) ActivityManager expire 1 line
02-20 23:24:41.665   566  1144 I chatty  : uid=1000(system) Binder:566_5 expire 2 lines
02-20 23:25:00.040   566   589 I chatty  : uid=1000(system) CpuTracker expire 1 line
02-20 23:25:16.220   566   599 I chatty  : uid=1000(system) AlarmManager expire 1 line
02-20 23:26:52.307   566  3370 I chatty  : uid=1000(system) Binder:566_D expire 2 lines
02-20 23:26:56.349   566  2459 I chatty  : uid=1000(system) Binder:566_B expire 2 lines
02-20 23:28:26.981   566   579 I chatty  : uid=1000(system) android.bg expire 1 line
02-20 23:29:02.766   566   691 I chatty  : uid=1000(system) Binder:566_3 expire 1 line
02-20 23:31:21.350   566  1145 I chatty  : uid=1000(system) Binder:566_6 expire 1 line
02-20 23:33:39.850   566   577 I chatty  : uid=1000(system) Binder:566_1 expire 1 line
02-20 23:35:37.836   566   566 I chatty  : uid=1000 system_server expire 180 lines
02-20 23:35:46.521   566  2500 I chatty  : uid=1000(system) Binder:566_C expire 1 line
02-20 23:35:50.635   566  3446 I chatty  : uid=1000(system) Binder:566_F expire 3 lines
02-20 23:35:54.823   566  7979 I chatty  : uid=1000(system) Binder:566_11 expire 1 line
02-20 23:38:00.937   566  1174 I chatty  : uid=1000(system) Binder:566_8 expire 1 line
02-20 23:38:04.804   566  3371 I chatty  : uid=1000(system) Binder:566_E expire 1 line
02-20 23:38:09.187   566 23805 I chatty  : uid=1000(system) Binder:566_10 expire 4 lines
02-20 23:40:15.248   566  1172 I chatty  : uid=1000(system) Binder:566_7 expire 1 line
02-20 23:40:19.472   566   691 I chatty  : uid=1000(system) Binder:566_3 expire 1 line
02-20 23:40:24.266   566   578 I chatty  : uid=1000(system) Binder:566_2 expire 2 lines
02-20 23:42:29.781   566  1145 I chatty  : uid=1000(system) Binder:566_6 expire 3 lines
02-20 23:42:37.641   566  3370 I chatty  : uid=1000(system) Binder:566_D expire 1 line
02-20 23:44:48.185   566  2459 I chatty  : uid=1000(system) Binder:566_B expire 1 line
02-20 23:46:28.201   566   589 I chatty  : uid=1000(system) CpuTracker expire 2 lines
02-20 23:46:28.232   566   583 I chatty  : uid=1000(system) batterystats-sy expire 4 lines
02-20 23:47:06.539   566  1201 I chatty  : uid=1000(system) Binder:566_9 expire 1 line
02-20 23:50:35.562   566   566 I chatty  : uid=1000 system_server expire 180 lines
02-20 23:51:27.909   566   578 I chatty  : uid=1000(system) Binder:566_2 expire 1 line
02-20 23:51:31.645   566  1204 I chatty  : uid=1000(system) Binder:566_A expire 2 lines
02-20 23:51:35.671   566  2500 I chatty  : uid=1000(system) Binder:566_C expire 3 lines
02-20 23:52:15.205   566   589 I chatty  : uid=1000(system) CpuTracker expire 2 lines
02-20 23:53:42.176   566  7979 I chatty  : uid=1000(system) Binder:566_11 expire 2 lines
02-20 23:53:46.389   566  1172 I chatty  : uid=1000(system) Binder:566_7 expire 2 lines
02-20 23:53:50.258   566   691 I chatty  : uid=1000(system) Binder:566_3 expire 4 lines
02-20 23:55:00.012   566   580 I chatty  : uid=1000(system) ActivityManager expire 1 line
02-20 23:56:04.476   566  1144 I chatty  : uid=1000(system) Binder:566_5 expire 1 line
02-20 23:58:10.878   566   858 I chatty  : uid=1000(system) Binder:566_4 expire 2 lines
02-20 23:58:19.226   566  2459 I chatty  : uid=1000(system) Binder:566_B expire 3 lines
02-21 00:00:00.100   566  3371 I chatty  : uid=1000(system) Binder:566_E expire 1 line
02-21 00:00:25.962   566  3446 I chatty  : uid=1000(system) Binder:566_F expire 1 line
02-21 00:02:40.248   566  1174 I chatty  : uid=1000(system) Binder:566_8 expire 1 line
02-21 00:04:58.610   566  1145 I chatty  : uid=1000(system) Binder:566_6 expire 1 line
02-21 00:05:33.889   566   566 I chatty  : uid=1000 system_server expire 48 lines
02-21 00:06:59.796   566   580 I chatty  : uid=1000(system) ActivityManager expire 7 lines
02-21 00:07:01.992   566 23805 I chatty  : uid=1000(system) Binder:566_10 expire 10 lines
02-21 00:07:09.730   566  7979 I chatty  : uid=1000(system) Binder:566_11 expire 5 lines
02-21 00:07:13.529   566  1144 I chatty  : uid=1000(system) Binder:566_5 expire 5 lines
02-21 00:07:13.566   566  1172 I chatty  : uid=1000(system) Binder:566_7 expire 4 lines
02-21 00:07:13.696   566  3370 I chatty  : uid=1000(system) Binder:566_D expire 5 lines
02-21 00:07:15.121   566   599 I chatty  : uid=1000(system) AlarmManager expire 1 line
02-21 00:07:18.088   566  1204 I chatty  : uid=1000(system) Binder:566_A expire 2 lines
02-21 00:09:17.002   566   577 I chatty  : uid=1000(system) Binder:566_1 expire 2 lines
02-21 00:09:17.002   566  3371 I chatty  : uid=1000(system) Binder:566_E expire 2 lines
02-21 00:09:17.010   566  3446 I chatty  : uid=1000(system) Binder:566_F expire 2 lines
02-21 00:09:17.010   566  1201 I chatty  : uid=1000(system) Binder:566_9 expire 2 lines
02-21 00:09:17.067   566   637 I chatty  : uid=1000(system) ConnectivitySer expire 2 lines
02-21 00:09:17.129   566  1174 I chatty  : uid=1000(system) Binder:566_8 expire 3 lines
02-21 00:09:18.662  3257  3257 W ContextImpl: Calling a method in the system process without a qualified user: android.app.ContextImpl.startService:1385 android.content.ContextWrapper.startService:613 com.lge.tr069c.acse.modus.TRService.onCreate:83 android.app.ActivityThread.handleCreateService:3162 android.app.ActivityThread.-wrap5:-1 
02-21 00:09:18.730  3257  3257 W ContextImpl: Calling a method in the system process without a qualified user: android.app.ContextImpl.bindService:1449 android.content.ContextWrapper.bindService:636 com.lge.tr069c.model.TvControlClient.connect:94 com.lge.tr069c.model.TvControlClient.onCreate:75 android.app.ActivityThread.handleCreateService:3162 
02-21 00:09:18.765   566   566 I chatty  : uid=1000 system_server expire 98 lines
02-21 00:09:20.018  3257  3257 W ContextImpl: Calling a method in the system process without a qualified user: android.app.ContextImpl.sendBroadcast:905 android.content.ContextWrapper.sendBroadcast:421 com.lge.tr069c.model.device.deviceInfo.AdditionalDeviceInfoImp.NetflixESNInit:303 com.lge.tr069c.model.device.deviceInfo.AdditionalDeviceInfoImp.initialize:147 com.lge.tr069c.model.device.DeviceInfoImp.addAdditionalDeviceInfo:260 
02-21 00:09:20.571   566   587 I chatty  : uid=1000(system) android.io expire 2 lines
02-21 00:09:40.902   566   578 I chatty  : uid=1000(system) Binder:566_2 expire 2 lines
02-21 00:11:47.001   566 23805 I chatty  : uid=1000(system) Binder:566_10 expire 1 line
02-21 00:16:28.218   566   583 I chatty  : uid=1000(system) batterystats-sy expire 4 lines
02-21 00:17:31.628   566   566 I chatty  : uid=1000 system_server expire 179 lines
02-21 00:18:23.009   566  1204 I chatty  : uid=1000(system) Binder:566_A expire 1 line
02-21 00:18:26.892   566  1201 I chatty  : uid=1000(system) Binder:566_9 expire 1 line
02-21 00:18:27.337   566   589 I chatty  : uid=1000(system) CpuTracker expire 2 lines
02-21 00:18:30.872   566   858 I chatty  : uid=1000(system) Binder:566_4 expire 2 lines
02-21 00:20:37.157   566  1174 I chatty  : uid=1000(system) Binder:566_8 expire 3 lines
02-21 00:20:41.142   566  3370 I chatty  : uid=1000(system) Binder:566_D expire 2 lines
02-21 00:20:45.099   566   691 I chatty  : uid=1000(system) Binder:566_3 expire 2 lines
02-21 00:22:51.328   566  7979 I chatty  : uid=1000(system) Binder:566_11 expire 2 lines
02-21 00:22:59.421   566   577 I chatty  : uid=1000(system) Binder:566_1 expire 3 lines
02-21 00:25:00.103   566   580 I chatty  : uid=1000(system) ActivityManager expire 2 lines
02-21 00:25:00.114   566   579 I chatty  : uid=1000(system) android.bg expire 2 lines
02-21 00:25:06.069   566  3371 I chatty  : uid=1000(system) Binder:566_E expire 2 lines
02-21 00:27:20.670   566  1145 I chatty  : uid=1000(system) Binder:566_6 expire 2 lines
02-21 00:29:34.650   566  2459 I chatty  : uid=1000(system) Binder:566_B expire 4 lines
02-21 00:32:19.575   566   566 I chatty  : uid=1000 system_server expire 183 lines
02-21 00:34:03.112   566   691 I chatty  : uid=1000(system) Binder:566_3 expire 2 lines
02-21 00:35:57.289   566  1145 I chatty  : uid=1000(system) Binder:566_6 expire 6 lines
02-21 00:36:17.894   566  3371 I chatty  : uid=1000(system) Binder:566_E expire 1 line
02-21 00:36:25.931   566  3370 I chatty  : uid=1000(system) Binder:566_D expire 1 line
02-21 00:38:36.233   566  1172 I chatty  : uid=1000(system) Binder:566_7 expire 2 lines
02-21 00:40:46.914   566   858 I chatty  : uid=1000(system) Binder:566_4 expire 3 lines
02-21 00:40:50.941   566  2500 I chatty  : uid=1000(system) Binder:566_C expire 1 line
02-21 00:46:28.231   566   583 I chatty  : uid=1000(system) batterystats-sy expire 4 lines
02-21 00:47:19.983   566   599 I chatty  : uid=1000(system) AlarmManager expire 1 line
02-21 00:47:31.082   566   578 I chatty  : uid=1000(system) Binder:566_2 expire 1 line
02-21 00:47:35.030   566   691 I chatty  : uid=1000(system) Binder:566_3 expire 3 lines
02-21 00:47:36.603   566   566 I chatty  : uid=1000 system_server expire 185 lines
02-21 00:47:39.243   566 23805 I chatty  : uid=1000(system) Binder:566_10 expire 1 line
02-21 00:49:21.197   566   589 I chatty  : uid=1000(system) CpuTracker expire 3 lines
02-21 00:49:45.605   566  1201 I chatty  : uid=1000(system) Binder:566_9 expire 2 lines
02-21 00:49:49.692   566  1144 I chatty  : uid=1000(system) Binder:566_5 expire 1 line
02-21 00:49:53.906   566  3371 I chatty  : uid=1000(system) Binder:566_E expire 2 lines
02-21 00:52:00.097   566 27760 I chatty  : uid=1000(system) Binder:566_12 expire 4 lines
02-21 00:52:04.125   566  3370 I chatty  : uid=1000(system) Binder:566_D expire 1 line
02-21 00:54:14.677   566  2459 I chatty  : uid=1000(system) Binder:566_B expire 2 lines
02-21 00:54:18.637   566  1172 I chatty  : uid=1000(system) Binder:566_7 expire 1 line
02-21 00:55:22.913   566   580 I chatty  : uid=1000(system) ActivityManager expire 1 line
02-21 00:56:33.325   566  1204 I chatty  : uid=1000(system) Binder:566_A expire 1 line
02-21 01:01:02.186   566  7979 I chatty  : uid=1000(system) Binder:566_11 expire 1 line
02-21 01:01:06.373   566  1174 I chatty  : uid=1000(system) Binder:566_8 expire 2 lines
02-21 01:02:54.680   566   566 I chatty  : uid=1000 system_server expire 179 lines
02-21 01:03:12.754   566 23805 I chatty  : uid=1000(system) Binder:566_10 expire 2 lines
02-21 01:03:17.066   566  1145 I chatty  : uid=1000(system) Binder:566_6 expire 2 lines
02-21 01:03:20.963   566  1201 I chatty  : uid=1000(system) Binder:566_9 expire 2 lines
02-21 01:05:27.755   566  3446 I chatty  : uid=1000(system) Binder:566_F expire 1 line
02-21 01:05:31.819   566   858 I chatty  : uid=1000(system) Binder:566_4 expire 1 line
02-21 01:05:35.726   566   578 I chatty  : uid=1000(system) Binder:566_2 expire 2 lines
02-21 01:07:46.373   566  1144 I chatty  : uid=1000(system) Binder:566_5 expire 1 line
02-21 01:09:57.514   566  2459 I chatty  : uid=1000(system) Binder:566_B expire 1 line
02-21 01:10:01.432   566  1172 I chatty  : uid=1000(system) Binder:566_7 expire 2 lines
02-21 01:10:05.667   566  3370 I chatty  : uid=1000(system) Binder:566_D expire 1 line
02-21 01:12:12.201   566   691 I chatty  : uid=1000(system) Binder:566_3 expire 3 lines
02-21 01:14:27.086   566  3371 I chatty  : uid=1000(system) Binder:566_E expire 1 line
02-21 01:16:28.250   566   583 I chatty  : uid=1000(system) batterystats-sy expire 4 lines
02-21 01:16:49.664   566 27760 I chatty  : uid=1000(system) Binder:566_12 expire 1 line
02-21 01:16:50.335   566   589 I chatty  : uid=1000(system) CpuTracker expire 2 lines
02-21 01:17:36.950   566   566 I chatty  : uid=1000 system_server expire 21 lines
02-21 01:17:42.051   566  2500 I chatty  : uid=1000(system) Binder:566_C expire 10 lines
02-21 01:17:42.164   566  1172 I chatty  : uid=1000(system) Binder:566_7 expire 4 lines
02-21 01:17:42.167   566  1144 I chatty  : uid=1000(system) Binder:566_5 expire 5 lines
02-21 01:17:42.171   566  1201 I chatty  : uid=1000(system) Binder:566_9 expire 10 lines
02-21 01:17:42.280   566   580 I chatty  : uid=1000(system) ActivityManager expire 18 lines
02-21 01:17:45.967  2440  2440 W ContextImpl: Calling a method in the system process without a qualified user: android.app.ContextImpl.startService:1385 android.content.ContextWrapper.startService:613 com.lge.tr069c.acse.modus.TRService.onCreate:83 android.app.ActivityThread.handleCreateService:3162 android.app.ActivityThread.-wrap5:-1 
02-21 01:17:46.002  2440  2440 W ContextImpl: Calling a method in the system process without a qualified user: android.app.ContextImpl.bindService:1449 android.content.ContextWrapper.bindService:636 com.lge.tr069c.model.TvControlClient.connect:94 com.lge.tr069c.model.TvControlClient.onCreate:75 android.app.ActivityThread.handleCreateService:3162 
02-21 01:17:48.913  2440  2440 W ContextImpl: Calling a method in the system process without a qualified user: android.app.ContextImpl.sendBroadcast:905 android.content.ContextWrapper.sendBroadcast:421 com.lge.tr069c.model.device.deviceInfo.AdditionalDeviceInfoImp.NetflixESNInit:303 com.lge.tr069c.model.device.deviceInfo.AdditionalDeviceInfoImp.initialize:147 com.lge.tr069c.model.device.DeviceInfoImp.addAdditionalDeviceInfo:260 
02-21 01:17:49.761   566   587 I chatty  : uid=1000(system) android.io expire 2 lines
02-21 01:17:50.408   566 23805 I chatty  : uid=1000(system) Binder:566_10 expire 2 lines
02-21 01:17:50.409   566   578 I chatty  : uid=1000(system) Binder:566_2 expire 2 lines
02-21 01:17:50.410   566   858 I chatty  : uid=1000(system) Binder:566_4 expire 1 line
02-21 01:17:50.427   566   577 I chatty  : uid=1000(system) Binder:566_1 expire 5 lines
02-21 01:17:50.440   566   637 I chatty  : uid=1000(system) ConnectivitySer expire 3 lines
02-21 01:17:52.609   566   566 I chatty  : uid=1000 system_server expire 117 lines
02-21 01:18:05.429   566   691 I chatty  : uid=1000(system) Binder:566_3 expire 2 lines
02-21 01:23:25.662   566  1174 I chatty  : uid=1000(system) Binder:566_8 expire 1 line
02-21 01:23:33.727   566  1145 I chatty  : uid=1000(system) Binder:566_6 expire 1 line
02-21 01:25:40.400   566  3370 I chatty  : uid=1000(system) Binder:566_D expire 1 line
02-21 01:25:50.253   566  2459 I chatty  : uid=1000(system) Binder:566_B expire 4 lines
02-21 01:27:21.074   566   566 I chatty  : uid=1000 system_server expire 181 lines
02-21 01:27:55.295   566  7979 I chatty  : uid=1000(system) Binder:566_11 expire 3 lines
02-21 01:27:59.387   566  1144 I chatty  : uid=1000(system) Binder:566_5 expire 1 line
02-21 01:28:03.506   566 27760 I chatty  : uid=1000(system) Binder:566_12 expire 2 lines
02-21 01:28:23.261   566   599 I chatty  : uid=1000(system) AlarmManager expire 1 line
02-21 01:30:14.221   566  1204 I chatty  : uid=1000(system) Binder:566_A expire 4 lines
02-21 01:32:24.963   566  3446 I chatty  : uid=1000(system) Binder:566_F expire 1 line
02-21 01:32:29.388   566 23805 I chatty  : uid=1000(system) Binder:566_10 expire 2 lines
02-21 01:32:33.195   566  1174 I chatty  : uid=1000(system) Binder:566_8 expire 1 line
02-21 01:34:43.153   566   578 I chatty  : uid=1000(system) Binder:566_2 expire 1 line
02-21 01:34:47.698   566  3371 I chatty  : uid=1000(system) Binder:566_E expire 2 lines
02-21 01:36:53.632   566  1201 I chatty  : uid=1000(system) Binder:566_9 expire 1 line
02-21 01:37:45.235   566   579 I chatty  : uid=1000(system) android.bg expire 1 line
02-21 01:39:12.610   566  1172 I chatty  : uid=1000(system) Binder:566_7 expire 1 line
02-21 01:41:22.709   566   577 I chatty  : uid=1000(system) Binder:566_1 expire 1 line
02-21 01:42:19.239   566   566 I chatty  : uid=1000 system_server expire 162 lines
02-21 01:43:37.223   566  3371 I chatty  : uid=1000(system) Binder:566_E expire 2 lines
02-21 01:43:41.301   566  1144 I chatty  : uid=1000(system) Binder:566_5 expire 4 lines
02-21 01:43:45.546   566  3446 I chatty  : uid=1000(system) Binder:566_F expire 4 lines
02-21 01:45:29.453   566  2500 I chatty  : uid=1000(system) Binder:566_C expire 9 lines
02-21 01:45:31.479   566  1051 I chatty  : uid=1000(system) backup expire 1 line
02-21 01:45:32.816   566 27760 I chatty  : uid=1000(system) Binder:566_12 expire 11 lines
02-21 01:45:34.256   566   691 I chatty  : uid=1000(system) Binder:566_3 expire 2 lines
02-21 01:45:34.311   566   637 I chatty  : uid=1000(system) ConnectivitySer expire 1 line
02-21 01:45:51.866   566   858 I chatty  : uid=1000(system) Binder:566_4 expire 1 line
02-21 01:45:55.885   566  1172 I chatty  : uid=1000(system) Binder:566_7 expire 2 lines
02-21 01:45:59.961   566  7979 I chatty  : uid=1000(system) Binder:566_11 expire 1 line
02-21 01:46:28.270   566   583 I chatty  : uid=1000(system) batterystats-sy expire 4 lines
02-21 01:48:15.277   566   589 I chatty  : uid=1000(system) CpuTracker expire 3 lines
02-21 01:50:21.365   566  1174 I chatty  : uid=1000(system) Binder:566_8 expire 1 line
02-21 01:50:25.308   566  1201 I chatty  : uid=1000(system) Binder:566_9 expire 2 lines
02-21 01:54:50.234   566  3370 I chatty  : uid=1000(system) Binder:566_D expire 3 lines
02-21 01:55:46.629   566   566 I chatty  : uid=1000 system_server expire 197 lines
02-21 01:56:00.040   566   580 I chatty  : uid=1000(system) ActivityManager expire 1 line
