02-21 11:34:59.301   566   566 V NotificationService: pkg=com.antutu.ABenchMark canInterrupt=false intercept=true
02-21 11:35:09.390   566   566 V NotificationService: pkg=com.antutu.ABenchMark canInterrupt=false intercept=true
02-21 11:35:09.417   566   566 V NotificationService: pkg=com.antutu.ABenchMark canInterrupt=false intercept=true
02-21 11:35:19.406   566   566 V NotificationService: pkg=com.antutu.ABenchMark canInterrupt=false intercept=true
02-21 11:35:19.488   566   566 V NotificationService: pkg=com.antutu.ABenchMark canInterrupt=false intercept=true
02-21 11:35:29.482   566   566 V NotificationService: pkg=com.antutu.ABenchMark canInterrupt=false intercept=true
02-21 11:35:29.576   566   566 V NotificationService: pkg=com.antutu.ABenchMark canInterrupt=false intercept=true
02-21 11:35:39.578   566   566 V NotificationService: pkg=com.antutu.ABenchMark canInterrupt=false intercept=true
02-21 11:35:39.663   566   566 V NotificationService: pkg=com.antutu.ABenchMark canInterrupt=false intercept=true
02-21 11:35:49.762   566   566 V NotificationService: pkg=com.antutu.ABenchMark canInterrupt=false intercept=true
02-21 11:35:49.777   566   566 V NotificationService: pkg=com.antutu.ABenchMark canInterrupt=false intercept=true
02-21 11:35:59.750   566   566 V NotificationService: pkg=com.antutu.ABenchMark canInterrupt=false intercept=true
02-21 11:35:59.805   566   566 V NotificationService: pkg=com.antutu.ABenchMark canInterrupt=false intercept=true
02-21 11:36:09.825   566   566 V NotificationService: pkg=com.antutu.ABenchMark canInterrupt=false intercept=true
02-21 11:36:09.923   566   566 V NotificationService: pkg=com.antutu.ABenchMark canInterrupt=false intercept=true
02-21 11:36:19.955   566   566 V NotificationService: pkg=com.antutu.ABenchMark canInterrupt=false intercept=true
02-21 11:36:20.065   566   566 V NotificationService: pkg=com.antutu.ABenchMark canInterrupt=false intercept=true
02-21 11:36:30.082   566   566 V NotificationService: pkg=com.antutu.ABenchMark canInterrupt=false intercept=true
02-21 11:36:30.112   566   566 V NotificationService: pkg=com.antutu.ABenchMark canInterrupt=false intercept=true
02-21 11:36:40.126   566   566 V NotificationService: pkg=com.antutu.ABenchMark canInterrupt=false intercept=true
02-21 11:36:40.165   566   566 V NotificationService: pkg=com.antutu.ABenchMark canInterrupt=false intercept=true
02-21 11:36:50.198   566   566 V NotificationService: pkg=com.antutu.ABenchMark canInterrupt=false intercept=true
02-21 11:36:50.251   566   566 V NotificationService: pkg=com.antutu.ABenchMark canInterrupt=false intercept=true
02-21 11:37:00.283   566   566 V NotificationService: pkg=com.antutu.ABenchMark canInterrupt=false intercept=true
02-21 11:37:00.328   566   566 V NotificationService: pkg=com.antutu.ABenchMark canInterrupt=false intercept=true
02-21 11:37:07.309   566   599 W ActivityManager: Unable to start service Intent { act=com.antutu.ABenchMark.intent.action.COCKROACH flg=0x4 (has extras) } U=0: not found
02-21 11:37:10.348   566   566 V NotificationService: pkg=com.antutu.ABenchMark canInterrupt=false intercept=true
02-21 11:37:10.400   566   566 V NotificationService: pkg=com.antutu.ABenchMark canInterrupt=false intercept=true
02-21 11:37:20.423   566   566 V NotificationService: pkg=com.antutu.ABenchMark canInterrupt=false intercept=true
02-21 11:37:20.477   566   566 V NotificationService: pkg=com.antutu.ABenchMark canInterrupt=false intercept=true
02-21 11:37:30.485   566   566 V NotificationService: pkg=com.antutu.ABenchMark canInterrupt=false intercept=true
02-21 11:37:30.540   566   566 V NotificationService: pkg=com.antutu.ABenchMark canInterrupt=false intercept=true
02-21 11:37:40.555   566   566 V NotificationService: pkg=com.antutu.ABenchMark canInterrupt=false intercept=true
02-21 11:37:40.636   566   566 V NotificationService: pkg=com.antutu.ABenchMark canInterrupt=false intercept=true
02-21 11:37:50.664   566   566 V NotificationService: pkg=com.antutu.ABenchMark canInterrupt=false intercept=true
02-21 11:37:50.733   566   566 V NotificationService: pkg=com.antutu.ABenchMark canInterrupt=false intercept=true
02-21 11:38:00.758   566   566 V NotificationService: pkg=com.antutu.ABenchMark canInterrupt=false intercept=true
02-21 11:38:00.803   566   566 V NotificationService: pkg=com.antutu.ABenchMark canInterrupt=false intercept=true
02-21 11:38:07.521   566   566 V NotificationService: pkg=com.antutu.ABenchMark canInterrupt=false intercept=true
02-21 11:38:07.551   566   566 V NotificationService: pkg=com.antutu.ABenchMark canInterrupt=false intercept=true
02-21 11:38:10.816   566   566 V NotificationService: pkg=com.antutu.ABenchMark canInterrupt=false intercept=true
02-21 11:38:10.885   566   566 V NotificationService: pkg=com.antutu.ABenchMark canInterrupt=false intercept=true
02-21 11:38:20.910   566   566 V NotificationService: pkg=com.antutu.ABenchMark canInterrupt=false intercept=true
02-21 11:38:20.966   566   566 V NotificationService: pkg=com.antutu.ABenchMark canInterrupt=false intercept=true
02-21 11:38:30.977   566   566 V NotificationService: pkg=com.antutu.ABenchMark canInterrupt=false intercept=true
02-21 11:38:31.050   566   566 V NotificationService: pkg=com.antutu.ABenchMark canInterrupt=false intercept=true
02-21 11:38:41.066   566   566 V NotificationService: pkg=com.antutu.ABenchMark canInterrupt=false intercept=true
02-21 11:38:41.102   566   566 V NotificationService: pkg=com.antutu.ABenchMark canInterrupt=false intercept=true
02-21 11:38:51.148   566   566 V NotificationService: pkg=com.antutu.ABenchMark canInterrupt=false intercept=true
02-21 11:38:51.160   566   566 V NotificationService: pkg=com.antutu.ABenchMark canInterrupt=false intercept=true
02-21 11:39:01.164   566   566 V NotificationService: pkg=com.antutu.ABenchMark canInterrupt=false intercept=true
02-21 11:39:01.219   566   566 V NotificationService: pkg=com.antutu.ABenchMark canInterrupt=false intercept=true
02-21 11:39:11.253   566   566 V NotificationService: pkg=com.antutu.ABenchMark canInterrupt=false intercept=true
02-21 11:39:11.382   566   566 V NotificationService: pkg=com.antutu.ABenchMark canInterrupt=false intercept=true
02-21 11:39:21.567   566   566 V NotificationService: pkg=com.antutu.ABenchMark canInterrupt=false intercept=true
02-21 11:39:21.574   566   566 V NotificationService: pkg=com.antutu.ABenchMark canInterrupt=false intercept=true
02-21 11:39:31.507   566   566 V NotificationService: pkg=com.antutu.ABenchMark canInterrupt=false intercept=true
02-21 11:39:31.607   566   566 V NotificationService: pkg=com.antutu.ABenchMark canInterrupt=false intercept=true
02-21 11:39:41.629   566   566 V NotificationService: pkg=com.antutu.ABenchMark canInterrupt=false intercept=true
02-21 11:39:41.666   566   566 V NotificationService: pkg=com.antutu.ABenchMark canInterrupt=false intercept=true
02-21 11:39:51.693   566   566 V NotificationService: pkg=com.antutu.ABenchMark canInterrupt=false intercept=true
02-21 11:39:51.762   566   566 V NotificationService: pkg=com.antutu.ABenchMark canInterrupt=false intercept=true
02-21 11:40:01.780   566   566 V NotificationService: pkg=com.antutu.ABenchMark canInterrupt=false intercept=true
02-21 11:40:01.821   566   566 V NotificationService: pkg=com.antutu.ABenchMark canInterrupt=false intercept=true
02-21 11:40:11.905   566   566 V NotificationService: pkg=com.antutu.ABenchMark canInterrupt=false intercept=true
02-21 11:40:11.937   566   566 V NotificationService: pkg=com.antutu.ABenchMark canInterrupt=false intercept=true
02-21 11:40:21.945   566   566 V NotificationService: pkg=com.antutu.ABenchMark canInterrupt=false intercept=true
02-21 11:40:21.987   566   566 V NotificationService: pkg=com.antutu.ABenchMark canInterrupt=false intercept=true
02-21 11:40:31.999   566   566 V NotificationService: pkg=com.antutu.ABenchMark canInterrupt=false intercept=true
02-21 11:40:32.049   566   566 V NotificationService: pkg=com.antutu.ABenchMark canInterrupt=false intercept=true
02-21 11:40:42.069   566   566 V NotificationService: pkg=com.antutu.ABenchMark canInterrupt=false intercept=true
02-21 11:40:42.105   566   566 V NotificationService: pkg=com.antutu.ABenchMark canInterrupt=false intercept=true
02-21 11:40:52.137   566   566 V NotificationService: pkg=com.antutu.ABenchMark canInterrupt=false intercept=true
02-21 11:40:52.170   566   566 V NotificationService: pkg=com.antutu.ABenchMark canInterrupt=false intercept=true
02-21 11:41:02.199   566   566 V NotificationService: pkg=com.antutu.ABenchMark canInterrupt=false intercept=true
02-21 11:41:02.259   566   566 V NotificationService: pkg=com.antutu.ABenchMark canInterrupt=false intercept=true
02-21 11:41:12.267   566   566 V NotificationService: pkg=com.antutu.ABenchMark canInterrupt=false intercept=true
02-21 11:41:12.320   566   566 V NotificationService: pkg=com.antutu.ABenchMark canInterrupt=false intercept=true
02-21 11:41:22.360   566   566 V NotificationService: pkg=com.antutu.ABenchMark canInterrupt=false intercept=true
02-21 11:41:22.430   566   566 V NotificationService: pkg=com.antutu.ABenchMark canInterrupt=false intercept=true
02-21 11:41:32.464   566   566 V NotificationService: pkg=com.antutu.ABenchMark canInterrupt=false intercept=true
02-21 11:41:32.483   566   566 V NotificationService: pkg=com.antutu.ABenchMark canInterrupt=false intercept=true
02-21 11:41:42.497   566   566 V NotificationService: pkg=com.antutu.ABenchMark canInterrupt=false intercept=true
02-21 11:41:42.542   566   566 V NotificationService: pkg=com.antutu.ABenchMark canInterrupt=false intercept=true
02-21 11:41:52.534   566   566 V NotificationService: pkg=com.antutu.ABenchMark canInterrupt=false intercept=true
02-21 11:41:52.595   566   566 V NotificationService: pkg=com.antutu.ABenchMark canInterrupt=false intercept=true
02-21 11:42:02.602   566   566 V NotificationService: pkg=com.antutu.ABenchMark canInterrupt=false intercept=true
02-21 11:42:02.623   566   566 V NotificationService: pkg=com.antutu.ABenchMark canInterrupt=false intercept=true
02-21 11:42:12.644   566   566 V NotificationService: pkg=com.antutu.ABenchMark canInterrupt=false intercept=true
02-21 11:42:12.729   566   566 V NotificationService: pkg=com.antutu.ABenchMark canInterrupt=false intercept=true
02-21 11:42:22.747   566   566 V NotificationService: pkg=com.antutu.ABenchMark canInterrupt=false intercept=true
02-21 11:42:22.780   566   566 V NotificationService: pkg=com.antutu.ABenchMark canInterrupt=false intercept=true
02-21 11:42:32.799   566   566 V NotificationService: pkg=com.antutu.ABenchMark canInterrupt=false intercept=true
02-21 11:42:32.841   566   566 V NotificationService: pkg=com.antutu.ABenchMark canInterrupt=false intercept=true
02-21 11:42:42.862   566   566 V NotificationService: pkg=com.antutu.ABenchMark canInterrupt=false intercept=true
02-21 11:42:42.900   566   566 V NotificationService: pkg=com.antutu.ABenchMark canInterrupt=false intercept=true
02-21 11:42:52.929   566   566 V NotificationService: pkg=com.antutu.ABenchMark canInterrupt=false intercept=true
02-21 11:42:52.966   566   566 V NotificationService: pkg=com.antutu.ABenchMark canInterrupt=false intercept=true
02-21 11:43:03.001   566   566 V NotificationService: pkg=com.antutu.ABenchMark canInterrupt=false intercept=true
02-21 11:43:03.073   566   566 V NotificationService: pkg=com.antutu.ABenchMark canInterrupt=false intercept=true
02-21 11:43:13.080   566   566 V NotificationService: pkg=com.antutu.ABenchMark canInterrupt=false intercept=true
02-21 11:43:13.105   566   566 V NotificationService: pkg=com.antutu.ABenchMark canInterrupt=false intercept=true
02-21 11:43:23.119   566   566 V NotificationService: pkg=com.antutu.ABenchMark canInterrupt=false intercept=true
02-21 11:43:23.184   566   566 V NotificationService: pkg=com.antutu.ABenchMark canInterrupt=false intercept=true
02-21 11:43:33.225   566   566 V NotificationService: pkg=com.antutu.ABenchMark canInterrupt=false intercept=true
02-21 11:43:33.286   566   566 V NotificationService: pkg=com.antutu.ABenchMark canInterrupt=false intercept=true
02-21 11:43:43.308   566   566 V NotificationService: pkg=com.antutu.ABenchMark canInterrupt=false intercept=true
02-21 11:43:43.373   566   566 V NotificationService: pkg=com.antutu.ABenchMark canInterrupt=false intercept=true
02-21 11:43:53.409   566   566 V NotificationService: pkg=com.antutu.ABenchMark canInterrupt=false intercept=true
02-21 11:43:53.442   566   566 V NotificationService: pkg=com.antutu.ABenchMark canInterrupt=false intercept=true
02-21 11:44:03.456   566   566 V NotificationService: pkg=com.antutu.ABenchMark canInterrupt=false intercept=true
02-21 11:44:03.489   566   566 V NotificationService: pkg=com.antutu.ABenchMark canInterrupt=false intercept=true
02-21 11:44:13.499   566   566 V NotificationService: pkg=com.antutu.ABenchMark canInterrupt=false intercept=true
02-21 11:44:13.548   566   566 V NotificationService: pkg=com.antutu.ABenchMark canInterrupt=false intercept=true
02-21 11:44:23.536   566   566 V NotificationService: pkg=com.antutu.ABenchMark canInterrupt=false intercept=true
02-21 11:44:23.580   566   566 V NotificationService: pkg=com.antutu.ABenchMark canInterrupt=false intercept=true
02-21 11:44:33.636   566   566 V NotificationService: pkg=com.antutu.ABenchMark canInterrupt=false intercept=true
02-21 11:44:33.659   566   566 V NotificationService: pkg=com.antutu.ABenchMark canInterrupt=false intercept=true
02-21 11:44:43.669   566   566 V NotificationService: pkg=com.antutu.ABenchMark canInterrupt=false intercept=true
02-21 11:44:43.746   566   566 V NotificationService: pkg=com.antutu.ABenchMark canInterrupt=false intercept=true
02-21 11:44:53.761   566   566 V NotificationService: pkg=com.antutu.ABenchMark canInterrupt=false intercept=true
02-21 11:44:53.803   566   566 V NotificationService: pkg=com.antutu.ABenchMark canInterrupt=false intercept=true
02-21 11:45:03.807   566   566 V NotificationService: pkg=com.antutu.ABenchMark canInterrupt=false intercept=true
02-21 11:45:03.842   566   566 V NotificationService: pkg=com.antutu.ABenchMark canInterrupt=false intercept=true
02-21 11:45:13.850   566   566 V NotificationService: pkg=com.antutu.ABenchMark canInterrupt=false intercept=true
02-21 11:45:13.925   566   566 V NotificationService: pkg=com.antutu.ABenchMark canInterrupt=false intercept=true
02-21 11:45:23.893   566   566 V NotificationService: pkg=com.antutu.ABenchMark canInterrupt=false intercept=true
02-21 11:45:23.955   566   566 V NotificationService: pkg=com.antutu.ABenchMark canInterrupt=false intercept=true
02-21 11:45:33.983   566   566 V NotificationService: pkg=com.antutu.ABenchMark canInterrupt=false intercept=true
02-21 11:45:34.001   566   566 V NotificationService: pkg=com.antutu.ABenchMark canInterrupt=false intercept=true
02-21 11:45:44.018   566   566 V NotificationService: pkg=com.antutu.ABenchMark canInterrupt=false intercept=true
02-21 11:45:44.058   566   566 V NotificationService: pkg=com.antutu.ABenchMark canInterrupt=false intercept=true
02-21 11:45:54.087   566   566 V NotificationService: pkg=com.antutu.ABenchMark canInterrupt=false intercept=true
02-21 11:45:54.144   566   566 V NotificationService: pkg=com.antutu.ABenchMark canInterrupt=false intercept=true
02-21 11:46:04.167   566   566 V NotificationService: pkg=com.antutu.ABenchMark canInterrupt=false intercept=true
02-21 11:46:04.239   566   566 V NotificationService: pkg=com.antutu.ABenchMark canInterrupt=false intercept=true
02-21 11:46:14.263   566   566 V NotificationService: pkg=com.antutu.ABenchMark canInterrupt=false intercept=true
02-21 11:46:14.358   566   566 V NotificationService: pkg=com.antutu.ABenchMark canInterrupt=false intercept=true
02-21 11:46:24.364   566   566 V NotificationService: pkg=com.antutu.ABenchMark canInterrupt=false intercept=true
02-21 11:46:24.421   566   566 V NotificationService: pkg=com.antutu.ABenchMark canInterrupt=false intercept=true
02-21 11:46:28.450   566   583 E BatteryStatsService: no controller energy info supplied
02-21 11:46:28.471   566   583 E BatteryStatsService: no controller energy info supplied
02-21 11:46:28.471   566   583 E BatteryStatsService: no controller energy info supplied
02-21 11:46:28.478   566   583 E KernelUidCpuTimeReader: Failed to read uid_cputime: /proc/uid_cputime/show_uid_stat (No such file or directory)
02-21 11:46:34.445   566   566 V NotificationService: pkg=com.antutu.ABenchMark canInterrupt=false intercept=true
02-21 11:46:34.485   566   566 V NotificationService: pkg=com.antutu.ABenchMark canInterrupt=false intercept=true
02-21 11:46:44.508   566   566 V NotificationService: pkg=com.antutu.ABenchMark canInterrupt=false intercept=true
02-21 11:46:44.598   566   566 V NotificationService: pkg=com.antutu.ABenchMark canInterrupt=false intercept=true
02-21 11:46:54.617   566   566 V NotificationService: pkg=com.antutu.ABenchMark canInterrupt=false intercept=true
02-21 11:46:54.667   566   566 V NotificationService: pkg=com.antutu.ABenchMark canInterrupt=false intercept=true
02-21 11:47:04.690   566   566 V NotificationService: pkg=com.antutu.ABenchMark canInterrupt=false intercept=true
02-21 11:47:04.771   566   566 V NotificationService: pkg=com.antutu.ABenchMark canInterrupt=false intercept=true
02-21 11:47:14.749   566   566 V NotificationService: pkg=com.antutu.ABenchMark canInterrupt=false intercept=true
02-21 11:47:14.791   566   566 V NotificationService: pkg=com.antutu.ABenchMark canInterrupt=false intercept=true
02-21 11:47:24.828   566   566 V NotificationService: pkg=com.antutu.ABenchMark canInterrupt=false intercept=true
02-21 11:47:24.869   566   566 V NotificationService: pkg=com.antutu.ABenchMark canInterrupt=false intercept=true
02-21 11:47:34.895   566   566 V NotificationService: pkg=com.antutu.ABenchMark canInterrupt=false intercept=true
02-21 11:47:34.937   566   566 V NotificationService: pkg=com.antutu.ABenchMark canInterrupt=false intercept=true
02-21 11:47:44.957   566   566 V NotificationService: pkg=com.antutu.ABenchMark canInterrupt=false intercept=true
02-21 11:47:45.055   566   566 V NotificationService: pkg=com.antutu.ABenchMark canInterrupt=false intercept=true
02-21 11:47:55.068   566   566 V NotificationService: pkg=com.antutu.ABenchMark canInterrupt=false intercept=true
02-21 11:47:55.173   566   566 V NotificationService: pkg=com.antutu.ABenchMark canInterrupt=false intercept=true
02-21 11:48:05.200   566   566 V NotificationService: pkg=com.antutu.ABenchMark canInterrupt=false intercept=true
02-21 11:48:05.247   566   566 V NotificationService: pkg=com.antutu.ABenchMark canInterrupt=false intercept=true
02-21 11:48:15.264   566   566 V NotificationService: pkg=com.antutu.ABenchMark canInterrupt=false intercept=true
02-21 11:48:15.303   566   566 V NotificationService: pkg=com.antutu.ABenchMark canInterrupt=false intercept=true
02-21 11:48:25.335   566   566 V NotificationService: pkg=com.antutu.ABenchMark canInterrupt=false intercept=true
02-21 11:48:25.388   566   566 V NotificationService: pkg=com.antutu.ABenchMark canInterrupt=false intercept=true
02-21 11:48:35.426   566   566 V NotificationService: pkg=com.antutu.ABenchMark canInterrupt=false intercept=true
02-21 11:48:35.477   566   566 V NotificationService: pkg=com.antutu.ABenchMark canInterrupt=false intercept=true
02-21 11:48:45.499   566   566 V NotificationService: pkg=com.antutu.ABenchMark canInterrupt=false intercept=true
02-21 11:48:45.542   566   566 V NotificationService: pkg=com.antutu.ABenchMark canInterrupt=false intercept=true
02-21 11:48:55.564   566   566 V NotificationService: pkg=com.antutu.ABenchMark canInterrupt=false intercept=true
02-21 11:48:55.609   566   566 V NotificationService: pkg=com.antutu.ABenchMark canInterrupt=false intercept=true
02-21 11:49:05.646   566   566 V NotificationService: pkg=com.antutu.ABenchMark canInterrupt=false intercept=true
02-21 11:49:05.728   566   566 V NotificationService: pkg=com.antutu.ABenchMark canInterrupt=false intercept=true
02-21 11:49:15.735   566   566 V NotificationService: pkg=com.antutu.ABenchMark canInterrupt=false intercept=true
02-21 11:49:15.768   566   566 V NotificationService: pkg=com.antutu.ABenchMark canInterrupt=false intercept=true
02-21 11:49:25.779   566   566 V NotificationService: pkg=com.antutu.ABenchMark canInterrupt=false intercept=true
02-21 11:49:25.830   566   566 V NotificationService: pkg=com.antutu.ABenchMark canInterrupt=false intercept=true
02-21 11:49:35.847   566   566 V NotificationService: pkg=com.antutu.ABenchMark canInterrupt=false intercept=true
02-21 11:49:35.896   566   566 V NotificationService: pkg=com.antutu.ABenchMark canInterrupt=false intercept=true
02-21 11:49:45.918   566   566 V NotificationService: pkg=com.antutu.ABenchMark canInterrupt=false intercept=true
02-21 11:49:45.962   566   566 V NotificationService: pkg=com.antutu.ABenchMark canInterrupt=false intercept=true
02-21 11:49:56.085   566   566 V NotificationService: pkg=com.antutu.ABenchMark canInterrupt=false intercept=true
02-21 11:49:56.106   566   566 V NotificationService: pkg=com.antutu.ABenchMark canInterrupt=false intercept=true
02-21 11:50:06.069   566   566 V NotificationService: pkg=com.antutu.ABenchMark canInterrupt=false intercept=true
02-21 11:50:06.184   566   566 V NotificationService: pkg=com.antutu.ABenchMark canInterrupt=false intercept=true
02-21 11:50:16.163   566   566 V NotificationService: pkg=com.antutu.ABenchMark canInterrupt=false intercept=true
02-21 11:50:16.257   566   566 V NotificationService: pkg=com.antutu.ABenchMark canInterrupt=false intercept=true
02-21 11:50:26.228   566   566 V NotificationService: pkg=com.antutu.ABenchMark canInterrupt=false intercept=true
02-21 11:50:26.330   566   566 V NotificationService: pkg=com.antutu.ABenchMark canInterrupt=false intercept=true
02-21 11:50:36.422   566   566 V NotificationService: pkg=com.antutu.ABenchMark canInterrupt=false intercept=true
02-21 11:50:36.430   566   566 V NotificationService: pkg=com.antutu.ABenchMark canInterrupt=false intercept=true
02-21 11:50:46.427   566   566 V NotificationService: pkg=com.antutu.ABenchMark canInterrupt=false intercept=true
02-21 11:50:46.489   566   566 V NotificationService: pkg=com.antutu.ABenchMark canInterrupt=false intercept=true
02-21 11:50:56.509   566   566 V NotificationService: pkg=com.antutu.ABenchMark canInterrupt=false intercept=true
02-21 11:50:56.569   566   566 V NotificationService: pkg=com.antutu.ABenchMark canInterrupt=false intercept=true
02-21 11:51:06.596   566   566 V NotificationService: pkg=com.antutu.ABenchMark canInterrupt=false intercept=true
02-21 11:51:06.647   566   566 V NotificationService: pkg=com.antutu.ABenchMark canInterrupt=false intercept=true
02-21 11:51:16.799   566   566 V NotificationService: pkg=com.antutu.ABenchMark canInterrupt=false intercept=true
02-21 11:51:16.810   566   566 V NotificationService: pkg=com.antutu.ABenchMark canInterrupt=false intercept=true
02-21 11:51:26.747   566   566 V NotificationService: pkg=com.antutu.ABenchMark canInterrupt=false intercept=true
02-21 11:51:26.807   566   566 V NotificationService: pkg=com.antutu.ABenchMark canInterrupt=false intercept=true
02-21 11:51:36.827   566   566 V NotificationService: pkg=com.antutu.ABenchMark canInterrupt=false intercept=true
02-21 11:51:36.866   566   566 V NotificationService: pkg=com.antutu.ABenchMark canInterrupt=false intercept=true
02-21 11:51:46.885   566   566 V NotificationService: pkg=com.antutu.ABenchMark canInterrupt=false intercept=true
02-21 11:51:46.934   566   566 V NotificationService: pkg=com.antutu.ABenchMark canInterrupt=false intercept=true
02-21 11:51:56.942   566   566 V NotificationService: pkg=com.antutu.ABenchMark canInterrupt=false intercept=true
02-21 11:51:57.001   566   566 V NotificationService: pkg=com.antutu.ABenchMark canInterrupt=false intercept=true
02-21 11:52:07.015   566   566 V NotificationService: pkg=com.antutu.ABenchMark canInterrupt=false intercept=true
02-21 11:52:07.124   566   566 V NotificationService: pkg=com.antutu.ABenchMark canInterrupt=false intercept=true
02-21 11:52:17.149   566   566 V NotificationService: pkg=com.antutu.ABenchMark canInterrupt=false intercept=true
02-21 11:52:17.183   566   566 V NotificationService: pkg=com.antutu.ABenchMark canInterrupt=false intercept=true
02-21 11:52:27.285   566   566 V NotificationService: pkg=com.antutu.ABenchMark canInterrupt=false intercept=true
02-21 11:52:27.302   566   566 V NotificationService: pkg=com.antutu.ABenchMark canInterrupt=false intercept=true
02-21 11:52:37.254   566   566 V NotificationService: pkg=com.antutu.ABenchMark canInterrupt=false intercept=true
02-21 11:52:37.328   566   566 V NotificationService: pkg=com.antutu.ABenchMark canInterrupt=false intercept=true
02-21 11:52:47.398   566   566 V NotificationService: pkg=com.antutu.ABenchMark canInterrupt=false intercept=true
02-21 11:52:47.549   566   566 V NotificationService: pkg=com.antutu.ABenchMark canInterrupt=false intercept=true
02-21 11:52:57.556   566   566 V NotificationService: pkg=com.antutu.ABenchMark canInterrupt=false intercept=true
02-21 11:52:57.621   566   566 V NotificationService: pkg=com.antutu.ABenchMark canInterrupt=false intercept=true
02-21 11:53:02.838   566   566 V NotificationService: pkg=com.antutu.ABenchMark canInterrupt=false intercept=true
02-21 11:53:02.862   566   566 V NotificationService: pkg=com.antutu.ABenchMark canInterrupt=false intercept=true
02-21 11:53:07.647   566   566 V NotificationService: pkg=com.antutu.ABenchMark canInterrupt=false intercept=true
02-21 11:53:07.690   566   566 V NotificationService: pkg=com.antutu.ABenchMark canInterrupt=false intercept=true
02-21 11:53:17.714   566   566 V NotificationService: pkg=com.antutu.ABenchMark canInterrupt=false intercept=true
02-21 11:53:17.798   566   566 V NotificationService: pkg=com.antutu.ABenchMark canInterrupt=false intercept=true
02-21 11:53:27.814   566   566 V NotificationService: pkg=com.antutu.ABenchMark canInterrupt=false intercept=true
02-21 11:53:27.879   566   566 V NotificationService: pkg=com.antutu.ABenchMark canInterrupt=false intercept=true
02-21 11:53:37.907   566   566 V NotificationService: pkg=com.antutu.ABenchMark canInterrupt=false intercept=true
02-21 11:53:37.962   566   566 V NotificationService: pkg=com.antutu.ABenchMark canInterrupt=false intercept=true
02-21 11:53:48.020   566   566 V NotificationService: pkg=com.antutu.ABenchMark canInterrupt=false intercept=true
02-21 11:53:48.025   566   566 V NotificationService: pkg=com.antutu.ABenchMark canInterrupt=false intercept=true
02-21 11:53:58.044   566   566 V NotificationService: pkg=com.antutu.ABenchMark canInterrupt=false intercept=true
02-21 11:53:58.089   566   566 V NotificationService: pkg=com.antutu.ABenchMark canInterrupt=false intercept=true
02-21 11:54:08.088   566   566 V NotificationService: pkg=com.antutu.ABenchMark canInterrupt=false intercept=true
02-21 11:54:08.145   566   566 V NotificationService: pkg=com.antutu.ABenchMark canInterrupt=false intercept=true
02-21 11:54:18.179   566   566 V NotificationService: pkg=com.antutu.ABenchMark canInterrupt=false intercept=true
02-21 11:54:18.248   566   566 V NotificationService: pkg=com.antutu.ABenchMark canInterrupt=false intercept=true
02-21 11:54:28.256   566   566 V NotificationService: pkg=com.antutu.ABenchMark canInterrupt=false intercept=true
02-21 11:54:28.289   566   566 V NotificationService: pkg=com.antutu.ABenchMark canInterrupt=false intercept=true
02-21 11:54:38.327   566   566 V NotificationService: pkg=com.antutu.ABenchMark canInterrupt=false intercept=true
02-21 11:54:38.410   566   566 V NotificationService: pkg=com.antutu.ABenchMark canInterrupt=false intercept=true
02-21 11:54:48.416   566   566 V NotificationService: pkg=com.antutu.ABenchMark canInterrupt=false intercept=true
02-21 11:54:48.462   566   566 V NotificationService: pkg=com.antutu.ABenchMark canInterrupt=false intercept=true
02-21 11:54:58.490   566   566 V NotificationService: pkg=com.antutu.ABenchMark canInterrupt=false intercept=true
02-21 11:54:58.549   566   566 V NotificationService: pkg=com.antutu.ABenchMark canInterrupt=false intercept=true
02-21 11:55:08.567   566   566 V NotificationService: pkg=com.antutu.ABenchMark canInterrupt=false intercept=true
02-21 11:55:08.628   566   566 V NotificationService: pkg=com.antutu.ABenchMark canInterrupt=false intercept=true
02-21 11:55:18.650   566   566 V NotificationService: pkg=com.antutu.ABenchMark canInterrupt=false intercept=true
02-21 11:55:18.715   566   566 V NotificationService: pkg=com.antutu.ABenchMark canInterrupt=false intercept=true
02-21 11:55:28.747   566   566 V NotificationService: pkg=com.antutu.ABenchMark canInterrupt=false intercept=true
02-21 11:55:28.843   566   566 V NotificationService: pkg=com.antutu.ABenchMark canInterrupt=false intercept=true
02-21 11:55:38.887   566   566 V NotificationService: pkg=com.antutu.ABenchMark canInterrupt=false intercept=true
02-21 11:55:38.967   566   566 V NotificationService: pkg=com.antutu.ABenchMark canInterrupt=false intercept=true
02-21 11:55:48.993   566   566 V NotificationService: pkg=com.antutu.ABenchMark canInterrupt=false intercept=true
02-21 11:55:49.063   566   566 V NotificationService: pkg=com.antutu.ABenchMark canInterrupt=false intercept=true
02-21 11:55:59.099   566   566 V NotificationService: pkg=com.antutu.ABenchMark canInterrupt=false intercept=true
02-21 11:55:59.161   566   566 V NotificationService: pkg=com.antutu.ABenchMark canInterrupt=false intercept=true
02-21 11:56:09.175   566   566 V NotificationService: pkg=com.antutu.ABenchMark canInterrupt=false intercept=true
02-21 11:56:09.232   566   566 V NotificationService: pkg=com.antutu.ABenchMark canInterrupt=false intercept=true
02-21 11:56:19.250   566   566 V NotificationService: pkg=com.antutu.ABenchMark canInterrupt=false intercept=true
02-21 11:56:19.300   566   566 V NotificationService: pkg=com.antutu.ABenchMark canInterrupt=false intercept=true
02-21 11:56:29.311   566   566 V NotificationService: pkg=com.antutu.ABenchMark canInterrupt=false intercept=true
02-21 11:56:29.351   566   566 V NotificationService: pkg=com.antutu.ABenchMark canInterrupt=false intercept=true
02-21 11:56:39.374   566   566 V NotificationService: pkg=com.antutu.ABenchMark canInterrupt=false intercept=true
02-21 11:56:39.413   566   566 V NotificationService: pkg=com.antutu.ABenchMark canInterrupt=false intercept=true
02-21 11:56:49.439   566   566 V NotificationService: pkg=com.antutu.ABenchMark canInterrupt=false intercept=true
02-21 11:56:49.506   566   566 V NotificationService: pkg=com.antutu.ABenchMark canInterrupt=false intercept=true
02-21 11:56:59.516   566   566 V NotificationService: pkg=com.antutu.ABenchMark canInterrupt=false intercept=true
02-21 11:56:59.554   566   566 V NotificationService: pkg=com.antutu.ABenchMark canInterrupt=false intercept=true
02-21 11:57:09.575   566   566 V NotificationService: pkg=com.antutu.ABenchMark canInterrupt=false intercept=true
02-21 11:57:09.632   566   566 V NotificationService: pkg=com.antutu.ABenchMark canInterrupt=false intercept=true
02-21 11:57:19.648   566   566 V NotificationService: pkg=com.antutu.ABenchMark canInterrupt=false intercept=true
02-21 11:57:19.685   566   566 V NotificationService: pkg=com.antutu.ABenchMark canInterrupt=false intercept=true
02-21 11:57:29.715   566   566 V NotificationService: pkg=com.antutu.ABenchMark canInterrupt=false intercept=true
02-21 11:57:29.756   566   566 V NotificationService: pkg=com.antutu.ABenchMark canInterrupt=false intercept=true
02-21 11:57:39.778   566   566 V NotificationService: pkg=com.antutu.ABenchMark canInterrupt=false intercept=true
02-21 11:57:39.829   566   566 V NotificationService: pkg=com.antutu.ABenchMark canInterrupt=false intercept=true
02-21 11:57:49.883   566   566 V NotificationService: pkg=com.antutu.ABenchMark canInterrupt=false intercept=true
02-21 11:57:49.949   566   566 V NotificationService: pkg=com.antutu.ABenchMark canInterrupt=false intercept=true
02-21 11:57:59.969   566   566 V NotificationService: pkg=com.antutu.ABenchMark canInterrupt=false intercept=true
02-21 11:58:00.006   566   566 V NotificationService: pkg=com.antutu.ABenchMark canInterrupt=false intercept=true
02-21 11:58:10.022   566   566 V NotificationService: pkg=com.antutu.ABenchMark canInterrupt=false intercept=true
02-21 11:58:10.085   566   566 V NotificationService: pkg=com.antutu.ABenchMark canInterrupt=false intercept=true
02-21 11:58:20.168   566   566 V NotificationService: pkg=com.antutu.ABenchMark canInterrupt=false intercept=true
02-21 11:58:20.178   566   566 V NotificationService: pkg=com.antutu.ABenchMark canInterrupt=false intercept=true
02-21 11:58:30.165   566   566 V NotificationService: pkg=com.antutu.ABenchMark canInterrupt=false intercept=true
02-21 11:58:30.206   566   566 V NotificationService: pkg=com.antutu.ABenchMark canInterrupt=false intercept=true
02-21 11:58:40.226   566   566 V NotificationService: pkg=com.antutu.ABenchMark canInterrupt=false intercept=true
02-21 11:58:40.250   566   566 V NotificationService: pkg=com.antutu.ABenchMark canInterrupt=false intercept=true
02-21 11:58:50.266   566   566 V NotificationService: pkg=com.antutu.ABenchMark canInterrupt=false intercept=true
02-21 11:58:50.321   566   566 V NotificationService: pkg=com.antutu.ABenchMark canInterrupt=false intercept=true
02-21 11:59:00.333   566   566 V NotificationService: pkg=com.antutu.ABenchMark canInterrupt=false intercept=true
02-21 11:59:00.384   566   566 V NotificationService: pkg=com.antutu.ABenchMark canInterrupt=false intercept=true
02-21 11:59:10.396   566   566 V NotificationService: pkg=com.antutu.ABenchMark canInterrupt=false intercept=true
02-21 11:59:10.575   566   566 V NotificationService: pkg=com.antutu.ABenchMark canInterrupt=false intercept=true
02-21 11:59:20.606   566   566 V NotificationService: pkg=com.antutu.ABenchMark canInterrupt=false intercept=true
02-21 11:59:20.667   566   566 V NotificationService: pkg=com.antutu.ABenchMark canInterrupt=false intercept=true
02-21 11:59:30.687   566   566 V NotificationService: pkg=com.antutu.ABenchMark canInterrupt=false intercept=true
02-21 11:59:30.746   566   566 V NotificationService: pkg=com.antutu.ABenchMark canInterrupt=false intercept=true
02-21 11:59:40.777   566   566 V NotificationService: pkg=com.antutu.ABenchMark canInterrupt=false intercept=true
02-21 11:59:40.835   566   566 V NotificationService: pkg=com.antutu.ABenchMark canInterrupt=false intercept=true
02-21 11:59:50.885   566   566 V NotificationService: pkg=com.antutu.ABenchMark canInterrupt=false intercept=true
02-21 11:59:50.948   566   566 V NotificationService: pkg=com.antutu.ABenchMark canInterrupt=false intercept=true
02-21 12:00:00.964   566   566 V NotificationService: pkg=com.antutu.ABenchMark canInterrupt=false intercept=true
02-21 12:00:01.004   566   566 V NotificationService: pkg=com.antutu.ABenchMark canInterrupt=false intercept=true
02-21 12:00:11.035   566   566 V NotificationService: pkg=com.antutu.ABenchMark canInterrupt=false intercept=true
02-21 12:00:11.104   566   566 V NotificationService: pkg=com.antutu.ABenchMark canInterrupt=false intercept=true
02-21 12:00:21.100   566   566 V NotificationService: pkg=com.antutu.ABenchMark canInterrupt=false intercept=true
02-21 12:00:21.143   566   566 V NotificationService: pkg=com.antutu.ABenchMark canInterrupt=false intercept=true
02-21 12:00:31.207   566   566 V NotificationService: pkg=com.antutu.ABenchMark canInterrupt=false intercept=true
02-21 12:00:31.218   566   566 V NotificationService: pkg=com.antutu.ABenchMark canInterrupt=false intercept=true
02-21 12:00:41.218   566   566 V NotificationService: pkg=com.antutu.ABenchMark canInterrupt=false intercept=true
02-21 12:00:41.269   566   566 V NotificationService: pkg=com.antutu.ABenchMark canInterrupt=false intercept=true
02-21 12:00:51.323   566   566 V NotificationService: pkg=com.antutu.ABenchMark canInterrupt=false intercept=true
02-21 12:00:51.340   566   566 V NotificationService: pkg=com.antutu.ABenchMark canInterrupt=false intercept=true
02-21 12:01:01.362   566   566 V NotificationService: pkg=com.antutu.ABenchMark canInterrupt=false intercept=true
02-21 12:01:01.440   566   566 V NotificationService: pkg=com.antutu.ABenchMark canInterrupt=false intercept=true
02-21 12:01:11.485   566   566 V NotificationService: pkg=com.antutu.ABenchMark canInterrupt=false intercept=true
02-21 12:01:11.522   566   566 V NotificationService: pkg=com.antutu.ABenchMark canInterrupt=false intercept=true
02-21 12:01:21.541   566   566 V NotificationService: pkg=com.antutu.ABenchMark canInterrupt=false intercept=true
02-21 12:01:21.567   566   566 V NotificationService: pkg=com.antutu.ABenchMark canInterrupt=false intercept=true
02-21 12:01:31.585   566   566 V NotificationService: pkg=com.antutu.ABenchMark canInterrupt=false intercept=true
02-21 12:01:31.630   566   566 V NotificationService: pkg=com.antutu.ABenchMark canInterrupt=false intercept=true
02-21 12:01:41.645   566   566 V NotificationService: pkg=com.antutu.ABenchMark canInterrupt=false intercept=true
02-21 12:01:41.683   566   566 V NotificationService: pkg=com.antutu.ABenchMark canInterrupt=false intercept=true
02-21 12:01:51.701   566   566 V NotificationService: pkg=com.antutu.ABenchMark canInterrupt=false intercept=true
02-21 12:01:51.757   566   566 V NotificationService: pkg=com.antutu.ABenchMark canInterrupt=false intercept=true
02-21 12:02:01.783   566   566 V NotificationService: pkg=com.antutu.ABenchMark canInterrupt=false intercept=true
02-21 12:02:01.816   566   566 V NotificationService: pkg=com.antutu.ABenchMark canInterrupt=false intercept=true
02-21 12:02:11.829   566   566 V NotificationService: pkg=com.antutu.ABenchMark canInterrupt=false intercept=true
02-21 12:02:11.878   566   566 V NotificationService: pkg=com.antutu.ABenchMark canInterrupt=false intercept=true
02-21 12:02:21.907   566   566 V NotificationService: pkg=com.antutu.ABenchMark canInterrupt=false intercept=true
02-21 12:02:22.003   566   566 V NotificationService: pkg=com.antutu.ABenchMark canInterrupt=false intercept=true
02-21 12:02:32.004   566   566 V NotificationService: pkg=com.antutu.ABenchMark canInterrupt=false intercept=true
02-21 12:02:32.067   566   566 V NotificationService: pkg=com.antutu.ABenchMark canInterrupt=false intercept=true
02-21 12:02:42.085   566   566 V NotificationService: pkg=com.antutu.ABenchMark canInterrupt=false intercept=true
02-21 12:02:42.128   566   566 V NotificationService: pkg=com.antutu.ABenchMark canInterrupt=false intercept=true
02-21 12:02:52.186   566   566 V NotificationService: pkg=com.antutu.ABenchMark canInterrupt=false intercept=true
02-21 12:02:52.206   566   566 V NotificationService: pkg=com.antutu.ABenchMark canInterrupt=false intercept=true
02-21 12:03:00.011   566   580 I ProcessStatsService: Prepared write state in 9ms
02-21 12:03:02.202   566   566 V NotificationService: pkg=com.antutu.ABenchMark canInterrupt=false intercept=true
02-21 12:03:02.250   566   566 V NotificationService: pkg=com.antutu.ABenchMark canInterrupt=false intercept=true
02-21 12:03:12.266   566   566 V NotificationService: pkg=com.antutu.ABenchMark canInterrupt=false intercept=true
02-21 12:03:12.302   566   566 V NotificationService: pkg=com.antutu.ABenchMark canInterrupt=false intercept=true
--------- beginning of main
02-21 12:03:22.458   566   580 W art     : Long monitor contention with owner ranker (641) at void com.android.server.notification.NotificationManagerService.handleRankingReconsideration(android.os.Message)(NotificationManagerService.java:3076) waiters=0 in boolean com.android.server.notification.NotificationManagerService$NotificationListeners.isListenerPackage(java.lang.String) for 113ms
02-21 12:03:22.469   566   566 V NotificationService: pkg=com.antutu.ABenchMark canInterrupt=false intercept=true
02-21 12:03:22.485   566   566 V NotificationService: pkg=com.antutu.ABenchMark canInterrupt=false intercept=true
02-21 12:03:22.809   566   642 D NotificationSQLiteLog: Pruned event entries: 1067
02-21 12:03:25.008   174   444 I chatty  : uid=0(root) JobThread expire 10 lines
02-21 12:03:25.008   198  2426 E [96417.214] [35;1mAmp1@@[MODULE_GENERIC:Widevine_GetHDCPCapability():3174]:[0m : Widevine_GetHDCPCapability, curhdcp: 0x1, maximum: 0x4, rel 0x0
02-21 12:03:25.793   632   659 I chatty  : uid=0(root) TIMER_E expire 26 lines
02-21 12:03:32.002   198  2601 E [96424.208] [35;1mAmp1@@[MODULE_GENERIC:Widevine_GetHDCPCapability():3174]:[0m : Widevine_GetHDCPCapability, curhdcp: 0x1, maximum: 0x4, rel 0x0
02-21 12:03:32.259   174 30816 I chatty  : uid=0(root) AMPFW_Processor expire 42 lines
02-21 12:03:32.393   566   566 V NotificationService: pkg=com.antutu.ABenchMark canInterrupt=false intercept=true
02-21 12:03:32.449   566   566 V NotificationService: pkg=com.antutu.ABenchMark canInterrupt=false intercept=true
02-21 12:03:33.821 27947 30759 I chatty  : uid=1000(system) com.ifeelsmart.smartui expire 29 lines
02-21 12:03:34.951 27947 28164 I chatty  : uid=1000(system) com.ifeelsmart.smartui expire 4 lines
02-21 12:03:37.451   174   345 I chatty  : uid=0(root) DISP_Status_Mon expire 12 lines
02-21 12:03:37.565 14817 14995 I chatty  : uid=10032(com.netflix.ninja) DNS_MANAGER expire 67 lines
02-21 12:03:37.877 14817 14984 I chatty  : uid=10032(com.netflix.ninja) Thread-21129 expire 38 lines
02-21 12:03:38.796  1140  2837 D OTAManager: Check NetworkState
02-21 12:03:39.004   198  2507 E [96431.210] [35;1mAmp1@@[MODULE_GENERIC:Widevine_GetHDCPCapability():3174]:[0m : Widevine_GetHDCPCapability, curhdcp: 0x1, maximum: 0x4, rel 0x0
02-21 12:03:39.206 27192 27260 I tnet-jni: 846 - [spdyPingRecvCallback] - 
02-21 12:03:39.206 27192 27260 I tnet-jni: 846 - [SpdySessionCallBack.spdyPingRecvCallback] - org.android.spdy.SpdySession@a0e764c
02-21 12:03:40.350 27947 27947 I chatty  : uid=1000(system) com.ifeelsmart.smartui expire 10 lines
02-21 12:03:41.389  5440  5613 D com.lge.tr069c.admindm.inform.ScheduleInform: == BroadcastReceiver TASK ==
02-21 12:03:42.466   566   566 V NotificationService: pkg=com.antutu.ABenchMark canInterrupt=false intercept=true
02-21 12:03:42.518   566   566 V NotificationService: pkg=com.antutu.ABenchMark canInterrupt=false intercept=true
02-21 12:03:43.022 14817 23124 I chatty  : uid=10032(com.netflix.ninja) Thread-21128 expire 28 lines
02-21 12:03:46.002   198 30333 E [96438.208] [35;1mAmp1@@[MODULE_GENERIC:Widevine_GetHDCPCapability():3174]:[0m : Widevine_GetHDCPCapability, curhdcp: 0x1, maximum: 0x4, rel 0x0
02-21 12:03:50.059  5468  5628 I chromium: [5468:5628:INFO:ssdp_device.c(101)] SSDP packets sent for 46 seconds = 6
02-21 12:03:52.561   566   566 V NotificationService: pkg=com.antutu.ABenchMark canInterrupt=false intercept=true
02-21 12:03:52.628   566   566 V NotificationService: pkg=com.antutu.ABenchMark canInterrupt=false intercept=true
02-21 12:03:53.002   198 30339 E [96445.208] [35;1mAmp1@@[MODULE_GENERIC:Widevine_GetHDCPCapability():3174]:[0m : Widevine_GetHDCPCapability, curhdcp: 0x1, maximum: 0x4, rel 0x0
02-21 12:03:53.261   174 30816 I chatty  : uid=0(root) AMPFW_Processor expire 30 lines
02-21 12:03:53.976 27947 30759 I chatty  : uid=1000(system) com.ifeelsmart.smartui expire 23 lines
02-21 12:03:55.792   632   659 I chatty  : uid=0(root) TIMER_E expire 26 lines
02-21 12:04:00.003   198  2601 E [96452.209] [35;1mAmp1@@[MODULE_GENERIC:Widevine_GetHDCPCapability():3174]:[0m : Widevine_GetHDCPCapability, curhdcp: 0x1, maximum: 0x4, rel 0x0
02-21 12:04:00.055 14817 14984 I chatty  : uid=10032(com.netflix.ninja) Thread-21129 expire 22 lines
02-21 12:04:00.603 27947 27947 I chatty  : uid=1000(system) com.ifeelsmart.smartui expire 18 lines
02-21 12:04:01.945  5468  5574 I chromium: [5468:5574:INFO:mdns_app_filter.cc(2437)] MdnsAppFilter: responses sent in 102 seconds: 3
02-21 12:04:02.639   566   566 V NotificationService: pkg=com.antutu.ABenchMark canInterrupt=false intercept=true
02-21 12:04:02.681   566   566 V NotificationService: pkg=com.antutu.ABenchMark canInterrupt=false intercept=true
02-21 12:04:07.021   198  2507 E [96459.227] [35;1mAmp1@@[MODULE_GENERIC:Widevine_GetHDCPCapability():3174]:[0m : Widevine_GetHDCPCapability, curhdcp: 0x1, maximum: 0x4, rel 0x0
02-21 12:04:08.207   174   360 I chatty  : uid=0(root) dmx_main_task expire 10 lines
02-21 12:04:08.262   174 30816 I chatty  : uid=0(root) AMPFW_Processor expire 50 lines
02-21 12:04:08.426  5440  5503 D com.lge.tr069c.model.device.deviceInfo.MemoryStatusImp: - refresh : Memory Status -
02-21 12:04:08.797  1140  2837 D OTAManager: Check NetworkState
02-21 12:04:09.068 27947 30759 I chatty  : uid=1000(system) com.ifeelsmart.smartui expire 23 lines
02-21 12:04:09.886  5468  5468 I chromium: [5468:5468:INFO:metrics_recorder.cc(89)] Metrics stat: total=3
02-21 12:04:09.886  5468  5468 I chromium: Cast.Discovery.Mdns.Query.Cast.Count=1
02-21 12:04:09.886  5468  5468 I chromium: Cast.Discovery.Mdns.Request.In=5
02-21 12:04:09.886  5468  5468 I chromium: Cast.Discovery.Mdns.Response.Out=5
02-21 12:04:11.029 14817 14995 I chatty  : uid=10032(com.netflix.ninja) DNS_MANAGER expire 66 lines
02-21 12:04:11.389  5440  5613 D com.lge.tr069c.admindm.inform.ScheduleInform: == BroadcastReceiver TASK ==
02-21 12:04:11.848  5468  5574 I chromium: [5468:5574:INFO:mdns_app_filter.cc(2630)] Mdns cast queries recently sent: queries=3
02-21 12:04:12.698   566   566 V NotificationService: pkg=com.antutu.ABenchMark canInterrupt=false intercept=true
02-21 12:04:12.738   566   566 V NotificationService: pkg=com.antutu.ABenchMark canInterrupt=false intercept=true
02-21 12:04:14.017   198 30333 E [96466.223] [35;1mAmp1@@[MODULE_GENERIC:Widevine_GetHDCPCapability():3174]:[0m : Widevine_GetHDCPCapability, curhdcp: 0x1, maximum: 0x4, rel 0x0
02-21 12:04:14.074  5468  5579 I chromium: [5468:5579:INFO:wifi_proximity.cc(209)] Request scan.
02-21 12:04:17.451   174   345 I chatty  : uid=0(root) DISP_Status_Mon expire 11 lines
02-21 12:04:21.019   198  2602 E [96473.225] [35;1mAmp1@@[MODULE_GENERIC:Widevine_GetHDCPCapability():3174]:[0m : Widevine_GetHDCPCapability, curhdcp: 0x1, maximum: 0x4, rel 0x0
02-21 12:04:21.680  5468  5628 I chromium: [5468:5628:INFO:ssdp_device.c(101)] SSDP packets sent for 31 seconds = 9
02-21 12:04:22.179 14817 14984 I chatty  : uid=10032(com.netflix.ninja) Thread-21129 expire 11 lines
02-21 12:04:22.746   566   566 V NotificationService: pkg=com.antutu.ABenchMark canInterrupt=false intercept=true
02-21 12:04:22.807   566   566 V NotificationService: pkg=com.antutu.ABenchMark canInterrupt=false intercept=true
02-21 12:04:24.118 27947 30759 I chatty  : uid=1000(system) com.ifeelsmart.smartui expire 22 lines
02-21 12:04:25.793   632   659 I chatty  : uid=0(root) TIMER_E expire 26 lines
02-21 12:04:28.003   174   442 I chatty  : uid=0(root) JobThread expire 10 lines
02-21 12:04:28.005   198 30332 E [96480.211] [35;1mAmp1@@[MODULE_GENERIC:Widevine_GetHDCPCapability():3174]:[0m : Widevine_GetHDCPCapability, curhdcp: 0x1, maximum: 0x4, rel 0x0
02-21 12:04:32.808   566   566 V NotificationService: pkg=com.antutu.ABenchMark canInterrupt=false intercept=true
02-21 12:04:32.856  1667  1678 W art     : Suspending all threads took: 5.721ms
02-21 12:04:32.878  1667  1678 I art     : Background sticky concurrent mark sweep GC freed 28976(2MB) AllocSpace objects, 17(340KB) LOS objects, 37% free, 4MB/6MB, paused 8.149ms total 37.940ms
02-21 12:04:32.880   566   566 V NotificationService: pkg=com.antutu.ABenchMark canInterrupt=false intercept=true
02-21 12:04:33.257 14817 14984 I chatty  : uid=10032(com.netflix.ninja) Thread-21129 expire 301 lines
02-21 12:04:33.263   174 30816 I chatty  : uid=0(root) AMPFW_Processor expire 23 lines
02-21 12:04:35.019   198 30330 E [96487.225] [35;1mAmp1@@[MODULE_GENERIC:Widevine_GetHDCPCapability():3174]:[0m : Widevine_GetHDCPCapability, curhdcp: 0x1, maximum: 0x4, rel 0x0
02-21 12:04:36.509 27947 27947 I chatty  : uid=1000(system) com.ifeelsmart.smartui expire 10 lines
02-21 12:04:37.453   174   345 I chatty  : uid=0(root) DISP_Status_Mon expire 13 lines
02-21 12:04:38.797  1140  2837 D OTAManager: Check NetworkState
02-21 12:04:39.327 27947 30759 I chatty  : uid=1000(system) com.ifeelsmart.smartui expire 38 lines
02-21 12:04:41.390  5440  5613 D com.lge.tr069c.admindm.inform.ScheduleInform: == BroadcastReceiver TASK ==
02-21 12:04:42.021   198   266 E [96494.226] [35;1mAmp1@@[MODULE_GENERIC:Widevine_GetHDCPCapability():3174]:[0m : Widevine_GetHDCPCapability, curhdcp: 0x1, maximum: 0x4, rel 0x0
02-21 12:04:42.906   566   566 V NotificationService: pkg=com.antutu.ABenchMark canInterrupt=false intercept=true
02-21 12:04:42.940  1667  1678 I art     : Background sticky concurrent mark sweep GC freed 33609(2MB) AllocSpace objects, 5(100KB) LOS objects, 34% free, 4MB/6MB, paused 7.334ms total 39.790ms
02-21 12:04:42.969   566   566 V NotificationService: pkg=com.antutu.ABenchMark canInterrupt=false intercept=true
02-21 12:04:43.275 14817 24134 I chatty  : uid=10032(com.netflix.ninja) Thread-21127 expire 99 lines
02-21 12:04:43.276 14817 23124 I chatty  : uid=10032(com.netflix.ninja) Thread-21128 expire 126 lines
02-21 12:04:43.396   198 30333 E WVCdm   : Skipping submission. Submission has time travelled.Start=1550743483385033 End=1550743483396646 Tail=1550743483388637. Should be Tail<=Start<=End.
02-21 12:04:43.430   198  2426 E WVCdm   : Skipping submission. Submission has time travelled.Start=1550743483418914 End=1550743483430246 Tail=1550743483428656. Should be Tail<=Start<=End.
02-21 12:04:43.483   198 30330 E WVCdm   : Skipping submission. Submission has time travelled.Start=1550743483472015 End=1550743483483752 Tail=1550743483482806. Should be Tail<=Start<=End.
